I/TrafficMonitor( 1255): start expired. level:-1
I/TrafficMonitor( 1255): gettimer:interval=5000
I/NetworkSpeedManagerEx( 2167): mIsStop = false
D/NetworkSpeedManagerEx( 2167): doInBackground
D/NetworkSpeedManagerEx( 2167): onPostExecute
I/NetworkSpeedManagerEx( 2167):  value = 0.0
I/NetworkSpeedManagerEx( 2167): speed = 0K/s
I/NetworkSpeedView( 2167): /update(), speed=0K/s
W/View    ( 2167): requestLayout() improperly called by com.android.systemui.statusbar.phone.IconMerger{4f553c V.E...... ......I. 0,0-54,72 #7f1000c3 app:id/notificationIcons} during layout: running second layout pass
I/MSM-irqbalance(  517): Decided to move IRQ178 from CPU4 to CPU5
D/HwBatteryService( 1255): onUEvent fcp_values = 0
D/PowerUI ( 2167): level:93-->93 status:2-->2 plugType:2-->2 invalidCharger:0-->0 bucket:1-->1 plugged:true-->true
D/HwPowerMonitor.Utils( 3567): ScrOff setChargingState mIsCharging = true
D/HwGpsPowerTracker( 1255): ACTION_BATTERY_CHANGED pluggedType: 2
I/HwPowerMonitor.PowerExceptionObservable( 3567): unhandled onEvent actionID: 3002
D/WifiService( 1255): onReceive, action:android.intent.action.BATTERY_CHANGED
D/WifiService( 1255): ACTION_BATTERY_CHANGED pluggedType: 2
W/HwPowerMonitor.DayActObserver( 3567): mModemLogStatsTimes = 0, ModemLogState = 0
W/HwPowerMonitor.DayActObserver( 3567): BAT_CHANGED, mIsScrnOffBatStatsEnabled = true, mIsCharging = true, mIsScrnOfBatDropMonitorStart = false
E/TempMonitor.TempLogCollector( 9858): getTempInfo error: null, 0
E/TempMonitor.TempLogCollector( 9858): getTempInfo error: null, 0
E/TempMonitor.TempLogCollector( 9858): getTempInfo error: null, 0
E/TempMonitor.TempLogCollector( 9858): getTempInfo error: null, 0
E/TempMonitor.TempLogCollector( 9858): getTempInfo error: null, 0
E/TempMonitor.TempLogCollector( 9858): getTempInfo error: null, 0
E/TempMonitor.TempLogCollector( 9858): getTempInfo error: null, 0
E/TempMonitor.TempLogCollector( 9858): getTempInfo error: null, 0
E/TempMonitor.TempLogCollector( 9858): getTempInfo error: null, 0
E/TempMonitor.TempLogCollector( 9858): getTempInfo error: null, 0
W/View    ( 2167): requestLayout() improperly called by com.android.systemui.statusbar.phone.IconMerger{4f553c V.E...... ........ 0,0-54,72 #7f1000c3 app:id/notificationIcons} during second layout pass: posting in next frame
E/HwPowerMonitor.Utils( 3567): ERROR reading null
E/HwPowerMonitor.Utils( 3567): ERROR reading null
E/HwPowerMonitor.Utils( 3567): ERROR reading null
I/System.out( 7378): Crash report failure: empty
D/WifiHW  ( 1255): wifi_send_command: cmd:'IFNAME=wlan0 SIGNAL_POLL'
D/wpa_supplicant( 2050): wlan0: Control interface command 'SIGNAL_POLL'
E/wpa_supplicant( 2050): RSSI=-45;LINKSPEED=72;NOISE=9999;FREQUENCY=2462;
D/wpa_supplicant( 2050): CTRL-DEBUG: global_ctrl_sock-sendto: sock=16 sndbuf=212992 outq=0 send_len=48
E/WifiConfigStore( 1255): updateConfiguration freq=2462 BSSID=c8:3a:35:12:cf:e8 RSSI=-45 "ccc"WPA_PSK
D/WifiHW  ( 1255): wifi_send_command: cmd:'IFNAME=wlan0 SIGNAL_POLL'
D/wpa_supplicant( 2050): wlan0: Control interface command 'SIGNAL_POLL'
E/wpa_supplicant( 2050): RSSI=-46;LINKSPEED=72;NOISE=9999;FREQUENCY=2462;
D/wpa_supplicant( 2050): CTRL-DEBUG: global_ctrl_sock-sendto: sock=16 sndbuf=212992 outq=0 send_len=48
E/WifiConfigStore( 1255): updateConfiguration freq=2462 BSSID=c8:3a:35:12:cf:e8 RSSI=-45 "ccc"WPA_PSK
D/WifiHW  ( 1255): wifi_send_command: cmd:'IFNAME=wlan0 PKTCNT_POLL'
D/wpa_supplicant( 2050): wlan0: Control interface command 'PKTCNT_POLL'
D/wpa_supplicant( 2050): CTRL-DEBUG: global_ctrl_sock-sendto: sock=16 sndbuf=212992 outq=0 send_len=29
D/HuaweiWifiWatchdogStateMachine( 1255): LM mrssi=-46
I/HuaweiWifiWatchdogStateMachine( 1255): spd good count:0, add sc:0.0, rate:1.0
D/HuaweiWifiWatchdogStateMachine( 1255): high data flow: protection_counter = 0,  not_detect_counter = 17
D/HuaweiWifiWatchdogStateMachine( 1255): high data flow scenario: 0 --> 0 rx bytes =1KB
I/HuaweiWifiWatchdogStateMachine( 1255): current mHighDataFlowRate = 1.0
I/HuaweiWifiWatchdogStateMachine( 1255): not any pkt, ignore this period chk result.
I/NetworkSpeedManagerEx( 2167): mIsStop = false
D/NetworkSpeedManagerEx( 2167): doInBackground
D/NetworkSpeedManagerEx( 2167): onPostExecute
I/NetworkSpeedManagerEx( 2167):  value = 37.0
I/NetworkSpeedManagerEx( 2167): speed = 37B/s
I/NetworkSpeedView( 2167): /update(), speed=37B/s
W/View    ( 2167): requestLayout() improperly called by com.android.systemui.statusbar.phone.IconMerger{4f553c V.E...... ......I. 0,0-54,72 #7f1000c3 app:id/notificationIcons} during layout: running second layout pass
D/StubTelephonyRegistry( 1255): uid:10107 pid:7378 PhoneStateListener.LISTEN_CELL_LOCATION:16 events:0
I/HwMtmBroadcastResourceManager( 1255): removeReceiver mtm Broadcast
D/WifiService( 1255): startScan, pid:7378, uid:10107
D/WifiHW  ( 1255): wifi_send_command: cmd:'IFNAME=wlan0 SCAN TYPE=ONLY'
D/wpa_supplicant( 2050): wlan0: Control interface command 'SCAN TYPE=ONLY'
D/wpa_supplicant( 2050): wlan0: Setting scan request: 0.000000 sec
D/wpa_supplicant( 2050): CTRL-DEBUG: global_ctrl_sock-sendto: sock=16 sndbuf=212992 outq=0 send_len=3
D/wpa_supplicant( 2050): wlan0: Starting AP scan for wildcard SSID
D/wpa_supplicant( 2050): wlan0: Add radio work 'scan'@0x557e40ab50
D/wpa_supplicant( 2050): wlan0: First radio work item in the queue - schedule start immediately
D/wpa_supplicant( 2050): wlan0: Starting radio work 'scan'@0x557e40ab50 after 0.000063 second wait
D/wpa_supplicant( 2050): wlan0: nl80211: scan request
D/wpa_supplicant( 2050): Scan requested (ret=0) - scan timeout 30 seconds
D/wpa_supplicant( 2050): nl80211: Drv Event 33 (NL80211_CMD_TRIGGER_SCAN) received for wlan0
D/wpa_supplicant( 2050): wlan0: nl80211: Scan trigger
D/wpa_supplicant( 2050): wlan0: Event SCAN_STARTED (47) received
D/wpa_supplicant( 2050): wlan0: Own scan request started a scan in 0.000168 seconds
D/wpa_supplicant( 2050): CTRL-DEBUG: ctrl_sock-sendmsg: sock=16 sndbuf=212992 outq=0 send_len=24
D/HwArpVerifier( 1255): performPollAndLog:
D/hw_netstat( 1255): total/0/274,com.baidu.map.location/0/111,com.sankuai.meituan/0/111,android.uid.system:1000/0/52
D/wpa_supplicant( 2050): nl80211: Drv Event 34 (NL80211_CMD_NEW_SCAN_RESULTS) received for wlan0
D/wpa_supplicant( 2050): wlan0: nl80211: New scan results available
D/wpa_supplicant( 2050): nl80211: Scan included frequencies: 2412 2417 2422 2427 2432 2437 2442 2447 2452 2457 2462 2467 2472
D/wpa_supplicant( 2050): wlan0: Event SCAN_RESULTS (3) received
D/wpa_supplicant( 2050): wlan0: Scan completed in 0.557023 seconds
D/wpa_supplicant( 2050): nl80211: Associated on 2462 MHz
D/wpa_supplicant( 2050): nl80211: Associated with c8:3a:35:12:cf:e8
D/wpa_supplicant( 2050): nl80211: Received scan results (13 BSSes)
D/wpa_supplicant( 2050): nl80211: Scan results indicate BSS status with c8:3a:35:12:cf:e8 as associated
D/wpa_supplicant( 2050): wlan0: BSS: Start scan result update 719
D/wpa_supplicant( 2050): wlan0: BSS: Add new id 1903 BSSID 88:25:93:c9:8b:c3 SSID 'TP-LINK_C98BC3'
D/wpa_supplicant( 2050): CTRL-DEBUG: ctrl_sock-sendmsg: sock=16 sndbuf=212992 outq=0 send_len=43
D/wpa_supplicant( 2050): wlan0: BSS: Remove id 1886 BSSID d4:f9:a1:6c:0e:24 SSID 'CU_9tQc' due to no match in scan
D/wpa_supplicant( 2050): CTRL-DEBUG: ctrl_sock-sendmsg: sock=16 sndbuf=212992 outq=0 send_len=45
D/wpa_supplicant( 2050): wlan0: BSS: Remove id 1890 BSSID e8:bd:d1:c5:f2:dc SSID 'CU_t35U' due to no match in scan
D/wpa_supplicant( 2050): CTRL-DEBUG: ctrl_sock-sendmsg: sock=16 sndbuf=212992 outq=0 send_len=45
D/wpa_supplicant( 2050): wlan0: BSS: Remove id 1891 BSSID a8:57:4e:2d:8f:1e SSID 'TP-LINK_2D8F1E' due to no match in scan
D/wpa_supplicant( 2050): CTRL-DEBUG: ctrl_sock-sendmsg: sock=16 sndbuf=212992 outq=0 send_len=45
D/wpa_supplicant( 2050): BSS: last_scan_res_used=13/32
D/wpa_supplicant( 2050): wlan0: Scan-only results received
D/wpa_supplicant( 2050): CTRL-DEBUG: ctrl_sock-sendmsg: sock=16 sndbuf=212992 outq=0 send_len=24
D/wpa_supplicant( 2050): wlan0: Radio work 'scan'@0x557e40ab50 done in 0.567401 seconds
D/wpa_supplicant( 2050): CTRL-DEBUG: global_ctrl_sock-sendto: sock=16 sndbuf=212992 outq=0 send_len=3953
D/wpa_supplicant( 2050): CTRL-DEBUG: global_ctrl_sock-sendto: sock=16 sndbuf=212992 outq=0 send_len=3880
D/wpa_supplicant( 2050): CTRL-DEBUG: global_ctrl_sock-sendto: sock=16 sndbuf=212992 outq=0 send_len=2685
I/SendBroadcastPermission( 1255): action:android.net.wifi.SCAN_RESULTS, mPermissionType:0
I/ActivityManager( 1255): collectReceiverComponents for intent: Intent { act=android.net.wifi.SCAN_RESULTS flg=0x4000010 (has extras) }, receivers: [ResolveInfo{6e30eff com.android.settings/.wifi.cmcc.ConnectSwitchReceiver m=0x108000 euid=0}]
W/ActivityManager( 1255): getRunningAppProcesses: caller 10107 does not hold REAL_GET_TASKS; limiting output
W/WiFi_PRO_WifiHandover( 1255): notifyGoodApFound, nextId = 2, nextRssi = -59, nextSsid = zhang504, currentSsid = "ccc"
D/WifiHW  ( 1255): wifi_send_command: cmd:'IFNAME=wlan0 SIGNAL_POLL'
D/wpa_supplicant( 2050): wlan0: Control interface command 'SIGNAL_POLL'
E/wpa_supplicant( 2050): RSSI=-46;LINKSPEED=72;NOISE=9999;FREQUENCY=2462;
D/wpa_supplicant( 2050): CTRL-DEBUG: global_ctrl_sock-sendto: sock=16 sndbuf=212992 outq=0 send_len=48
E/WifiConfigStore( 1255): updateConfiguration freq=2462 BSSID=c8:3a:35:12:cf:e8 RSSI=-46 "ccc"WPA_PSK
I/TrafficMonitor( 1255): expired arrive. level:-1
I/TrafficMonitor( 1255): update:rxPkts:0,txPkts:5,rxBytes:0,txBytes:274
I/TrafficMonitor( 1255): start expired. level:-1
I/TrafficMonitor( 1255): gettimer:interval=2000
I/TrafficMonitor( 1255): during_ms:5002,period_ms:2000
I/TrafficMonitor( 1255): count:249,rx_sum:0,tx_sum:5,rxBytes:0,during_ms:5002,rx_speed:0.0,tx_speed:54.77808876449421,rto:0.0
D/HuaweiWifiWatchdogStateMachine( 1255): speed: rxpkt:0, rxSpd:0B/s, txpkt:5, txSpd:54
I/MSM-irqbalance(  517): Decided to move IRQ240 from CPU4 to CPU5
W/ActivityManager( 1255): getRunningAppProcesses: caller 10099 does not hold REAL_GET_TASKS; limiting output
I/NetworkSpeedManagerEx( 2167): mIsStop = false
D/NetworkSpeedManagerEx( 2167): doInBackground
D/NetworkSpeedManagerEx( 2167): onPostExecute
I/NetworkSpeedManagerEx( 2167):  value = 71.666664
I/NetworkSpeedManagerEx( 2167): speed = 72B/s
I/NetworkSpeedView( 2167): /update(), speed=72B/s
W/View    ( 2167): requestLayout() improperly called by com.android.systemui.statusbar.phone.IconMerger{4f553c V.E...... ........ 0,0-54,72 #7f1000c3 app:id/notificationIcons} during second layout pass: posting in next frame
I/TrafficMonitor( 1255): update:rxPkts:0,txPkts:2,rxBytes:0,txBytes:104
I/TrafficMonitor( 1255): start expired. level:-1
I/TrafficMonitor( 1255): gettimer:interval=2000
D/WifiHW  ( 1255): wifi_send_command: cmd:'IFNAME=wlan0 SIGNAL_POLL'
D/wpa_supplicant( 2050): wlan0: Control interface command 'SIGNAL_POLL'
E/wpa_supplicant( 2050): RSSI=-46;LINKSPEED=72;NOISE=9999;FREQUENCY=2462;
D/wpa_supplicant( 2050): CTRL-DEBUG: global_ctrl_sock-sendto: sock=16 sndbuf=212992 outq=0 send_len=48
E/WifiConfigStore( 1255): updateConfiguration freq=2462 BSSID=c8:3a:35:12:cf:e8 RSSI=-46 "ccc"WPA_PSK
I/TrafficMonitor( 1255): update:rxPkts:0,txPkts:0,rxBytes:0,txBytes:0
I/TrafficMonitor( 1255): start expired. level:-1
I/TrafficMonitor( 1255): gettimer:interval=2000
I/NetworkSpeedManagerEx( 2167): mIsStop = false
D/NetworkSpeedManagerEx( 2167): doInBackground
D/NetworkSpeedManagerEx( 2167): onPostExecute
I/NetworkSpeedManagerEx( 2167):  value = 17.333334
I/NetworkSpeedManagerEx( 2167): speed = 17B/s
I/NetworkSpeedView( 2167): /update(), speed=17B/s
I/SocketReaderNew( 2695): SocketReader(390) continue
D/MSF.C.NetConnTag( 2695): MsfCoreSocketReaderNew closeConn readError
D/MSF.C.NetConnTag( 2695): conn is already closed on readError
W/System.err( 2695): java.net.SocketException: Socket is closed
W/System.err( 2695): 	at java.net.Socket.checkOpenAndCreate(Socket.java:718)
W/System.err( 2695): 	at java.net.Socket.getSoTimeout(Socket.java:507)
W/System.err( 2695): 	at com.tencent.qphone.base.util.MsfSocketInputBuffer.isDataAvailable(MsfSocketInputBuffer.java:71)
W/System.err( 2695): 	at com.tencent.mobileqq.msf.core.net.l$b.run(SocketEngine.java:494)
I/SocketReaderNew( 2695): SocketReader(390) wait
D/HwArpVerifier( 1255): performPollAndLog:
D/hw_netstat( 1255): total/0/104,unknown:0/0/104
I/TrafficMonitor( 1255): expired arrive. level:-1
I/TrafficMonitor( 1255): during_ms:2002,period_ms:2000
I/TrafficMonitor( 1255): count:251,rx_sum:0,tx_sum:0,rxBytes:0,during_ms:2002,rx_speed:0.0,tx_speed:0.0,rto:0.0
D/HuaweiWifiWatchdogStateMachine( 1255): speed: rxpkt:0, rxSpd:0B/s, txpkt:0, txSpd:0
I/MSM-irqbalance(  517): Decided to move IRQ131 from CPU7 to CPU5
D/WifiHW  ( 1255): wifi_send_command: cmd:'IFNAME=wlan0 SIGNAL_POLL'
D/wpa_supplicant( 2050): wlan0: Control interface command 'SIGNAL_POLL'
E/wpa_supplicant( 2050): RSSI=-47;LINKSPEED=72;NOISE=9999;FREQUENCY=2462;
D/wpa_supplicant( 2050): CTRL-DEBUG: global_ctrl_sock-sendto: sock=16 sndbuf=212992 outq=0 send_len=48
E/WifiConfigStore( 1255): updateConfiguration freq=2462 BSSID=c8:3a:35:12:cf:e8 RSSI=-46 "ccc"WPA_PSK
D/WifiHW  ( 1255): wifi_send_command: cmd:'IFNAME=wlan0 PKTCNT_POLL'
D/wpa_supplicant( 2050): wlan0: Control interface command 'PKTCNT_POLL'
D/wpa_supplicant( 2050): CTRL-DEBUG: global_ctrl_sock-sendto: sock=16 sndbuf=212992 outq=0 send_len=29
D/HuaweiWifiWatchdogStateMachine( 1255): LM mrssi=-47
I/HuaweiWifiWatchdogStateMachine( 1255): spd good count:0, add sc:0.0, rate:1.0
I/HuaweiWifiWatchdogStateMachine( 1255): current mHighDataFlowRate = 1.0
I/HuaweiWifiWatchdogStateMachine( 1255): POta txb txg rxg:0, 7, 0. Lr =0% Totpkt=7
I/WifiProJNI( 1255): ######### CMD_QUERY_PKTS ########
D/WifiProJNI( 1255): send_cmd_kernel: cmd=1
D/WifiProJNI( 1255): Received kernel message payload: event 0
I/QosMonitor( 1255): postEventFromNative: msg=100,arg1=0,arg2=9
W/WifiProJNI( 1255): poll before: g_monitor_fd =137
I/MQoS    ( 1255): QOS_level:0(0),DataDisable;use level-0
I/MQoS    ( 1255): rtt=560,tcp_tx_pkts=155541,tcp_rx_pkts=344578
D/HuaweiWifiWatchdogStateMachine( 1255): dumpTcpResult: len=9,rtt=560,rttPkt=2,rttWn=61,cgt=0,cgtWn=0
I/HuaweiWifiWatchdogStateMachine( 1255): PTcp RTT:0, rtt pkt=0, tcp_rx=0, tcp_tx=7, tcp_reTran=0, rtRate=0
D/HuaweiWifiWatchdogStateMachine( 1255): mRssiBadCount =0, RSSI not bad.
D/HuaweiWifiWatchdogStateMachine( 1255): detectNetworkAvailable:hw.wifipro.dns_fail_count = 130
D/HuaweiWifiWatchdogStateMachine( 1255): detectNetworkAvailable: tcpTxPkts > 2
I/WifiProHistoryRecordManager( 1255): HomeApSwitchRate totalConnectHours:910, restTimeRate=0.862636
I/WifiProHistoryRecordManager( 1255): HomeApSwitchRate bssid:c8:3a:35:12:cf:e8, rate=0.3
I/HuaweiWifiWatchdogStateMachine( 1255): rs ota tcp lr rttvb bad: false, false, false, false, false; rsth:-75
D/HuaweiWifiWatchdogStateMachine( 1255): GSC:0, GSR:1.0, RSR:1.0, RTH:-75
D/HuaweiWifiWatchdogStateMachine( 1255): bqeLevel = 0 rtt=0,rtt_pkts=0 speed=0
I/HuaweiWifiWatchdogStateMachine( 1255):  pkt chk not bad, reset sc to 0.
D/HuaweiWifiWatchdogStateMachine( 1255): ### mPktChkBadCnt=0
D/WifiHW  ( 1255): wifi_send_command: cmd:'IFNAME=wlan0 SIGNAL_POLL'
D/wpa_supplicant( 2050): wlan0: Control interface command 'SIGNAL_POLL'
E/wpa_supplicant( 2050): RSSI=-48;LINKSPEED=72;NOISE=9999;FREQUENCY=2462;
D/wpa_supplicant( 2050): CTRL-DEBUG: global_ctrl_sock-sendto: sock=16 sndbuf=212992 outq=0 send_len=48
E/WifiConfigStore( 1255): updateConfiguration freq=2462 BSSID=c8:3a:35:12:cf:e8 RSSI=-47 "ccc"WPA_PSK
I/art     ( 1255): Background sticky concurrent mark sweep GC freed 183580(12MB) AllocSpace objects, 37(1652KB) LOS objects, 23% free, 48MB/62MB, paused 3.297ms total 106.811ms
I/TrafficMonitor( 1255): update:rxPkts:0,txPkts:0,rxBytes:0,txBytes:0
I/TrafficMonitor( 1255): start expired. level:-1
I/TrafficMonitor( 1255): gettimer:interval=2000
I/System.out( 8926): Crash report failure: empty
E/HwPowerMonitor.Utils( 3567): ERROR reading null
E/HwPowerMonitor.Utils( 3567): ERROR reading null
E/HwPowerMonitor.Utils( 3567): ERROR reading null
I/NetworkSpeedManagerEx( 2167): mIsStop = false
D/NetworkSpeedManagerEx( 2167): doInBackground
D/NetworkSpeedManagerEx( 2167): onPostExecute
I/NetworkSpeedManagerEx( 2167):  value = 0.0
I/NetworkSpeedManagerEx( 2167): speed = 0K/s
I/NetworkSpeedView( 2167): /update(), speed=0K/s
W/View    ( 2167): requestLayout() improperly called by com.android.systemui.statusbar.phone.IconMerger{4f553c V.E...... ......I. 0,0-54,72 #7f1000c3 app:id/notificationIcons} during layout: running second layout pass
I/TrafficMonitor( 1255): update:rxPkts:0,txPkts:0,rxBytes:0,txBytes:0
I/TrafficMonitor( 1255): start expired. level:-1
I/TrafficMonitor( 1255): gettimer:interval=2000
D/WifiHW  ( 1255): wifi_send_command: cmd:'IFNAME=wlan0 SIGNAL_POLL'
D/wpa_supplicant( 2050): wlan0: Control interface command 'SIGNAL_POLL'
E/wpa_supplicant( 2050): RSSI=-48;LINKSPEED=72;NOISE=9999;FREQUENCY=2462;
D/wpa_supplicant( 2050): CTRL-DEBUG: global_ctrl_sock-sendto: sock=16 sndbuf=212992 outq=0 send_len=48
E/WifiConfigStore( 1255): updateConfiguration freq=2462 BSSID=c8:3a:35:12:cf:e8 RSSI=-47 "ccc"WPA_PSK
I/SendBroadcastPermission( 1255): action:android.intent.action.SIG_STR, mPermissionType:0
I/MQoS    ( 1255): onSignal: mSubId=1,currDataSubID=0
I/MQoS    ( 1255): received cell-signal:1
I/ActivityManager( 1255): collectReceiverComponents for intent: Intent { act=android.intent.action.SIG_STR flg=0x20000010 (has extras) }, receivers: null
W/ActivityManager( 1255): getRunningAppProcesses: caller 10099 does not hold REAL_GET_TASKS; limiting output
D/HwArpVerifier( 1255): performPollAndLog:
D/hw_netstat( 1255): total/0/0
W/PowerMonitor.PeriodCheckItem( 3567): powergenie_mode, put to hashmap: key = 1525399910918, value = 2, length = 1
E/PowerMonitor.PeriodCheckItem( 3567): backlight, Error, failed to get raw data for: PowerMonitor.PeriodCheckItem
E/PowerMonitor.PeriodCheckItem( 3567): discharging, Error, failed to get raw data for: PowerMonitor.PeriodCheckItem
I/TrafficMonitor( 1255): update:rxPkts:0,txPkts:0,rxBytes:0,txBytes:0
I/TrafficMonitor( 1255): start expired. level:-1
I/TrafficMonitor( 1255): gettimer:interval=2000
I/NetworkSpeedManagerEx( 2167): mIsStop = false
D/NetworkSpeedManagerEx( 2167): doInBackground
D/NetworkSpeedManagerEx( 2167): onPostExecute
I/NetworkSpeedManagerEx( 2167):  value = 0.0
I/NetworkSpeedManagerEx( 2167): speed = 0K/s
I/NetworkSpeedView( 2167): /update(), speed=0K/s
W/View    ( 2167): requestLayout() improperly called by com.android.systemui.statusbar.phone.IconMerger{4f553c V.E...... ........ 0,0-54,72 #7f1000c3 app:id/notificationIcons} during second layout pass: posting in next frame
I/MSM-irqbalance(  517): Decided to move IRQ215 from CPU7 to CPU5
I/TrafficMonitor( 1255): expired arrive. level:-1
I/TrafficMonitor( 1255): during_ms:2002,period_ms:2000
I/TrafficMonitor( 1255): count:254,rx_sum:0,tx_sum:0,rxBytes:0,during_ms:2002,rx_speed:0.0,tx_speed:0.0,rto:0.0
D/HuaweiWifiWatchdogStateMachine( 1255): speed: rxpkt:0, rxSpd:0B/s, txpkt:0, txSpd:0
D/WifiHW  ( 1255): wifi_send_command: cmd:'IFNAME=wlan0 SIGNAL_POLL'
D/wpa_supplicant( 2050): wlan0: Control interface command 'SIGNAL_POLL'
E/wpa_supplicant( 2050): RSSI=-47;LINKSPEED=72;NOISE=9999;FREQUENCY=2462;
D/wpa_supplicant( 2050): CTRL-DEBUG: global_ctrl_sock-sendto: sock=16 sndbuf=212992 outq=0 send_len=48
E/WifiConfigStore( 1255): updateConfiguration freq=2462 BSSID=c8:3a:35:12:cf:e8 RSSI=-47 "ccc"WPA_PSK
I/TrafficMonitor( 1255): update:rxPkts:0,txPkts:0,rxBytes:0,txBytes:0
I/TrafficMonitor( 1255): start expired. level:-1
I/TrafficMonitor( 1255): gettimer:interval=2000
I/NetworkSpeedManagerEx( 2167): mIsStop = false
D/NetworkSpeedManagerEx( 2167): doInBackground
D/NetworkSpeedManagerEx( 2167): onPostExecute
I/NetworkSpeedManagerEx( 2167):  value = 0.0
I/NetworkSpeedManagerEx( 2167): speed = 0K/s
I/NetworkSpeedView( 2167): /update(), speed=0K/s
D/WifiHW  ( 1255): wifi_send_command: cmd:'IFNAME=wlan0 SIGNAL_POLL'
D/wpa_supplicant( 2050): wlan0: Control interface command 'SIGNAL_POLL'
E/wpa_supplicant( 2050): RSSI=-47;LINKSPEED=72;NOISE=9999;FREQUENCY=2462;
D/wpa_supplicant( 2050): CTRL-DEBUG: global_ctrl_sock-sendto: sock=16 sndbuf=212992 outq=0 send_len=48
E/WifiConfigStore( 1255): updateConfiguration freq=2462 BSSID=c8:3a:35:12:cf:e8 RSSI=-47 "ccc"WPA_PSK
D/WifiHW  ( 1255): wifi_send_command: cmd:'IFNAME=wlan0 PKTCNT_POLL'
D/wpa_supplicant( 2050): wlan0: Control interface command 'PKTCNT_POLL'
D/wpa_supplicant( 2050): CTRL-DEBUG: global_ctrl_sock-sendto: sock=16 sndbuf=212992 outq=0 send_len=29
D/HuaweiWifiWatchdogStateMachine( 1255): LM mrssi=-47
I/HuaweiWifiWatchdogStateMachine( 1255): spd good count:0, add sc:0.0, rate:1.0
I/HuaweiWifiWatchdogStateMachine( 1255): current mHighDataFlowRate = 1.0
I/HuaweiWifiWatchdogStateMachine( 1255): not any pkt, ignore this period chk result.
I/TrafficMonitor( 1255): update:rxPkts:0,txPkts:0,rxBytes:0,txBytes:0
I/TrafficMonitor( 1255): start expired. level:-1
I/TrafficMonitor( 1255): gettimer:interval=2000
D/HwArpVerifier( 1255): check_wifi_state_mode = 0 mCheckStateToken=13 token13
D/HwArpVerifier( 1255): 192.168.2.1      0x1         0x6         c8:3a:35:12:cf:e8     *        wlan0
D/wifiserviceimpl( 1255): netmask =16777215
D/HwArpVerifier( 1255): ARP wlan0,addr: /192.168.2.106
D/HWMultiGW( 1255): setGateWay 192.168.2.1
D/WifiHW  ( 1255): wifi_send_command: cmd:'IFNAME=wlan0 SIGNAL_POLL'
D/wpa_supplicant( 2050): wlan0: Control interface command 'SIGNAL_POLL'
E/wpa_supplicant( 2050): RSSI=-47;LINKSPEED=72;NOISE=9999;FREQUENCY=2462;
D/wpa_supplicant( 2050): CTRL-DEBUG: global_ctrl_sock-sendto: sock=16 sndbuf=212992 outq=0 send_len=48
E/WifiConfigStore( 1255): updateConfiguration freq=2462 BSSID=c8:3a:35:12:cf:e8 RSSI=-47 "ccc"WPA_PSK
I/MSM-irqbalance(  517): Decided to move IRQ174 from CPU4 to CPU5
D/HwArpVerifier( 1255): There are 1 mac address for gateway 
D/HwArpVerifier( 1255): mac is static ARP: c8:3a:35:12:cf:e8
D/HwArpVerifier( 1255): from HEART_CHECK transmit to state:HEART_CHECK
D/HwArpVerifier( 1255): msg what=124 arg1(token)=13 arg2(mode)=0 delay=30000
D/HwArpVerifier( 1255): performPollAndLog:
D/hw_netstat( 1255): total/0/0
I/TrafficMonitor( 1255): update:rxPkts:0,txPkts:0,rxBytes:0,txBytes:0
I/TrafficMonitor( 1255): start expired. level:-1
I/TrafficMonitor( 1255): gettimer:interval=2000
I/NetworkSpeedManagerEx( 2167): mIsStop = false
D/NetworkSpeedManagerEx( 2167): doInBackground
D/NetworkSpeedManagerEx( 2167): onPostExecute
I/NetworkSpeedManagerEx( 2167):  value = 0.0
I/NetworkSpeedManagerEx( 2167): speed = 0K/s
I/NetworkSpeedView( 2167): /update(), speed=0K/s
I/SendBroadcastPermission( 1255): action:android.net.conn.DATA_ACTIVITY_CHANGE, mPermissionType:0
E/NetlinkEvent(  396): NetlinkEvent::FindParam(): Parameter 'UID' not found
W/SocketListener(  396): sending broadcast to Pid = 1255, Uid = 1000 
D/NetdConnector( 1255): RCV <- {613 IfaceClass idle 1 61074343755892}
D/NetdConnector( 1255): RCV <- {613 IfaceClass idle 1 61074343755892}
D/NetdConnector( 1255): RCV unsolicited event from native daemon, event = 613 IfaceClass idle 1 61074343755892
D/NetworkManagement( 1255): notifyInterfaceClassActivity: client is com.android.server.net.NetworkStatsService$7@1a816f6
D/NetworkManagement( 1255): notifyInterfaceClassActivity: client is com.android.server.ethernet.EthernetNetworkFactory$InterfaceObserver@85e82e9
D/NetworkManagement( 1255): notifyInterfaceClassActivity: client is com.android.server.net.NetworkPolicyManagerService$14@9262107
D/NetworkManagement( 1255): notifyInterfaceClassActivity: client is com.android.server.connectivity.Tethering@9baa873
D/NetworkManagement( 1255): notifyInterfaceClassActivity: client is com.android.server.net.NetlinkTracker@c7648ba
D/NetworkManagement( 1255): notifyInterfaceClassActivity: client is android.net.INetworkManagementEventObserver$Stub$Proxy@87e9ea6
D/NetworkManagement( 1255): notifyInterfaceClassActivity: client is com.android.server.connectivity.Vpn$3@d8d6788
D/NetworkManagement( 1255): notifyInterfaceClassActivity: client is com.android.server.ConnectivityService$2@fbef330
I/ActivityManager( 1255): collectReceiverComponents for intent: Intent { act=android.net.conn.DATA_ACTIVITY_CHANGE flg=0x10 (has extras) }, receivers: null
E/HwPowerMonitor.Utils( 3567): ERROR reading null
E/HwPowerMonitor.Utils( 3567): ERROR reading null
E/HwPowerMonitor.Utils( 3567): ERROR reading null
I/TrafficMonitor( 1255): expired arrive. level:-1
I/TrafficMonitor( 1255): during_ms:2003,period_ms:2000
I/TrafficMonitor( 1255): count:257,rx_sum:0,tx_sum:0,rxBytes:0,during_ms:2003,rx_speed:0.0,tx_speed:0.0,rto:0.0
D/HuaweiWifiWatchdogStateMachine( 1255): speed: rxpkt:0, rxSpd:0B/s, txpkt:0, txSpd:0
D/WifiHW  ( 1255): wifi_send_command: cmd:'IFNAME=wlan0 SIGNAL_POLL'
D/wpa_supplicant( 2050): wlan0: Control interface command 'SIGNAL_POLL'
E/wpa_supplicant( 2050): RSSI=-47;LINKSPEED=72;NOISE=9999;FREQUENCY=2462;
D/wpa_supplicant( 2050): CTRL-DEBUG: global_ctrl_sock-sendto: sock=16 sndbuf=212992 outq=0 send_len=48
E/WifiConfigStore( 1255): updateConfiguration freq=2462 BSSID=c8:3a:35:12:cf:e8 RSSI=-47 "ccc"WPA_PSK
I/TrafficMonitor( 1255): update:rxPkts:0,txPkts:0,rxBytes:0,txBytes:0
I/TrafficMonitor( 1255): start expired. level:-1
I/TrafficMonitor( 1255): gettimer:interval=2000
I/TimeManager( 2167): receiver action = android.intent.action.TIME_TICK
I/HwLauncher( 3643): Model  onReceive intent=Intent { act=android.intent.action.TIME_TICK flg=0x50000014 (has extras) }
I/HwLauncher( 3643): Model  onReceive user=UserHandle{0}
V/AlarmManager( 1255): sending alarm Alarm{57944cc type 3 when 61076413 android},repeatInterval = 0
D/TotemWeather( 3643): WidgetDualManager mWeatherReciver onReceive action = android.intent.action.TIME_TICK
D/TotemWeather( 3643): CityDateView setDate mCurrentViewMode = 42002
D/TotemWeather( 3643): CityDateView setDate mCurrentViewMode = 42002
I/TotemWeather( 3643): CityTimeView CityTimeView mCurrentViewMode = 42002
D/TotemWeather( 3643): CityTimeView CityTimeView is24Hour = true
D/TotemWeather( 3643): WidgetUtils is24Hour or context is null, AMPM is null
I/TotemWeather( 3643): WidgetUtils trasnslateImageResource, resId is 2130837737 isLight =false
I/TotemWeather( 3643): WidgetUtils trasnslateImageResource, resId is 2130837737 isLight =false
I/TotemWeather( 3643): WidgetUtils trasnslateImageResource, resId is 2130837739 isLight =false
D/TotemWeather( 3643): CityTimeView set zoomScaled = 1.0
I/TotemWeather( 3643): CityTimeView CityTimeView mCurrentViewMode = 42002
D/TotemWeather( 3643): CityTimeView CityTimeView is24Hour = true
D/TotemWeather( 3643): WidgetUtils is24Hour or context is null, AMPM is null
I/TotemWeather( 3643): WidgetUtils trasnslateImageResource, resId is 2130837737 isLight =false
I/TotemWeather( 3643): WidgetUtils trasnslateImageResource, resId is 2130837737 isLight =false
I/TotemWeather( 3643): WidgetUtils trasnslateImageResource, resId is 2130837739 isLight =false
D/TotemWeather( 3643): CityTimeView set zoomScaled = 1.0
I/TotemWeather( 3643): DateTimeManager send message delay millis = 60955 ms
I/HwLauncher( 3643): CalenderDynamicUpdater date changed begin
I/HwLauncher( 3643): CalenderDynamicUpdater date changed end
I/HwLauncher( 3643): ClockDynamicUpdater date changed begin
I/HwLauncher( 3643): ClockDynamicUpdater date changed end
E/HwLauncher( 3643): SettingsEx , no such field.
W/HwLauncher( 3643): Clock getDataFormat the getSystemString failed.
I/HwLauncher( 3643): DynamicIconData , getDrawableForDynamic begin, pkg = com.android.deskclock, picName = deskclock_bg
I/HwLauncher( 3643): DynamicIconData , getDrawableForDynamic end, pkg = com.android.deskclock, picName = deskclock_bg
I/HwLauncher( 3643): ClockDynamicUpdater clock update folder at ClockDynamicUpdater
I/HwLauncher( 3643): DynamicUpdater updateBitmap end and send update message
I/HwLauncher( 3643): DynamicUpdater call updateFolder
I/NetworkSpeedManagerEx( 2167): mIsStop = false
D/NetworkSpeedManagerEx( 2167): doInBackground
D/NetworkSpeedManagerEx( 2167): onPostExecute
I/NetworkSpeedManagerEx( 2167):  value = 0.0
I/NetworkSpeedManagerEx( 2167): speed = 0K/s
I/NetworkSpeedView( 2167): /update(), speed=0K/s
I/TrafficMonitor( 1255): update:rxPkts:0,txPkts:0,rxBytes:0,txBytes:0
I/TrafficMonitor( 1255): start expired. level:-1
I/TrafficMonitor( 1255): gettimer:interval=2000
I/MSM-irqbalance(  517): Decided to move IRQ57 from CPU4 to CPU5
D/HwArpVerifier( 1255): performPollAndLog:
D/hw_netstat( 1255): total/0/0
D/WifiHW  ( 1255): wifi_send_command: cmd:'IFNAME=wlan0 SIGNAL_POLL'
D/wpa_supplicant( 2050): wlan0: Control interface command 'SIGNAL_POLL'
E/wpa_supplicant( 2050): RSSI=-47;LINKSPEED=72;NOISE=9999;FREQUENCY=2462;
D/wpa_supplicant( 2050): CTRL-DEBUG: global_ctrl_sock-sendto: sock=16 sndbuf=212992 outq=0 send_len=48
E/WifiConfigStore( 1255): updateConfiguration freq=2462 BSSID=c8:3a:35:12:cf:e8 RSSI=-47 "ccc"WPA_PSK
D/WifiHW  ( 1255): wifi_send_command: cmd:'IFNAME=wlan0 SIGNAL_POLL'
D/wpa_supplicant( 2050): wlan0: Control interface command 'SIGNAL_POLL'
E/wpa_supplicant( 2050): RSSI=-47;LINKSPEED=72;NOISE=9999;FREQUENCY=2462;
D/wpa_supplicant( 2050): CTRL-DEBUG: global_ctrl_sock-sendto: sock=16 sndbuf=212992 outq=0 send_len=48
E/WifiConfigStore( 1255): updateConfiguration freq=2462 BSSID=c8:3a:35:12:cf:e8 RSSI=-47 "ccc"WPA_PSK
D/WifiHW  ( 1255): wifi_send_command: cmd:'IFNAME=wlan0 PKTCNT_POLL'
D/wpa_supplicant( 2050): wlan0: Control interface command 'PKTCNT_POLL'
D/wpa_supplicant( 2050): CTRL-DEBUG: global_ctrl_sock-sendto: sock=16 sndbuf=212992 outq=0 send_len=29
D/HuaweiWifiWatchdogStateMachine( 1255): LM mrssi=-47
I/HuaweiWifiWatchdogStateMachine( 1255): spd good count:0, add sc:0.0, rate:1.0
I/HuaweiWifiWatchdogStateMachine( 1255): current mHighDataFlowRate = 1.0
I/HuaweiWifiWatchdogStateMachine( 1255): POta txb txg rxg:0, 1, 0. Lr =0% Totpkt=1
I/WifiProJNI( 1255): ######### CMD_QUERY_PKTS ########
D/WifiProJNI( 1255): send_cmd_kernel: cmd=1
D/WifiProJNI( 1255): Received kernel message payload: event 0
I/QosMonitor( 1255): postEventFromNative: msg=100,arg1=0,arg2=9
W/WifiProJNI( 1255): poll before: g_monitor_fd =137
I/MQoS    ( 1255): QOS_level:0(0),DataDisable;use level-0
I/MQoS    ( 1255): rtt=560,tcp_tx_pkts=155541,tcp_rx_pkts=344578
D/HuaweiWifiWatchdogStateMachine( 1255): dumpTcpResult: len=9,rtt=560,rttPkt=2,rttWn=77,cgt=0,cgtWn=0
I/HuaweiWifiWatchdogStateMachine( 1255): PTcp RTT:0, rtt pkt=0, tcp_rx=0, tcp_tx=0, tcp_reTran=0, rtRate=0
D/HuaweiWifiWatchdogStateMachine( 1255): mRssiBadCount =0, RSSI not bad.
D/HuaweiWifiWatchdogStateMachine( 1255): detectNetworkAvailable:hw.wifipro.dns_fail_count = 130
I/WifiProHistoryRecordManager( 1255): HomeApSwitchRate totalConnectHours:910, restTimeRate=0.862636
I/WifiProHistoryRecordManager( 1255): HomeApSwitchRate bssid:c8:3a:35:12:cf:e8, rate=0.3
I/HuaweiWifiWatchdogStateMachine( 1255): rs ota tcp lr rttvb bad: false, false, false, false, false; rsth:-75
D/HuaweiWifiWatchdogStateMachine( 1255): GSC:0, GSR:1.0, RSR:1.0, RTH:-75
D/HuaweiWifiWatchdogStateMachine( 1255): bqeLevel = 0 rtt=0,rtt_pkts=0 speed=0
I/HuaweiWifiWatchdogStateMachine( 1255):  pkt chk not bad, reset sc to 0.
D/HuaweiWifiWatchdogStateMachine( 1255): ### mPktChkBadCnt=0
I/TrafficMonitor( 1255): update:rxPkts:0,txPkts:0,rxBytes:0,txBytes:0
I/TrafficMonitor( 1255): start expired. level:-1
I/TrafficMonitor( 1255): gettimer:interval=5000
I/NetworkSpeedManagerEx( 2167): mIsStop = false
D/NetworkSpeedManagerEx( 2167): doInBackground
D/NetworkSpeedManagerEx( 2167): onPostExecute
I/NetworkSpeedManagerEx( 2167):  value = 0.0
I/NetworkSpeedManagerEx( 2167): speed = 0K/s
I/NetworkSpeedView( 2167): /update(), speed=0K/s
I/TrafficMonitor( 1255): expired arrive. level:-1
I/TrafficMonitor( 1255): during_ms:2001,period_ms:2000
I/TrafficMonitor( 1255): count:260,rx_sum:0,tx_sum:0,rxBytes:0,during_ms:2001,rx_speed:0.0,tx_speed:0.0,rto:0.0
D/HuaweiWifiWatchdogStateMachine( 1255): speed: rxpkt:0, rxSpd:0B/s, txpkt:0, txSpd:0
D/WifiHW  ( 1255): wifi_send_command: cmd:'IFNAME=wlan0 SIGNAL_POLL'
D/wpa_supplicant( 2050): wlan0: Control interface command 'SIGNAL_POLL'
E/wpa_supplicant( 2050): RSSI=-47;LINKSPEED=72;NOISE=9999;FREQUENCY=2462;
D/wpa_supplicant( 2050): CTRL-DEBUG: global_ctrl_sock-sendto: sock=16 sndbuf=212992 outq=0 send_len=48
E/WifiConfigStore( 1255): updateConfiguration freq=2462 BSSID=c8:3a:35:12:cf:e8 RSSI=-47 "ccc"WPA_PSK
I/NetworkSpeedManagerEx( 2167): mIsStop = false
D/NetworkSpeedManagerEx( 2167): doInBackground
D/NetworkSpeedManagerEx( 2167): onPostExecute
I/NetworkSpeedManagerEx( 2167):  value = 0.0
I/NetworkSpeedManagerEx( 2167): speed = 0K/s
I/NetworkSpeedView( 2167): /update(), speed=0K/s
D/HwArpVerifier( 1255): performPollAndLog:
D/hw_netstat( 1255): total/0/0
D/HwBatteryService( 1255): onUEvent fcp_values = 0
D/HwGpsPowerTracker( 1255): ACTION_BATTERY_CHANGED pluggedType: 2
D/PowerUI ( 2167): level:93-->93 status:2-->2 plugType:2-->2 invalidCharger:0-->0 bucket:1-->1 plugged:true-->true
D/WifiService( 1255): onReceive, action:android.intent.action.BATTERY_CHANGED
D/WifiService( 1255): ACTION_BATTERY_CHANGED pluggedType: 2
D/HwPowerMonitor.Utils( 3567): ScrOff setChargingState mIsCharging = true
I/HwPowerMonitor.PowerExceptionObservable( 3567): unhandled onEvent actionID: 3002
W/HwPowerMonitor.DayActObserver( 3567): mModemLogStatsTimes = 0, ModemLogState = 0
W/HwPowerMonitor.DayActObserver( 3567): BAT_CHANGED, mIsScrnOffBatStatsEnabled = true, mIsCharging = true, mIsScrnOfBatDropMonitorStart = false
E/HwPowerMonitor.Utils( 3567): ERROR reading null
E/HwPowerMonitor.Utils( 3567): ERROR reading null
E/HwPowerMonitor.Utils( 3567): ERROR reading null
D/WifiHW  ( 1255): wifi_send_command: cmd:'IFNAME=wlan0 SIGNAL_POLL'
D/wpa_supplicant( 2050): wlan0: Control interface command 'SIGNAL_POLL'
E/wpa_supplicant( 2050): RSSI=-47;LINKSPEED=72;NOISE=9999;FREQUENCY=2462;
D/wpa_supplicant( 2050): CTRL-DEBUG: global_ctrl_sock-sendto: sock=16 sndbuf=212992 outq=0 send_len=48
E/WifiConfigStore( 1255): updateConfiguration freq=2462 BSSID=c8:3a:35:12:cf:e8 RSSI=-47 "ccc"WPA_PSK
I/TrafficMonitor( 1255): update:rxPkts:0,txPkts:0,rxBytes:0,txBytes:0
I/TrafficMonitor( 1255): start expired. level:-1
I/TrafficMonitor( 1255): gettimer:interval=5000
I/System.out( 7378): [sh, -c, ps -P|grep '\.']
I/System.out( 7378): null
I/System.out( 7378): null
I/System.out( 7378): Calling by::className:com.meituan.android.common.locate.o  MethodName:d
I/NetworkSpeedManagerEx( 2167): mIsStop = false
D/NetworkSpeedManagerEx( 2167): doInBackground
D/NetworkSpeedManagerEx( 2167): onPostExecute
I/NetworkSpeedManagerEx( 2167):  value = 0.0
I/NetworkSpeedManagerEx( 2167): speed = 0K/s
I/NetworkSpeedView( 2167): /update(), speed=0K/s
I/SendBroadcastPermission( 1255): action:android.intent.action.SIG_STR, mPermissionType:0
I/ActivityManager( 1255): collectReceiverComponents for intent: Intent { act=android.intent.action.SIG_STR flg=0x20000010 (has extras) }, receivers: null
I/MQoS    ( 1255): onSignal: mSubId=1,currDataSubID=0
I/MQoS    ( 1255): received cell-signal:1
W/ActivityManager( 1255): getRunningAppProcesses: caller 10099 does not hold REAL_GET_TASKS; limiting output
D/WifiHW  ( 1255): wifi_send_command: cmd:'IFNAME=wlan0 SIGNAL_POLL'
D/wpa_supplicant( 2050): wlan0: Control interface command 'SIGNAL_POLL'
E/wpa_supplicant( 2050): RSSI=-47;LINKSPEED=72;NOISE=9999;FREQUENCY=2462;
D/wpa_supplicant( 2050): CTRL-DEBUG: global_ctrl_sock-sendto: sock=16 sndbuf=212992 outq=0 send_len=48
E/WifiConfigStore( 1255): updateConfiguration freq=2462 BSSID=c8:3a:35:12:cf:e8 RSSI=-47 "ccc"WPA_PSK
D/WifiHW  ( 1255): wifi_send_command: cmd:'IFNAME=wlan0 PKTCNT_POLL'
D/wpa_supplicant( 2050): wlan0: Control interface command 'PKTCNT_POLL'
D/wpa_supplicant( 2050): CTRL-DEBUG: global_ctrl_sock-sendto: sock=16 sndbuf=212992 outq=0 send_len=29
D/HuaweiWifiWatchdogStateMachine( 1255): LM mrssi=-47
I/HuaweiWifiWatchdogStateMachine( 1255): spd good count:0, add sc:0.0, rate:1.0
D/HuaweiWifiWatchdogStateMachine( 1255): high data flow: protection_counter = 0,  not_detect_counter = 18
D/HuaweiWifiWatchdogStateMachine( 1255): high data flow scenario: 0 --> 0 rx bytes =0KB
I/HuaweiWifiWatchdogStateMachine( 1255): current mHighDataFlowRate = 1.0
I/HuaweiWifiWatchdogStateMachine( 1255): not any pkt, ignore this period chk result.
D/WifiHW  ( 1255): wifi_send_command: cmd:'IFNAME=wlan0 SIGNAL_POLL'
D/wpa_supplicant( 2050): wlan0: Control interface command 'SIGNAL_POLL'
E/wpa_supplicant( 2050): RSSI=-48;LINKSPEED=72;NOISE=9999;FREQUENCY=2462;
D/wpa_supplicant( 2050): CTRL-DEBUG: global_ctrl_sock-sendto: sock=16 sndbuf=212992 outq=0 send_len=48
E/WifiConfigStore( 1255): updateConfiguration freq=2462 BSSID=c8:3a:35:12:cf:e8 RSSI=-47 "ccc"WPA_PSK
D/HwArpVerifier( 1255): performPollAndLog:
D/hw_netstat( 1255): total/0/0
W/ActivityManager( 1255): getRunningAppProcesses: caller 10099 does not hold REAL_GET_TASKS; limiting output
I/NetworkSpeedManagerEx( 2167): mIsStop = false
D/NetworkSpeedManagerEx( 2167): doInBackground
D/NetworkSpeedManagerEx( 2167): onPostExecute
I/NetworkSpeedManagerEx( 2167):  value = 0.0
I/NetworkSpeedManagerEx( 2167): speed = 0K/s
I/NetworkSpeedView( 2167): /update(), speed=0K/s
D/VM_BMS  (  460): wake_lock acquired
D/VM_BMS  (  460): New BMS data - Size=56
D/VM_BMS  (  460): Start process_bms_data
D/VM_BMS  (  460): For batt_temp=285 fcc_mah=3055
D/VM_BMS  (  460): For ocv=4225384 batt_temp=285 soc=93
D/VM_BMS  (  460): fifo_count=5 acc_count=0
D/VM_BMS  (  460): INIT: ocv=4225384 last_ocv=4225384 batt_temp=285 soc=93
D/VM_BMS  (  460): For soc=93 batt_temp=285 slope=11000
D/VM_BMS  (  460): For soc=93 batt_temp=285 rbatt_sf=98
D/VM_BMS  (  460): rbatt_mohm_default=139, rbatt_mohm=136, sf=98 batt_temp=285
D/VM_BMS  (  460): For ocv=4225384 batt_temp=285 soc=93
D/VM_BMS  (  460): FIFO=0 fifo_avg=4.225320 rbatt=0.136000 slope=1.100000 ibatt=0.000472 ocv=4.225384 soc=93 fcc_ah=3.055000 sample_count=128 sample_interval=70 seq_num=1436
D/VM_BMS  (  460): For soc=93 batt_temp=285 slope=11000
D/VM_BMS  (  460): For soc=93 batt_temp=285 rbatt_sf=98
D/VM_BMS  (  460): rbatt_mohm_default=139, rbatt_mohm=136, sf=98 batt_temp=285
D/VM_BMS  (  460): For ocv=4225368 batt_temp=285 soc=93
D/VM_BMS  (  460): FIFO=1 fifo_avg=4.222956 rbatt=0.136000 slope=1.100000 ibatt=0.017795 ocv=4.225368 soc=93 fcc_ah=3.055000 sample_count=128 sample_interval=70 seq_num=1436
D/VM_BMS  (  460): For soc=93 batt_temp=285 slope=11000
D/VM_BMS  (  460): For soc=93 batt_temp=285 rbatt_sf=98
D/VM_BMS  (  460): rbatt_mohm_default=139, rbatt_mohm=136, sf=98 batt_temp=285
D/VM_BMS  (  460): For ocv=4225408 batt_temp=285 soc=93
D/VM_BMS  (  460): FIFO=2 fifo_avg=4.231518 rbatt=0.136000 slope=1.100000 ibatt=-0.045070 ocv=4.225409 soc=93 fcc_ah=3.055000 sample_count=128 sample_interval=70 seq_num=1436
D/VM_BMS  (  460): For soc=93 batt_temp=285 slope=11000
D/VM_BMS  (  460): For soc=93 batt_temp=285 rbatt_sf=98
D/VM_BMS  (  460): rbatt_mohm_default=139, rbatt_mohm=136, sf=98 batt_temp=285
D/VM_BMS  (  460): For ocv=4225456 batt_temp=285 soc=93
D/VM_BMS  (  460): FIFO=3 fifo_avg=4.232700 rbatt=0.136000 slope=1.100000 ibatt=-0.053440 ocv=4.225456 soc=93 fcc_ah=3.055000 sample_count=128 sample_interval=70 seq_num=1436
D/VM_BMS  (  460): For soc=93 batt_temp=285 slope=11000
D/VM_BMS  (  460): For soc=93 batt_temp=285 rbatt_sf=98
D/VM_BMS  (  460): rbatt_mohm_default=139, rbatt_mohm=136, sf=98 batt_temp=285
D/VM_BMS  (  460): For ocv=4225457 batt_temp=285 soc=93
D/VM_BMS  (  460): FIFO=4 fifo_avg=4.225614 rbatt=0.136000 slope=1.100000 ibatt=-0.001157 ocv=4.225457 soc=93 fcc_ah=3.055000 sample_count=128 sample_interval=70 seq_num=1436
I/VM_BMS  (  460): power_supply_update: ocv_uv=4225457 ibatt=-1156 soc=93 seq_num=1436
D/VM_BMS  (  460): End process_bms_data
D/VM_BMS  (  460): wake_lock released
I/TrafficMonitor( 1255): expired arrive. level:-1
I/TrafficMonitor( 1255): update:rxPkts:0,txPkts:0,rxBytes:0,txBytes:0
I/TrafficMonitor( 1255): start expired. level:-1
I/TrafficMonitor( 1255): gettimer:interval=5000
I/TrafficMonitor( 1255): during_ms:5003,period_ms:2000
I/TrafficMonitor( 1255): count:262,rx_sum:0,tx_sum:0,rxBytes:0,during_ms:5003,rx_speed:0.0,tx_speed:0.0,rto:0.0
D/HuaweiWifiWatchdogStateMachine( 1255): speed: rxpkt:0, rxSpd:0B/s, txpkt:0, txSpd:0
D/WifiHW  ( 1255): wifi_send_command: cmd:'IFNAME=wlan0 SIGNAL_POLL'
D/wpa_supplicant( 2050): wlan0: Control interface command 'SIGNAL_POLL'
E/wpa_supplicant( 2050): RSSI=-48;LINKSPEED=72;NOISE=9999;FREQUENCY=2462;
D/wpa_supplicant( 2050): CTRL-DEBUG: global_ctrl_sock-sendto: sock=16 sndbuf=212992 outq=0 send_len=48
E/WifiConfigStore( 1255): updateConfiguration freq=2462 BSSID=c8:3a:35:12:cf:e8 RSSI=-47 "ccc"WPA_PSK
I/NetworkSpeedManagerEx( 2167): mIsStop = false
D/NetworkSpeedManagerEx( 2167): doInBackground
D/NetworkSpeedManagerEx( 2167): onPostExecute
I/NetworkSpeedManagerEx( 2167):  value = 0.0
I/NetworkSpeedManagerEx( 2167): speed = 0K/s
I/NetworkSpeedView( 2167): /update(), speed=0K/s
I/SocketReaderNew( 2695): SocketReader(390) continue
D/MSF.C.NetConnTag( 2695): MsfCoreSocketReaderNew closeConn readError
D/MSF.C.NetConnTag( 2695): conn is already closed on readError
W/System.err( 2695): java.net.SocketException: Socket is closed
W/System.err( 2695): 	at java.net.Socket.checkOpenAndCreate(Socket.java:718)
W/System.err( 2695): 	at java.net.Socket.getSoTimeout(Socket.java:507)
W/System.err( 2695): 	at com.tencent.qphone.base.util.MsfSocketInputBuffer.isDataAvailable(MsfSocketInputBuffer.java:71)
W/System.err( 2695): 	at com.tencent.mobileqq.msf.core.net.l$b.run(SocketEngine.java:494)
I/SocketReaderNew( 2695): SocketReader(390) wait
D/HwArpVerifier( 1255): performPollAndLog:
D/hw_netstat( 1255): total/0/0
D/WifiHW  ( 1255): wifi_send_command: cmd:'IFNAME=wlan0 SIGNAL_POLL'
D/wpa_supplicant( 2050): wlan0: Control interface command 'SIGNAL_POLL'
E/wpa_supplicant( 2050): RSSI=-47;LINKSPEED=72;NOISE=9999;FREQUENCY=2462;
D/wpa_supplicant( 2050): CTRL-DEBUG: global_ctrl_sock-sendto: sock=16 sndbuf=212992 outq=0 send_len=48
E/WifiConfigStore( 1255): updateConfiguration freq=2462 BSSID=c8:3a:35:12:cf:e8 RSSI=-47 "ccc"WPA_PSK
E/HwPowerMonitor.Utils( 3567): ERROR reading null
E/HwPowerMonitor.Utils( 3567): ERROR reading null
E/HwPowerMonitor.Utils( 3567): ERROR reading null
I/TrafficMonitor( 1255): expired arrive. level:-1
I/TrafficMonitor( 1255): update:rxPkts:0,txPkts:0,rxBytes:0,txBytes:0
I/TrafficMonitor( 1255): start expired. level:-1
I/TrafficMonitor( 1255): gettimer:interval=5000
I/TrafficMonitor( 1255): during_ms:5002,period_ms:2000
I/TrafficMonitor( 1255): count:263,rx_sum:0,tx_sum:0,rxBytes:0,during_ms:5002,rx_speed:0.0,tx_speed:0.0,rto:0.0
D/HuaweiWifiWatchdogStateMachine( 1255): speed: rxpkt:0, rxSpd:0B/s, txpkt:0, txSpd:0
I/NetworkSpeedManagerEx( 2167): mIsStop = false
D/NetworkSpeedManagerEx( 2167): doInBackground
D/NetworkSpeedManagerEx( 2167): onPostExecute
I/NetworkSpeedManagerEx( 2167):  value = 0.0
I/NetworkSpeedManagerEx( 2167): speed = 0K/s
I/NetworkSpeedView( 2167): /update(), speed=0K/s
D/WifiHW  ( 1255): wifi_send_command: cmd:'IFNAME=wlan0 SIGNAL_POLL'
D/wpa_supplicant( 2050): wlan0: Control interface command 'SIGNAL_POLL'
E/wpa_supplicant( 2050): RSSI=-47;LINKSPEED=72;NOISE=9999;FREQUENCY=2462;
D/wpa_supplicant( 2050): CTRL-DEBUG: global_ctrl_sock-sendto: sock=16 sndbuf=212992 outq=0 send_len=48
E/WifiConfigStore( 1255): updateConfiguration freq=2462 BSSID=c8:3a:35:12:cf:e8 RSSI=-47 "ccc"WPA_PSK
D/WifiHW  ( 1255): wifi_send_command: cmd:'IFNAME=wlan0 PKTCNT_POLL'
D/wpa_supplicant( 2050): wlan0: Control interface command 'PKTCNT_POLL'
D/wpa_supplicant( 2050): CTRL-DEBUG: global_ctrl_sock-sendto: sock=16 sndbuf=212992 outq=0 send_len=29
D/HuaweiWifiWatchdogStateMachine( 1255): LM mrssi=-47
I/HuaweiWifiWatchdogStateMachine( 1255): spd good count:0, add sc:0.0, rate:1.0
I/HuaweiWifiWatchdogStateMachine( 1255): current mHighDataFlowRate = 1.0
I/HuaweiWifiWatchdogStateMachine( 1255): not any pkt, ignore this period chk result.
D/WifiHW  ( 1255): wifi_send_command: cmd:'IFNAME=wlan0 SIGNAL_POLL'
D/wpa_supplicant( 2050): wlan0: Control interface command 'SIGNAL_POLL'
E/wpa_supplicant( 2050): RSSI=-47;LINKSPEED=72;NOISE=9999;FREQUENCY=2462;
D/wpa_supplicant( 2050): CTRL-DEBUG: global_ctrl_sock-sendto: sock=16 sndbuf=212992 outq=0 send_len=48
E/WifiConfigStore( 1255): updateConfiguration freq=2462 BSSID=c8:3a:35:12:cf:e8 RSSI=-47 "ccc"WPA_PSK
I/NetworkSpeedManagerEx( 2167): mIsStop = false
D/NetworkSpeedManagerEx( 2167): doInBackground
D/NetworkSpeedManagerEx( 2167): onPostExecute
I/NetworkSpeedManagerEx( 2167):  value = 0.0
I/NetworkSpeedManagerEx( 2167): speed = 0K/s
I/NetworkSpeedView( 2167): /update(), speed=0K/s
D/HwArpVerifier( 1255): performPollAndLog:
D/hw_netstat( 1255): total/0/0
D/WifiHW  ( 1255): wifi_send_command: cmd:'IFNAME=wlan0 SIGNAL_POLL'
D/wpa_supplicant( 2050): wlan0: Control interface command 'SIGNAL_POLL'
E/wpa_supplicant( 2050): RSSI=-47;LINKSPEED=72;NOISE=9999;FREQUENCY=2462;
D/wpa_supplicant( 2050): CTRL-DEBUG: global_ctrl_sock-sendto: sock=16 sndbuf=212992 outq=0 send_len=48
E/WifiConfigStore( 1255): updateConfiguration freq=2462 BSSID=c8:3a:35:12:cf:e8 RSSI=-47 "ccc"WPA_PSK
I/TrafficMonitor( 1255): expired arrive. level:-1
I/TrafficMonitor( 1255): update:rxPkts:0,txPkts:0,rxBytes:0,txBytes:0
I/TrafficMonitor( 1255): start expired. level:-1
I/TrafficMonitor( 1255): gettimer:interval=5000
I/TrafficMonitor( 1255): during_ms:5002,period_ms:2000
I/TrafficMonitor( 1255): count:264,rx_sum:0,tx_sum:0,rxBytes:0,during_ms:5002,rx_speed:0.0,tx_speed:0.0,rto:0.0
D/HuaweiWifiWatchdogStateMachine( 1255): speed: rxpkt:0, rxSpd:0B/s, txpkt:0, txSpd:0
I/NetworkSpeedManagerEx( 2167): mIsStop = false
D/NetworkSpeedManagerEx( 2167): doInBackground
D/NetworkSpeedManagerEx( 2167): onPostExecute
I/NetworkSpeedManagerEx( 2167):  value = 0.0
I/NetworkSpeedManagerEx( 2167): speed = 0K/s
I/NetworkSpeedView( 2167): /update(), speed=0K/s
D/WifiService( 1255): startScan, pid:7378, uid:10107
D/WifiHW  ( 1255): wifi_send_command: cmd:'IFNAME=wlan0 SCAN TYPE=ONLY'
D/wpa_supplicant( 2050): wlan0: Control interface command 'SCAN TYPE=ONLY'
D/wpa_supplicant( 2050): wlan0: Setting scan request: 0.000000 sec
D/wpa_supplicant( 2050): CTRL-DEBUG: global_ctrl_sock-sendto: sock=16 sndbuf=212992 outq=0 send_len=3
D/wpa_supplicant( 2050): wlan0: Starting AP scan for wildcard SSID
D/wpa_supplicant( 2050): wlan0: Add radio work 'scan'@0x557e40ab50
D/wpa_supplicant( 2050): wlan0: First radio work item in the queue - schedule start immediately
D/wpa_supplicant( 2050): wlan0: Starting radio work 'scan'@0x557e40ab50 after 0.000063 second wait
D/wpa_supplicant( 2050): wlan0: nl80211: scan request
D/wpa_supplicant( 2050): Scan requested (ret=0) - scan timeout 30 seconds
D/wpa_supplicant( 2050): nl80211: Drv Event 33 (NL80211_CMD_TRIGGER_SCAN) received for wlan0
D/wpa_supplicant( 2050): wlan0: nl80211: Scan trigger
D/wpa_supplicant( 2050): wlan0: Event SCAN_STARTED (47) received
D/wpa_supplicant( 2050): wlan0: Own scan request started a scan in 0.000162 seconds
D/wpa_supplicant( 2050): CTRL-DEBUG: ctrl_sock-sendmsg: sock=16 sndbuf=212992 outq=0 send_len=24
D/WifiHW  ( 1255): wifi_send_command: cmd:'IFNAME=wlan0 SIGNAL_POLL'
D/wpa_supplicant( 2050): wlan0: Control interface command 'SIGNAL_POLL'
D/HwArpVerifier( 1255): check_wifi_state_mode = 0 mCheckStateToken=13 token13
D/HwArpVerifier( 1255): 192.168.2.1      0x1         0x6         c8:3a:35:12:cf:e8     *        wlan0
D/wifiserviceimpl( 1255): netmask =16777215
D/HwArpVerifier( 1255): ARP wlan0,addr: /192.168.2.106
D/HWMultiGW( 1255): setGateWay 192.168.2.1
E/wpa_supplicant( 2050): RSSI=-47;LINKSPEED=72;NOISE=9999;FREQUENCY=2462;
D/wpa_supplicant( 2050): CTRL-DEBUG: global_ctrl_sock-sendto: sock=16 sndbuf=212992 outq=0 send_len=48
E/WifiConfigStore( 1255): updateConfiguration freq=2462 BSSID=c8:3a:35:12:cf:e8 RSSI=-47 "ccc"WPA_PSK
D/WifiHW  ( 1255): wifi_send_command: cmd:'IFNAME=wlan0 SIGNAL_POLL'
D/wpa_supplicant( 2050): wlan0: Control interface command 'SIGNAL_POLL'
E/wpa_supplicant( 2050): RSSI=-47;LINKSPEED=72;NOISE=9999;FREQUENCY=2462;
D/wpa_supplicant( 2050): CTRL-DEBUG: global_ctrl_sock-sendto: sock=16 sndbuf=212992 outq=0 send_len=48
E/WifiConfigStore( 1255): updateConfiguration freq=2462 BSSID=c8:3a:35:12:cf:e8 RSSI=-47 "ccc"WPA_PSK
D/WifiHW  ( 1255): wifi_send_command: cmd:'IFNAME=wlan0 PKTCNT_POLL'
D/wpa_supplicant( 2050): nl80211: Drv Event 34 (NL80211_CMD_NEW_SCAN_RESULTS) received for wlan0
D/wpa_supplicant( 2050): wlan0: nl80211: New scan results available
D/wpa_supplicant( 2050): nl80211: Scan included frequencies: 2412 2417 2422 2427 2432 2437 2442 2447 2452 2457 2462 2467 2472
D/wpa_supplicant( 2050): wlan0: Event SCAN_RESULTS (3) received
D/wpa_supplicant( 2050): wlan0: Scan completed in 0.690358 seconds
D/wpa_supplicant( 2050): nl80211: Associated on 2462 MHz
D/wpa_supplicant( 2050): nl80211: Associated with c8:3a:35:12:cf:e8
D/wpa_supplicant( 2050): nl80211: Received scan results (21 BSSes)
D/wpa_supplicant( 2050): nl80211: Scan results indicate BSS status with c8:3a:35:12:cf:e8 as associated
D/wpa_supplicant( 2050): wlan0: BSS: Start scan result update 720
D/wpa_supplicant( 2050): wlan0: BSS: Add new id 1904 BSSID d4:f9:a1:6c:0e:24 SSID 'CU_9tQc'
D/wpa_supplicant( 2050): CTRL-DEBUG: ctrl_sock-sendmsg: sock=16 sndbuf=212992 outq=0 send_len=43
D/wpa_supplicant( 2050): wlan0: BSS: Add new id 1905 BSSID 30:fc:68:72:97:59 SSID 'TP-LINK_9759'
D/wpa_supplicant( 2050): CTRL-DEBUG: ctrl_sock-sendmsg: sock=16 sndbuf=212992 outq=0 send_len=43
D/wpa_supplicant( 2050): wlan0: BSS: Add new id 1906 BSSID bc:14:ef:be:c4:70 SSID 'gehua01141610190073994'
D/wpa_supplicant( 2050): CTRL-DEBUG: ctrl_sock-sendmsg: sock=16 sndbuf=212992 outq=0 send_len=43
D/wpa_supplicant( 2050): wlan0: BSS: Add new id 1907 BSSID e4:d3:32:7d:97:62 SSID 'ziroom906'
D/wpa_supplicant( 2050): CTRL-DEBUG: ctrl_sock-sendmsg: sock=16 sndbuf=212992 outq=0 send_len=43
