I/ActivityManager( 1255): collectReceiverComponents for intent: Intent { act=android.intent.action.ANY_DATA_STATE flg=0x10 (has extras) }, receivers: null
I/ActivityManager( 1255): collectReceiverComponents for intent: Intent { act=android.intent.action.PRECISE_DATA_CONNECTION_STATE_CHANGED flg=0x10 (has extras) }, receivers: null
D/HwLocalLocationProvider( 1255): HwLocalLocationManager requestLocation
I/ActivityManager( 1255): collectReceiverComponents for intent: Intent { act=android.location.LOCATION_REQUEST_CHANGE_ACTION flg=0x10 (has extras) }, receivers: null
D/HwLocalLocationProvider( 1255): start query Loc Form DB 
I/HwLocalLocationProvider( 1255): query loc Form Cell Table,cellid == 21668
I/HwActivityManagerService( 1255): PackageName for pid 2167 is com.android.systemui
D/HwLocalLocationProvider( 1255): queryLocFormCellIdTable success
I/HwLocalLocationProvider( 1255): query Loc Form cellid , locCellID = Location[local_database 40******,116****** acc=246 et=+16h52m35s684ms]
W/HwLocalLocationProvider( 1255): query Loc Form bssid , locBssID = null.  return locCellID
D/HwLocalLocationProvider( 1255): has query Loc Form DB and send msg to Hander
W/ContextImpl( 1255): Calling a method in the system process without a qualified user: android.app.ContextImpl.sendBroadcast:869 com.android.server.location.HwLocalLocationManager$LocalLocationHandler.handleMessage:940 android.os.Handler.dispatchMessage:102 android.os.Looper.loop:150 android.os.HandlerThread.run:61 
I/ActivityManager( 1255): collectReceiverComponents for intent: Intent { act=action_inject_location flg=0x10 (has extras) }, receivers: null
D/HwLocalLocationProvider( 1255): sendBroadcast ACTION_INJECT_LOCATION
W/NotificationService( 1255): NOSOUND: no valid sound
W/ActivityManager( 1255): getRunningAppProcesses: caller 10107 does not hold REAL_GET_TASKS; limiting output
D/HwLocalLocationProvider( 1255): HwLocalLocationManager requestLocation
I/ActivityManager( 1255): collectReceiverComponents for intent: Intent { act=android.location.LOCATION_REQUEST_CHANGE_ACTION flg=0x10 (has extras) }, receivers: null
D/HwLocalLocationProvider( 1255): start query Loc Form DB 
I/HwLocalLocationProvider( 1255): query loc Form Cell Table,cellid == 21668
I/HwActivityManagerService( 1255): PackageName for pid 7378 is com.sankuai.meituan
V/AlarmManager( 1255): set(PendingIntent{3c68db7: PendingIntentRecord{e978a9 com.sankuai.meituan broadcastIntent}}) : type=2 triggerAtTime=62745746 win=1492498 tElapsed=62745746 maxElapsed=64238244 interval=0 flags=0x0
D/WifiService( 1255): startScan, pid:7378, uid:10107
D/WifiService( 1255): startScan, pid:7378, uid:10107
D/HwLocalLocationProvider( 1255): queryLocFormCellIdTable success
I/HwLocalLocationProvider( 1255): query Loc Form cellid , locCellID = Location[local_database 40******,116****** acc=246 et=+16h52m35s754ms]
W/HwLocalLocationProvider( 1255): query Loc Form bssid , locBssID = null.  return locCellID
D/HwLocalLocationProvider( 1255): has query Loc Form DB and send msg to Hander
W/ContextImpl( 1255): Calling a method in the system process without a qualified user: android.app.ContextImpl.sendBroadcast:869 com.android.server.location.HwLocalLocationManager$LocalLocationHandler.handleMessage:940 android.os.Handler.dispatchMessage:102 android.os.Looper.loop:150 android.os.HandlerThread.run:61 
I/ActivityManager( 1255): collectReceiverComponents for intent: Intent { act=action_inject_location flg=0x10 (has extras) }, receivers: null
D/HwLocalLocationProvider( 1255): sendBroadcast ACTION_INJECT_LOCATION
W/ActivityManager( 1255): getRunningAppProcesses: caller 10107 does not hold REAL_GET_TASKS; limiting output
W/ActivityManager( 1255): getRunningAppProcesses: caller 10107 does not hold REAL_GET_TASKS; limiting output
W/ActivityManager( 1255): getRunningAppProcesses: caller 10107 does not hold REAL_GET_TASKS; limiting output
W/ActivityManager( 1255): getRunningAppProcesses: caller 10107 does not hold REAL_GET_TASKS; limiting output
W/ActivityManager( 1255): getRunningAppProcesses: caller 10107 does not hold REAL_GET_TASKS; limiting output
I/ActivityManager( 1255): collectReceiverComponents for intent: Intent { act=android.net.wifi.SCAN_RESULTS flg=0x4000010 (has extras) }, receivers: [ResolveInfo{d424924 com.android.settings/.wifi.cmcc.ConnectSwitchReceiver m=0x108000 euid=0}]
W/ActivityManager( 1255): getRunningAppProcesses: caller 10022 does not hold REAL_GET_TASKS; limiting output
D/HwLocalLocationProvider( 1255): this loc is Better than Last Location
D/HwLocalLocationProvider( 1255): cellid 21668 is Exist, update  cellinfo to DB
D/HwLocalLocationProvider( 1255): update loc to cell database
W/ActivityManager( 1255): getRunningAppProcesses: caller 10107 does not hold REAL_GET_TASKS; limiting output
W/ActivityManager( 1255): getRunningAppProcesses: caller 10107 does not hold REAL_GET_TASKS; limiting output
I/HwMtmBroadcastResourceManager( 1255): removeReceiver mtm Broadcast
D/WifiService( 1255): startScan, pid:7378, uid:10107
I/ActivityManager( 1255): collectReceiverComponents for intent: Intent { act=android.net.wifi.SCAN_RESULTS flg=0x4000010 (has extras) }, receivers: [ResolveInfo{f237caf com.android.settings/.wifi.cmcc.ConnectSwitchReceiver m=0x108000 euid=0}]
W/ActivityManager( 1255): getRunningAppProcesses: caller 10107 does not hold REAL_GET_TASKS; limiting output
D/HwLocalLocationProvider( 1255): update loc to bssid database
W/ActivityManager( 1255): getRunningAppProcesses: caller 10107 does not hold REAL_GET_TASKS; limiting output
I/ActivityManager( 1255): collectReceiverComponents for intent: Intent { act=android.location.LOCATION_REQUEST_CHANGE_ACTION flg=0x10 (has extras) }, receivers: null
I/ActivityManager( 1255): collectReceiverComponents for intent: Intent { act=android.location.HIGH_POWER_REQUEST_CHANGE flg=0x10 (has extras) }, receivers: null
I/HwMtmBroadcastResourceManager( 1255): removeReceiver mtm Broadcast
I/HwActivityManagerService( 1255): PackageName for pid 2167 is com.android.systemui
I/HwMtmBroadcastResourceManager( 1255): removeReceiver mtm Broadcast
I/HwMtmBroadcastResourceManager( 1255): removeReceiver mtm Broadcast
D/ConnectivityService( 1255): releasing NetworkRequest NetworkRequest [ id=30, legacyType=3, [ Transports: CELLULAR Capabilities: SUPL&NOT_RESTRICTED&TRUSTED&NOT_VPN] ]
D/ConnectivityService( 1255): sending notification RELEASED for NetworkRequest [ id=30, legacyType=3, [ Transports: CELLULAR Capabilities: SUPL&NOT_RESTRICTED&TRUSTED&NOT_VPN] ]
W/NotificationService( 1255): NOSOUND: no valid sound
I/ActivityManager( 1255): collectReceiverComponents for intent: Intent { act=android.intent.action.ANY_DATA_STATE flg=0x10 (has extras) }, receivers: null
I/ActivityManager( 1255): collectReceiverComponents for intent: Intent { act=android.intent.action.PRECISE_DATA_CONNECTION_STATE_CHANGED flg=0x10 (has extras) }, receivers: null
I/ActivityManager( 1255): collectReceiverComponents for intent: Intent { act=android.location.GPS_ENABLED_CHANGE flg=0x10 (has extras) }, receivers: null
I/ActivityManager( 1255): collectReceiverComponents for intent: Intent { act=android.location.HIGH_POWER_REQUEST_CHANGE flg=0x10 }, receivers: null
I/ActivityManager( 1255): collectReceiverComponents for intent: Intent { act=android.intent.action.ANY_DATA_STATE flg=0x10 (has extras) }, receivers: null
I/ActivityManager( 1255): collectReceiverComponents for intent: Intent { act=android.intent.action.PRECISE_DATA_CONNECTION_STATE_CHANGED flg=0x10 (has extras) }, receivers: null
I/ActivityManager( 1255): collectReceiverComponents for intent: Intent { act=android.intent.action.ANY_DATA_STATE flg=0x10 (has extras) }, receivers: null
I/ActivityManager( 1255): collectReceiverComponents for intent: Intent { act=android.intent.action.PRECISE_DATA_CONNECTION_STATE_CHANGED flg=0x10 (has extras) }, receivers: null
I/ActivityManager( 1255): collectReceiverComponents for intent: Intent { act=android.intent.action.ANY_DATA_STATE flg=0x10 (has extras) }, receivers: null
I/ActivityManager( 1255): collectReceiverComponents for intent: Intent { act=android.intent.action.PRECISE_DATA_CONNECTION_STATE_CHANGED flg=0x10 (has extras) }, receivers: null
I/ActivityManager( 1255): collectReceiverComponents for intent: Intent { act=android.intent.action.ANY_DATA_STATE flg=0x10 (has extras) }, receivers: null
I/ActivityManager( 1255): collectReceiverComponents for intent: Intent { act=android.intent.action.PRECISE_DATA_CONNECTION_STATE_CHANGED flg=0x10 (has extras) }, receivers: null
I/ActivityManager( 1255): collectReceiverComponents for intent: Intent { act=android.intent.action.ANY_DATA_STATE flg=0x10 (has extras) }, receivers: null
I/ActivityManager( 1255): collectReceiverComponents for intent: Intent { act=android.intent.action.PRECISE_DATA_CONNECTION_STATE_CHANGED flg=0x10 (has extras) }, receivers: null
I/ActivityManager( 1255): collectReceiverComponents for intent: Intent { act=android.intent.action.ANY_DATA_STATE flg=0x10 (has extras) }, receivers: null
I/ActivityManager( 1255): collectReceiverComponents for intent: Intent { act=android.intent.action.PRECISE_DATA_CONNECTION_STATE_CHANGED flg=0x10 (has extras) }, receivers: null
I/ActivityManager( 1255): collectReceiverComponents for intent: Intent { act=android.intent.action.ANY_DATA_STATE flg=0x10 (has extras) }, receivers: null
I/ActivityManager( 1255): collectReceiverComponents for intent: Intent { act=android.intent.action.PRECISE_DATA_CONNECTION_STATE_CHANGED flg=0x10 (has extras) }, receivers: null
I/ActivityManager( 1255): collectReceiverComponents for intent: Intent { act=android.intent.action.ANY_DATA_STATE flg=0x10 (has extras) }, receivers: null
I/ActivityManager( 1255): collectReceiverComponents for intent: Intent { act=android.intent.action.PRECISE_DATA_CONNECTION_STATE_CHANGED flg=0x10 (has extras) }, receivers: null
I/ActivityManager( 1255): collectReceiverComponents for intent: Intent { act=android.intent.action.ANY_DATA_STATE flg=0x10 (has extras) }, receivers: null
I/ActivityManager( 1255): collectReceiverComponents for intent: Intent { act=android.intent.action.PRECISE_DATA_CONNECTION_STATE_CHANGED flg=0x10 (has extras) }, receivers: null
I/ActivityManager( 1255): collectReceiverComponents for intent: Intent { act=android.intent.action.ANY_DATA_STATE flg=0x10 (has extras) }, receivers: null
I/ActivityManager( 1255): collectReceiverComponents for intent: Intent { act=android.intent.action.PRECISE_DATA_CONNECTION_STATE_CHANGED flg=0x10 (has extras) }, receivers: null
I/ActivityManager( 1255): collectReceiverComponents for intent: Intent { act=android.intent.action.ANY_DATA_STATE flg=0x10 (has extras) }, receivers: null
I/ActivityManager( 1255): collectReceiverComponents for intent: Intent { act=android.intent.action.PRECISE_DATA_CONNECTION_STATE_CHANGED flg=0x10 (has extras) }, receivers: null
I/ActivityManager( 1255): collectReceiverComponents for intent: Intent { act=android.intent.action.ANY_DATA_STATE flg=0x10 (has extras) }, receivers: null
I/ActivityManager( 1255): collectReceiverComponents for intent: Intent { act=android.intent.action.PRECISE_DATA_CONNECTION_STATE_CHANGED flg=0x10 (has extras) }, receivers: null
I/ActivityManager( 1255): collectReceiverComponents for intent: Intent { act=android.intent.action.ANY_DATA_STATE flg=0x10 (has extras) }, receivers: null
I/ActivityManager( 1255): collectReceiverComponents for intent: Intent { act=android.intent.action.PRECISE_DATA_CONNECTION_STATE_CHANGED flg=0x10 (has extras) }, receivers: null
I/ActivityManager( 1255): collectReceiverComponents for intent: Intent { act=android.intent.action.ANY_DATA_STATE flg=0x10 (has extras) }, receivers: null
I/ActivityManager( 1255): collectReceiverComponents for intent: Intent { act=android.intent.action.PRECISE_DATA_CONNECTION_STATE_CHANGED flg=0x10 (has extras) }, receivers: null
I/ActivityManager( 1255): collectReceiverComponents for intent: Intent { act=android.intent.action.ANY_DATA_STATE flg=0x10 (has extras) }, receivers: null
I/ActivityManager( 1255): collectReceiverComponents for intent: Intent { act=android.intent.action.PRECISE_DATA_CONNECTION_STATE_CHANGED flg=0x10 (has extras) }, receivers: null
I/ActivityManager( 1255): collectReceiverComponents for intent: Intent { act=android.intent.action.ANY_DATA_STATE flg=0x10 (has extras) }, receivers: null
I/ActivityManager( 1255): collectReceiverComponents for intent: Intent { act=android.intent.action.PRECISE_DATA_CONNECTION_STATE_CHANGED flg=0x10 (has extras) }, receivers: null
I/ActivityManager( 1255): collectReceiverComponents for intent: Intent { act=android.intent.action.ANY_DATA_STATE flg=0x10 (has extras) }, receivers: null
I/ActivityManager( 1255): collectReceiverComponents for intent: Intent { act=android.intent.action.PRECISE_DATA_CONNECTION_STATE_CHANGED flg=0x10 (has extras) }, receivers: null
I/ActivityManager( 1255): collectReceiverComponents for intent: Intent { act=android.intent.action.ANY_DATA_STATE flg=0x10 (has extras) }, receivers: null
I/ActivityManager( 1255): collectReceiverComponents for intent: Intent { act=android.intent.action.PRECISE_DATA_CONNECTION_STATE_CHANGED flg=0x10 (has extras) }, receivers: null
I/ActivityManager( 1255): collectReceiverComponents for intent: Intent { act=android.intent.action.ANY_DATA_STATE flg=0x10 (has extras) }, receivers: null
I/ActivityManager( 1255): collectReceiverComponents for intent: Intent { act=android.intent.action.PRECISE_DATA_CONNECTION_STATE_CHANGED flg=0x10 (has extras) }, receivers: null
I/HwActivityManagerService( 1255): PackageName for pid 9177 is android
V/AlarmManager( 1255): set(PendingIntent{7398bc: PendingIntentRecord{5f5046b android broadcastIntent}}) : type=0 triggerAtTime=1525400172180 win=0 tElapsed=61328593 maxElapsed=61328593 interval=0 flags=0x9
W/ActivityManager( 1255): getRunningAppProcesses: caller 10099 does not hold REAL_GET_TASKS; limiting output
W/ActivityManager( 1255): getRunningAppProcesses: caller 10107 does not hold REAL_GET_TASKS; limiting output
I/ActivityManager( 1255): collectReceiverComponents for intent: Intent { act=android.intent.action.SIG_STR flg=0x20000010 (has extras) }, receivers: null
W/ActivityManager( 1255): getRunningAppProcesses: caller 10099 does not hold REAL_GET_TASKS; limiting output
D/SmartHeartBeat( 1255): setAlarmsAdjust...
V/AlarmManager( 1255): sending alarm Alarm{7298045 type 3 when 60776413 android},repeatInterval = 0
I/ActivityManager( 1255): collectReceiverComponents for intent: Intent { act=android.intent.action.SIG_STR flg=0x20000010 (has extras) }, receivers: null
W/ActivityManager( 1255): getRunningAppProcesses: caller 10099 does not hold REAL_GET_TASKS; limiting output
W/ActivityManager( 1255): getRunningAppProcesses: caller 10099 does not hold REAL_GET_TASKS; limiting output
V/AlarmManager( 1255): Alarm triggering (type 0 or 2): [Alarm{c1ed39a type 2 when 60791890 com.tencent.mm}]
V/AlarmManager( 1255): sending alarm Alarm{c1ed39a type 2 when 60791890 com.tencent.mm},repeatInterval = 0
I/ActivityManager( 1255): collectReceiverComponents for intent: Intent { act=ALARM_ACTION(8136) flg=0x14 (has extras) }, receivers: null
I/HwActivityManagerService( 1255): PackageName for pid 8136 is com.tencent.mm
I/ActivityManager( 1255): collectReceiverComponents for intent: Intent { flg=0x10 cmp=com.tencent.mm/.booter.NotifyReceiver (has extras) }, receivers: [ResolveInfo{b534cb com.tencent.mm/.booter.NotifyReceiver m=0x0 euid=0}]
V/AlarmManager( 1255): set(PendingIntent{33f84a8: PendingIntentRecord{e66dbc1 com.tencent.mm broadcastIntent}}) : type=2 triggerAtTime=60799893 win=0 tElapsed=60799893 maxElapsed=60799893 interval=0 flags=0x9
I/HwActivityManagerService( 1255): PackageName for pid 8136 is com.tencent.mm
V/AlarmManager( 1255): set(PendingIntent{1068f66: PendingIntentRecord{e6052a7 com.tencent.mm broadcastIntent}}) : type=2 triggerAtTime=61001911 win=0 tElapsed=61001911 maxElapsed=61001911 interval=0 flags=0x9
I/HwActivityManagerService( 1255): PackageName for pid 8136 is com.tencent.mm
V/AlarmManager( 1255): set(PendingIntent{c5c4354: PendingIntentRecord{6c472fd com.tencent.mm broadcastIntent}}) : type=2 triggerAtTime=61001928 win=0 tElapsed=61001928 maxElapsed=61001928 interval=0 flags=0x9
D/HwBatteryService( 1255): onUEvent fcp_values = 0
D/WifiService( 1255): onReceive, action:android.intent.action.BATTERY_CHANGED
D/WifiService( 1255): ACTION_BATTERY_CHANGED pluggedType: 0
D/WifiService( 1255): startScan, pid:7378, uid:10107
I/ActivityManager( 1255): collectReceiverComponents for intent: Intent { act=android.net.wifi.SCAN_RESULTS flg=0x4000010 (has extras) }, receivers: [ResolveInfo{95c3bf2 com.android.settings/.wifi.cmcc.ConnectSwitchReceiver m=0x108000 euid=0}]
W/ActivityManager( 1255): getRunningAppProcesses: caller 10107 does not hold REAL_GET_TASKS; limiting output
I/ActivityManager( 1255): collectReceiverComponents for intent: Intent { act=android.intent.action.SIG_STR flg=0x20000010 (has extras) }, receivers: null
W/ActivityManager( 1255): getRunningAppProcesses: caller 10099 does not hold REAL_GET_TASKS; limiting output
E/NetlinkEvent(  396): NetlinkEvent::FindParam(): Parameter 'UID' not found
W/SocketListener(  396): sending broadcast to Pid = 1255, Uid = 1000 
D/NetdConnector( 1255): RCV <- {613 IfaceClass idle 1 60806984083963}
D/NetdConnector( 1255): RCV <- {613 IfaceClass idle 1 60806984083963}
D/NetdConnector( 1255): RCV unsolicited event from native daemon, event = 613 IfaceClass idle 1 60806984083963
D/NetworkManagement( 1255): notifyInterfaceClassActivity: client is com.android.server.net.NetworkStatsService$7@1a816f6
D/NetworkManagement( 1255): notifyInterfaceClassActivity: client is com.android.server.ethernet.EthernetNetworkFactory$InterfaceObserver@85e82e9
D/NetworkManagement( 1255): notifyInterfaceClassActivity: client is com.android.server.net.NetworkPolicyManagerService$14@9262107
D/NetworkManagement( 1255): notifyInterfaceClassActivity: client is com.android.server.connectivity.Tethering@9baa873
D/NetworkManagement( 1255): notifyInterfaceClassActivity: client is com.android.server.net.NetlinkTracker@c7648ba
D/NetworkManagement( 1255): notifyInterfaceClassActivity: client is android.net.INetworkManagementEventObserver$Stub$Proxy@87e9ea6
D/NetworkManagement( 1255): notifyInterfaceClassActivity: client is com.android.server.connectivity.Vpn$3@d8d6788
D/NetworkManagement( 1255): notifyInterfaceClassActivity: client is com.android.server.ConnectivityService$2@fbef330
I/ActivityManager( 1255): collectReceiverComponents for intent: Intent { act=android.net.conn.DATA_ACTIVITY_CHANGE flg=0x10 (has extras) }, receivers: null
D/HwBatteryService( 1255): onUEvent fcp_values = 0
I/HwBatteryService( 1255): update battery new values: chargerAcOnline=false, chargerUsbOnline=false, batteryStatus=3, batteryHealth=2, batteryPresent=true, batteryLevel=93, batteryTechnology=Li-poly, batteryVoltage=4149, batteryTemperature=273, mUpdatesStopped=false
D/WifiService( 1255): onReceive, action:android.intent.action.BATTERY_CHANGED
D/WifiService( 1255): ACTION_BATTERY_CHANGED pluggedType: 0
E/NetlinkEvent(  396): NetlinkEvent::FindParam(): Parameter 'UID' not found
W/SocketListener(  396): sending broadcast to Pid = 1255, Uid = 1000 
D/NetdConnector( 1255): RCV <- {613 IfaceClass active 1 60815874135418}
D/NetdConnector( 1255): RCV <- {613 IfaceClass active 1 60815874135418}
D/NetdConnector( 1255): RCV unsolicited event from native daemon, event = 613 IfaceClass active 1 60815874135418
D/NetworkManagement( 1255): notifyInterfaceClassActivity: client is com.android.server.net.NetworkStatsService$7@1a816f6
D/NetworkManagement( 1255): notifyInterfaceClassActivity: client is com.android.server.ethernet.EthernetNetworkFactory$InterfaceObserver@85e82e9
D/NetworkManagement( 1255): notifyInterfaceClassActivity: client is com.android.server.net.NetworkPolicyManagerService$14@9262107
D/NetworkManagement( 1255): notifyInterfaceClassActivity: client is com.android.server.connectivity.Tethering@9baa873
D/NetworkManagement( 1255): notifyInterfaceClassActivity: client is com.android.server.net.NetlinkTracker@c7648ba
D/NetworkManagement( 1255): notifyInterfaceClassActivity: client is android.net.INetworkManagementEventObserver$Stub$Proxy@87e9ea6
D/NetworkManagement( 1255): notifyInterfaceClassActivity: client is com.android.server.connectivity.Vpn$3@d8d6788
D/NetworkManagement( 1255): notifyInterfaceClassActivity: client is com.android.server.ConnectivityService$2@fbef330
I/ActivityManager( 1255): collectReceiverComponents for intent: Intent { act=android.net.conn.DATA_ACTIVITY_CHANGE flg=0x10 (has extras) }, receivers: null
W/ActivityManager( 1255): getRunningAppProcesses: caller 10099 does not hold REAL_GET_TASKS; limiting output
I/coverxcms( 1255): handle HALL sensor event!
I/coverxcms( 1255): handle HALL sensor event!
I/ActivityManager( 1255): collectReceiverComponents for intent: Intent { act=android.intent.action.SIG_STR flg=0x20000010 (has extras) }, receivers: null
W/ActivityManager( 1255): getRunningAppProcesses: caller 10099 does not hold REAL_GET_TASKS; limiting output
V/AlarmManager( 1255): sending alarm Alarm{5b57243 type 3 when 60836413 android},repeatInterval = 0
I/ActivityManager( 1255): collectReceiverComponents for intent: Intent { act=android.intent.action.SIG_STR flg=0x20000010 (has extras) }, receivers: null
W/ActivityManager( 1255): getRunningAppProcesses: caller 10099 does not hold REAL_GET_TASKS; limiting output
D/WifiService( 1255): startScan, pid:7378, uid:10107
W/ActivityManager( 1255): getRunningAppProcesses: caller 10099 does not hold REAL_GET_TASKS; limiting output
I/ActivityManager( 1255): collectReceiverComponents for intent: Intent { act=android.net.wifi.SCAN_RESULTS flg=0x4000010 (has extras) }, receivers: [ResolveInfo{9e440c0 com.android.settings/.wifi.cmcc.ConnectSwitchReceiver m=0x108000 euid=0}]
W/ActivityManager( 1255): getRunningAppProcesses: caller 10107 does not hold REAL_GET_TASKS; limiting output
I/coverxcms( 1255): handle HALL sensor event!
I/coverxcms( 1255): handle HALL sensor event!
I/coverxcms( 1255): handle HALL sensor event!
I/coverxcms( 1255): handle HALL sensor event!
E/NetlinkEvent(  396): NetlinkEvent::FindParam(): Parameter 'UID' not found
W/SocketListener(  396): sending broadcast to Pid = 1255, Uid = 1000 
D/NetdConnector( 1255): RCV <- {613 IfaceClass idle 1 60862224101442}
D/NetdConnector( 1255): RCV <- {613 IfaceClass idle 1 60862224101442}
D/NetdConnector( 1255): RCV unsolicited event from native daemon, event = 613 IfaceClass idle 1 60862224101442
D/NetworkManagement( 1255): notifyInterfaceClassActivity: client is com.android.server.net.NetworkStatsService$7@1a816f6
D/NetworkManagement( 1255): notifyInterfaceClassActivity: client is com.android.server.ethernet.EthernetNetworkFactory$InterfaceObserver@85e82e9
D/NetworkManagement( 1255): notifyInterfaceClassActivity: client is com.android.server.net.NetworkPolicyManagerService$14@9262107
D/NetworkManagement( 1255): notifyInterfaceClassActivity: client is com.android.server.connectivity.Tethering@9baa873
D/NetworkManagement( 1255): notifyInterfaceClassActivity: client is com.android.server.net.NetlinkTracker@c7648ba
D/NetworkManagement( 1255): notifyInterfaceClassActivity: client is android.net.INetworkManagementEventObserver$Stub$Proxy@87e9ea6
D/NetworkManagement( 1255): notifyInterfaceClassActivity: client is com.android.server.connectivity.Vpn$3@d8d6788
D/NetworkManagement( 1255): notifyInterfaceClassActivity: client is com.android.server.ConnectivityService$2@fbef330
I/ActivityManager( 1255): collectReceiverComponents for intent: Intent { act=android.net.conn.DATA_ACTIVITY_CHANGE flg=0x10 (has extras) }, receivers: null
I/ActivityManager( 1255): collectReceiverComponents for intent: Intent { act=android.intent.action.SIG_STR flg=0x20000010 (has extras) }, receivers: null
W/ActivityManager( 1255): getRunningAppProcesses: caller 10099 does not hold REAL_GET_TASKS; limiting output
D/HwBatteryService( 1255): onUEvent fcp_values = 0
W/ContextImpl( 2057): Calling a method in the system process without a qualified user: android.app.ContextImpl.sendBroadcast:848 android.content.ContextWrapper.sendBroadcast:396 com.huawei.systemmanager.power.service.BgPowerManagerService.handleBatteryChange:477 com.huawei.systemmanager.power.service.BgPowerManagerService.access$800:74 com.huawei.systemmanager.power.service.BgPowerManagerService$2.handleMessage:393 
D/WifiService( 1255): onReceive, action:android.intent.action.BATTERY_CHANGED
D/WifiService( 1255): ACTION_BATTERY_CHANGED pluggedType: 0
I/ActivityManager( 1255): collectReceiverComponents for intent: Intent { act=android.intent.action.POWER_STATISTIC flg=0x10 }, receivers: [ResolveInfo{66a41f9 com.huawei.systemmanager/.power.receiver.BootBroadcastReceiver m=0x108000 euid=0}]
I/ActivityManager( 1255): retrieveServiceLocked, callerApp: ProcessRecord{3e7643e 6047:com.huawei.systemmanager/1000}, flags: 400
I/ActivityManager( 1255): bindServiceLocked, r: ServiceRecord{aee253e u0 euid: 0 com.huawei.systemmanager/.util.content.HsmIntentService_ui}, euid: 0
D/HwBatteryService( 1255): onUEvent fcp_values = 0
D/HwBatteryService( 1255): onUEvent fcp_values = 0
D/HwBatteryService( 1255): onUEvent fcp_values = 0
I/HwBatteryService( 1255): update battery new values: chargerAcOnline=false, chargerUsbOnline=true, batteryStatus=2, batteryHealth=2, batteryPresent=true, batteryLevel=93, batteryTechnology=Li-poly, batteryVoltage=4179, batteryTemperature=273, mUpdatesStopped=false
I/ActivityManager( 1255): collectReceiverComponents for intent: Intent { act=android.intent.action.ACTION_POWER_CONNECTED flg=0x4000010 }, receivers: [ResolveInfo{2b2ef9f com.huawei.appmarket/.service.alarm.PowerConnectChangeReceiver p=2147483647 m=0x108000 euid=0}, ResolveInfo{f2ca8ec com.huawei.systemmanager/.power.receiver.BootBroadcastReceiver m=0x108000 euid=0}, ResolveInfo{40404b5 com.huawei.android.hwouc/.biz.impl.reveiver.PowerConnectedReceiver m=0x108000 euid=0}, ResolveInfo{823574a com.huawei.bd/.collector.BDReceiver m=0x108000 euid=0}, ResolveInfo{8e0e6bb com.huawei.phoneservice/com.huawei.phoneserviceuni.common.baseclass.MonitorReceiver m=0x108000 euid=0}, ResolveInfo{db167d8 com.android.browser/com.tencent.mtt.browser.push.service.ConnectivityReceiver m=0x108000 euid=0}]
I/ActivityManager( 1255): new Process app=ProcessRecord{b3d3731 0:com.huawei.appmarket/u0a15}, name: com.huawei.appmarket, euid: 0
D/PowerManagerService( 1255): wakeUpNoUpdateLocked: eventTime=23797588, uid=1000
D/WifiService( 1255): onReceive, action:android.intent.action.BATTERY_CHANGED
D/WifiService( 1255): ACTION_BATTERY_CHANGED pluggedType: 2
I/EntropyMixer( 1255): Writing entropy...
D/SmartHeartBeat( 1255): setAlarmsAdjust...
W/PowerUI ( 2167): unknown intent: Intent { act=android.intent.action.ACTION_POWER_CONNECTED flg=0x4000010 }
I/ActivityManager( 1255): Start proc 7741:com.huawei.appmarket/u0a15 for broadcast com.huawei.appmarket/.service.alarm.PowerConnectChangeReceiver
I/ActivityManager( 1255): collectReceiverComponents for intent: Intent { act=android.os.action.CHARGING flg=0x4000010 }, receivers: null
I/ActivityManager( 1255): retrieveServiceLocked, callerApp: ProcessRecord{64e42fd 0:system/1000}, flags: 400
I/ActivityManager( 1255): bindServiceLocked, r: ServiceRecord{cfd156d u0 euid: 0 android/com.android.server.backup.KeyValueBackupJob}, euid: 0
I/ActivityManager( 1255): retrieveServiceLocked, callerApp: ProcessRecord{64e42fd 0:system/1000}, flags: 400
I/ActivityManager( 1255): bindServiceLocked, r: ServiceRecord{7e959f0 u0 euid: 0 com.sankuai.meituan/com.dianping.base.push.pushservice.PushWakeUpJob}, euid: 0
D/WifiService( 1255): onReceive, action:android.intent.action.BATTERY_CHANGED
D/WifiService( 1255): ACTION_BATTERY_CHANGED pluggedType: 2
W/BackupManagerService( 1255): Backup pass but e=false p=true
I/HwActivityManagerService( 1255): PackageName for pid 1255 is android
I/ActivityManager( 1255): collectReceiverComponents for intent: Intent { act=android.hardware.usb.action.USB_STATE flg=0x30000010 (has extras) }, receivers: [ResolveInfo{c22251c com.android.providers.media/.MtpReceiver m=0x108000 euid=0}, ResolveInfo{1808525 com.android.settings/.deviceinfo.UsbReceiver m=0x108000 euid=0}]
W/NotificationService( 1255): NOSOUND: no valid sound
D/ActivityThread( 7741): ActivityThread,attachApplication
D/ActivityManager( 1255): ActivityManagerService,attachApplication,callingPid = 7741
V/ActivityManager( 1255): New app record ProcessRecord{b3d3731 7741:com.huawei.appmarket/u0a15} thread=android.os.BinderProxy@be826fa pid=7741
I/ActivityManager( 1255): retrieveServiceLocked, callerApp: ProcessRecord{efb5e17 6333:android.process.media/u0a4}, flags: 400
I/ActivityManager( 1255): collectReceiverComponents for intent: Intent { act=android.hardware.usb.action.USB_STATE flg=0x30000010 (has extras) }, receivers: [ResolveInfo{d14f4ab com.android.providers.media/.MtpReceiver m=0x108000 euid=0}, ResolveInfo{bba7708 com.android.settings/.deviceinfo.UsbReceiver m=0x108000 euid=0}]
W/ContextImpl(20762): Calling a method in the system process without a qualified user: android.app.ContextImpl.startService:1378 android.content.ContextWrapper.startService:581 android.content.ContextWrapper.startService:581 com.android.settings.deviceinfo.UsbReceiver.onUsbStateReceive:153 com.android.settings.deviceinfo.UsbReceiver.onReceive:73 
I/ActivityManager( 1255): retrieveServiceLocked, callerApp: ProcessRecord{c7d2586 20762:com.android.settings/1000}, flags: 400
I/ActivityManager( 1255): bindServiceLocked, r: ServiceRecord{6d94ea1 u0 euid: 0 com.android.settings/.deviceinfo.UsbConnectedService}, euid: 0
W/ContextImpl(20762): Calling a method in the system process without a qualified user: android.app.ContextImpl.startService:1378 android.content.ContextWrapper.startService:581 android.content.ContextWrapper.startService:581 com.android.settings.deviceinfo.UsbReceiver.onUsbStateReceive:194 com.android.settings.deviceinfo.UsbReceiver.onReceive:73 
I/ActivityManager( 1255): retrieveServiceLocked, callerApp: ProcessRecord{efb5e17 6333:android.process.media/u0a4}, flags: 400
I/ActivityManager( 1255): bindServiceLocked, r: ServiceRecord{201b8c6 u0 euid: 0 com.android.providers.media/.MtpService}, euid: 0
I/HwActivityManagerService( 1255): PackageName for pid 20762 is com.android.settings
I/HwActivityManagerService( 1255): PackageName for pid 20762 is com.android.settings
I/HwActivityManagerService( 1255): PackageName for pid 20762 is com.android.settings
I/HwActivityManagerService( 1255): PackageName for pid 20762 is com.android.settings
D/HwBatteryService( 1255): onUEvent fcp_values = 0
W/NotificationService( 1255): NOSOUND: no valid sound
W/ContextImpl(20762): Calling a method in the system process without a qualified user: android.app.ContextImpl.startService:1378 android.content.ContextWrapper.startService:581 android.content.ContextWrapper.startService:581 com.android.settings.deviceinfo.UsbReceiver.onUsbStateReceive:153 com.android.settings.deviceinfo.UsbReceiver.onReceive:73 
D/WifiService( 1255): onReceive, action:android.intent.action.BATTERY_CHANGED
D/WifiService( 1255): ACTION_BATTERY_CHANGED pluggedType: 2
I/HwMtmBroadcastResourceManager( 1255): removeReceiver mtm Broadcast
I/ActivityManager( 1255): retrieveServiceLocked, callerApp: ProcessRecord{3e7643e 6047:com.huawei.systemmanager/1000}, flags: 400
I/ActivityManager( 1255): bindServiceLocked, r: ServiceRecord{df5ce4d u0 euid: 0 com.huawei.systemmanager/.util.content.HsmIntentService_ui}, euid: 0
I/ActivityManager( 1255): new Process app=ProcessRecord{3127d02 0:com.huawei.android.hwouc/u0a48}, name: com.huawei.android.hwouc, euid: 0
I/ActivityManager( 1255): Start proc 7808:com.huawei.android.hwouc/u0a48 for broadcast com.huawei.android.hwouc/.biz.impl.reveiver.PowerConnectedReceiver
I/ActivityManager( 1255): collectReceiverComponents for intent: Intent { act=com.huawei.appmarket.service.downloadservice.Receiver flg=0x10 }, receivers: null
I/ActivityManager( 1255): collectReceiverComponents for intent: Intent { act=com.huawei.appmarket.service.downloadservice.Receiver flg=0x10 }, receivers: null
I/ActivityManager( 1255): collectReceiverComponents for intent: Intent { act=com.huawei.appmarket.service.downloadservice.Receiver flg=0x10 }, receivers: null
D/ActivityThread( 7808): ActivityThread,attachApplication
D/ActivityManager( 1255): ActivityManagerService,attachApplication,callingPid = 7808
V/ActivityManager( 1255): New app record ProcessRecord{3127d02 7808:com.huawei.android.hwouc/u0a48} thread=android.os.BinderProxy@2820613 pid=7808
W/ActivityManager( 1255): getRunningAppProcesses: caller 10048 does not hold REAL_GET_TASKS; limiting output
D/CryptdConnector( 1255): SND -> {9 cryptfs cryptocomplete}
D/VoldCryptCmdListener(  320): cryptfs cryptocomplete
E/vold_Cryptfs(  320): not running with encryption, aborting
D/CryptdConnector( 1255): RCV <- {200 9 1}
D/CryptdConnector( 1255): RCV <- {200 9 1}
I/ActivityManager( 1255): retrieveServiceLocked, callerApp: ProcessRecord{3127d02 7808:com.huawei.android.hwouc/u0a48}, flags: 400
I/ActivityManager( 1255): bindServiceLocked, r: ServiceRecord{4e89050 u0 euid: 0 com.huawei.android.hwouc/.biz.impl.service.WifiAutoDownloadManageService}, euid: 0
I/ActivityManager( 1255): new Process app=ProcessRecord{de0249 0:com.huawei.phoneservice/u0a16}, name: com.huawei.phoneservice, euid: 0
I/ActivityManager( 1255): Start proc 7824:com.huawei.phoneservice/u0a16 for broadcast com.huawei.phoneservice/com.huawei.phoneserviceuni.common.baseclass.MonitorReceiver
D/WifiService( 1255): getWifiServiceMessenger, pid:7808, uid:10048
D/ActivityThread( 7824): ActivityThread,attachApplication
D/ActivityManager( 1255): ActivityManagerService,attachApplication,callingPid = 7824
V/ActivityManager( 1255): New app record ProcessRecord{de0249 7824:com.huawei.phoneservice/u0a16} thread=android.os.BinderProxy@af674e pid=7824
W/ActivityManager( 1255): getRunningAppProcesses: caller 10048 does not hold REAL_GET_TASKS; limiting output
I/ActivityManager( 1255): retrieveServiceLocked, callerApp: ProcessRecord{de0249 7824:com.huawei.phoneservice/u0a16}, flags: 400
I/ActivityManager( 1255): bindServiceLocked, r: ServiceRecord{3fb7a05 u0 euid: 0 com.huawei.phoneservice/com.huawei.feedback.component.AutoUploadService}, euid: 0
I/ActivityManager( 1255): mAm.startProcessLocked for service: ServiceRecord{3fb7a05 u0 euid: 0 com.huawei.phoneservice/com.huawei.feedback.component.AutoUploadService}, appinfo euid: 0
I/ActivityManager( 1255): new Process app=ProcessRecord{61eaa5a 0:com.huawei.phoneservice:autologuploadservice/u0a16}, name: com.huawei.phoneservice:autologuploadservice, euid: 0
I/ActivityManager( 1255): Start proc 7846:com.huawei.phoneservice:autologuploadservice/u0a16 for service com.huawei.phoneservice/com.huawei.feedback.component.AutoUploadService
I/HwActivityManagerService( 1255): PackageName for pid 7824 is com.huawei.phoneservice
I/ActivityManager( 1255): new Process app=ProcessRecord{e92248b 0:com.android.browser:service/u0a8}, name: com.android.browser:service, euid: 0
I/ActivityManager( 1255): Start proc 7858:com.android.browser:service/u0a8 for broadcast com.android.browser/com.tencent.mtt.browser.push.service.ConnectivityReceiver
D/ActivityThread( 7846): ActivityThread,attachApplication
D/ActivityManager( 1255): ActivityManagerService,attachApplication,callingPid = 7846
V/ActivityManager( 1255): New app record ProcessRecord{61eaa5a 7846:com.huawei.phoneservice:autologuploadservice/u0a16} thread=android.os.BinderProxy@9de1968 pid=7846
D/ActivityThread( 7858): ActivityThread,attachApplication
D/ActivityManager( 1255): ActivityManagerService,attachApplication,callingPid = 7858
V/ActivityManager( 1255): New app record ProcessRecord{e92248b 7858:com.android.browser:service/u0a8} thread=android.os.BinderProxy@dbeb181 pid=7858
I/ActivityManager( 1255): Process com.android.browser:service (pid 7858) has died
D/ActivityManager( 1255): cleanUpApplicationRecord -- 7858
I/ActivityManager( 1255): cleanUpApplicationRecordLocked, reset pid: 7858, euid: 0
D/VibratorService( 1255): vibrate on: uid is 10054,pid is 3643,packagename = com.huawei.android.launcher
W/InputMethodManagerService( 1255): Window already focused, ignoring focus gain of: com.android.internal.view.IInputMethodClient$Stub$Proxy@127ee75 attribute=null, token = android.os.BinderProxy@2997154
I/ActivityManager( 1255): Force stopping com.xueqiu.android appid=10114 user=-1: uninstall pkg
D/HwBroadcastQueue( 1255): cleanupDisabledPackageReceiversLocked for userId -1
D/HwBroadcastQueue( 1255): cleanupDisabledPackageReceiversLocked for userId -1
D/HwBroadcastQueue( 1255): cleanupDisabledPackageReceiversLocked for userId -1
D/HwBroadcastQueue( 1255): cleanupDisabledPackageReceiversLocked for userId -1
I/PackageManager( 1255): Removing old permission: com.xueqiu.android.permission.MIPUSH_RECEIVE from package com.xueqiu.android
D/PackageManager( 1255): clear pref activity com.xueqiu.android from uid 1000
I/ActivityManager( 1255): retrieveServiceLocked, callerApp: ProcessRecord{64e42fd 0:system/1000}, flags: 400
I/ActivityManager( 1255): bindServiceLocked, r: ServiceRecord{c265e0a u0 euid: 0 com.android.defcontainer/.DefaultContainerService}, euid: 0
I/ActivityManager( 1255): mAm.startProcessLocked for service: ServiceRecord{c265e0a u0 euid: 0 com.android.defcontainer/.DefaultContainerService}, appinfo euid: 0
I/ActivityManager( 1255): new Process app=ProcessRecord{2b9467b 0:com.android.defcontainer/u0a2}, name: com.android.defcontainer, euid: 0
E/NetlinkEvent(  396): NetlinkEvent::FindParam(): Parameter 'UID' not found
W/SocketListener(  396): sending broadcast to Pid = 1255, Uid = 1000 
D/NetdConnector( 1255): RCV <- {613 IfaceClass active 1 60873951243313}
D/NetdConnector( 1255): RCV <- {613 IfaceClass active 1 60873951243313}
D/NetdConnector( 1255): RCV unsolicited event from native daemon, event = 613 IfaceClass active 1 60873951243313
D/NetworkManagement( 1255): notifyInterfaceClassActivity: client is com.android.server.net.NetworkStatsService$7@1a816f6
D/NetworkManagement( 1255): notifyInterfaceClassActivity: client is com.android.server.ethernet.EthernetNetworkFactory$InterfaceObserver@85e82e9
D/NetworkManagement( 1255): notifyInterfaceClassActivity: client is com.android.server.net.NetworkPolicyManagerService$14@9262107
D/NetworkManagement( 1255): notifyInterfaceClassActivity: client is com.android.server.connectivity.Tethering@9baa873
D/NetworkManagement( 1255): notifyInterfaceClassActivity: client is com.android.server.net.NetlinkTracker@c7648ba
D/NetworkManagement( 1255): notifyInterfaceClassActivity: client is android.net.INetworkManagementEventObserver$Stub$Proxy@87e9ea6
D/NetworkManagement( 1255): notifyInterfaceClassActivity: client is com.android.server.connectivity.Vpn$3@d8d6788
D/NetworkManagement( 1255): notifyInterfaceClassActivity: client is com.android.server.ConnectivityService$2@fbef330
I/ActivityManager( 1255): Start proc 7915:com.android.defcontainer/u0a2 for service com.android.defcontainer/.DefaultContainerService
I/ActivityManager( 1255): collectReceiverComponents for intent: Intent { act=android.net.conn.DATA_ACTIVITY_CHANGE flg=0x10 (has extras) }, receivers: null
I/ActivityManager( 1255): Force stopping com.xueqiu.android appid=10114 user=0: pkg removed
D/HwBroadcastQueue( 1255): cleanupDisabledPackageReceiversLocked for userId 0
D/HwBroadcastQueue( 1255): cleanupDisabledPackageReceiversLocked for userId 0
D/HwBroadcastQueue( 1255): cleanupDisabledPackageReceiversLocked for userId 0
D/HwBroadcastQueue( 1255): cleanupDisabledPackageReceiversLocked for userId 0
I/ActivityManager( 1255): collectReceiverComponents for intent: Intent { act=android.intent.action.PACKAGE_REMOVED dat=package:com.xueqiu.android flg=0x4000010 (has extras) }, receivers: [ResolveInfo{a7eac98 com.huawei.appmarket/.service.installresult.control.InstallerReceiver p=2147483647 m=0x208000 euid=0}, ResolveInfo{615fcf1 com.android.contacts/.compatibility.ContactsProviderReceiver p=1000 m=0x208000 euid=0}, ResolveInfo{dd450d6 com.android.providers.contacts/.PackageIntentReceiver m=0x208000 euid=0}, ResolveInfo{f8bcf57 com.huawei.motionservice/.motionexception.MotionBootReceiver m=0x208000 euid=0}, ResolveInfo{bfdfa44 com.android.musicfx/.Compatibility$Receiver m=0x208000 euid=0}, ResolveInfo{1fc772d com.android.gallery3d/com.huawei.gallery.photoshare.receiver.DisableShareToCloudFunctionReceiver m=0x208000 euid=0}, ResolveInfo{e9ca462 com.huawei.systemmanager/com.huawei.notificationmanager.receiver.Receiver m=0x208000 euid=0}, ResolveInfo{89409f3 com.huawei.systemmanager/com.huawei.permissionmanager.ui.AppInstallationReceiver m=0x208000 euid=0}, ResolveInfo{70276b0 com.huawei.systemmanager/.optimize.OptimizeReceiver m=0x208000 euid=0}, ResolveInfo{8565929 com.huawei.systemmanager/com.huawei.permissionmanager.ui.ComBroadcastReceiver m=0x208000 euid=0}, ResolveInfo{aa4a4ae com.huawei.systemmanager/.power.receiver.BootBroadcastReceiver m=0x208000 euid=0}, ResolveInfo{edb524f com.huawei.systemmanager/.netassistant.netapp.receiver.AppChangeReceiver m=0x208000 euid=0}, ResolveInfo{e904ddc com.huawei.systemmanager/.antivirus.AntiVirusReceiver m=0x208000 euid=0}, ResolveInfo{f525ee5 com.huawei.systemmanager/.addviewmonitor.AppChangeReceiver m=0x208000 euid=0}, ResolveInfo{91a5dba com.huawei.systemmanager/.spacecleanner.receiver.SpaceCleanReceiver m=0x208000 euid=0}, ResolveInfo{a4c46b com.huawei.hwmwlauncher/.HwMwBroadcastReceiver m=0x208000 euid=0}, ResolveInfo{fc26bc8 com.huawei.android.pushagent/.PushEventReceiver m=0x208000 euid=0}, ResolveInfo{74f0461 com.huawei.securitymgr/.AppUninstallReceiver m=0x208000 euid=0}, ResolveInfo{4009b86 com.huawei.android.remotecontrol/com.huawei.android.pushagent.PushEventReceiver m=0x208000 euid=0}, ResolveInfo{3493c47 com.huawei.bd/.collector.BDReceiver m=0x208000 euid=0}, ResolveInfo{c767c74 com.android.keychain/.KeyChainBroadcastReceiver m=0x208000 euid=0}, ResolveInfo{e16859d com.huawei.cloudwifi/com.huawei.android.pushagent.PushEventReceiver m=0x208000 euid=0}, ResolveInfo{baea12 com.huawei.android.ds/com.huawei.android.hicloud.common.receiver.BackupCommonRecevier m=0x208000 euid=0}, ResolveInfo{ed355e3 com.huawei.android.ds/com.huawei.android.pushagent.PushEventReceiver m=0x208000 euid=0}, ResolveInfo{4b8ebe0 com.huawei.android.ds/com.huawei.android.remotecontrol.receiver.UpdateAPKReceiver m=0x208000 euid=0}, ResolveInfo{9dade99 com.sankuai.meituan/com.huawei.android.pushagent.PushEventReceiver m=0x208000 euid=0}]
I/ActivityManager( 1255): collectReceiverComponents for intent: Intent { act=android.intent.action.PACKAGE_FULLY_REMOVED dat=package:com.xueqiu.android flg=0x4000010 (has extras) }, receivers: [ResolveInfo{75b6d3f com.android.server.telecom/.components.PhoneAccountBroadcastReceiver m=0x208000 euid=0}, ResolveInfo{af0e60c com.android.documentsui/.PackageReceiver m=0x208000 euid=0}]
W/InputMethodManagerService( 1255): buildInputMethodListLocked: Skipping IME com.huawei.secime
I/ActivityManager( 1255): collectReceiverComponents for intent: Intent { act=android.intent.action.UID_REMOVED flg=0x4000010 (has extras) }, receivers: [ResolveInfo{ecc56f8 com.android.providers.downloads/.DownloadReceiver m=0x108000 euid=0}]
V/NetworkPolicy( 1255): ACTION_UID_REMOVED for uid=10114
V/NetworkPolicy( 1255): writePolicyLocked()
D/NetdConnector( 1255): SND -> {639 bandwidth gettetherstats}
D/NetdConnector( 1255): RCV <- {200 639 Tethering stats list completed}
D/NetdConnector( 1255): RCV <- {200 639 Tethering stats list completed}
I/HwInputMethodManagerService( 1255): isSecureIMEExist = true
W/InputMethodManagerService( 1255): buildInputMethodListLocked: Skipping IME com.baidu.input_huawei
D/ActivityThread( 7915): ActivityThread,attachApplication
D/ActivityManager( 1255): ActivityManagerService,attachApplication,callingPid = 7915
V/ActivityManager( 1255): New app record ProcessRecord{2b9467b 7915:com.android.defcontainer/u0a2} thread=android.os.BinderProxy@aebeaa4 pid=7915
W/InputMethodManagerService( 1255): buildInputMethodListLocked: Skipping IME com.android.inputmethod.latin
W/InputMethodManagerService( 1255): Default IME is uninstalled. Choose new default IME.
D/VibratorService( 1255): vibrate on: uid is 10054,pid is 3643,packagename = com.huawei.android.launcher
V/NetworkPolicy( 1255): updateNetworkEnabledLocked()
V/NetworkPolicy( 1255): updateNotificationsLocked()
I/ActivityManager( 1255): collectReceiverComponents for intent: Intent { act=com.huawei.appmarket.service.downloadservice.Receiver flg=0x10 }, receivers: null
I/SmartHeartBeat( 1255): listenAppUpdate, package: com.xueqiu.android has been Updated
D/JobSchedulerService( 1255): Receieved: android.intent.action.PACKAGE_REMOVED
D/NetdConnector( 1255): SND -> {640 network permission user clear 10114}
D/NetdConnector( 1255): RCV <- {200 640 success}
D/NetdConnector( 1255): RCV <- {200 640 success}
I/ActivityManager( 1255): collectReceiverComponents for intent: Intent { act=android.search.action.SEARCHABLES_CHANGED flg=0x24000010 }, receivers: null
W/PackageManager( 1255): Couldn't remove dex file for package:  at location /data/app/com.xueqiu.android-2/base.apk, retcode=-1
I/ActivityManager( 1255): new Process app=ProcessRecord{6d3660f 0:com.android.contacts/u0a3}, name: com.android.contacts, euid: 0
I/ActivityManager( 1255): Start proc 7935:com.android.contacts/u0a3 for broadcast com.android.contacts/.compatibility.ContactsProviderReceiver
I/ActivityManager( 1255): Killing 3476:com.huawei.logupload/1000 (adj 15): empty #16
D/ActivityThread( 7935): ActivityThread,attachApplication
D/ActivityManager( 1255): ActivityManagerService,attachApplication,callingPid = 7935
V/ActivityManager( 1255): New app record ProcessRecord{6d3660f 7935:com.android.contacts/u0a3} thread=android.os.BinderProxy@fb5369c pid=7935
D/ActivityManager( 1255): cleanUpApplicationRecord -- 3476
D/WifiService( 1255): Client connection lost with reason: 4
I/ActivityManager( 1255): cleanUpApplicationRecordLocked, reset pid: 3476, euid: 0
I/ActivityManager( 1255): Killing 5747:com.huawei.android.pushagent/u0a50 (adj 15): empty #16
I/ActivityManager( 1255): retrieveServiceLocked, callerApp: ProcessRecord{c8d0079 2319:android.process.acore/u0a3}, flags: 400
I/ActivityManager( 1255): bindServiceLocked, r: ServiceRecord{1003e46 u0 euid: 0 com.android.providers.contacts/.VoicemailCleanupService}, euid: 0
D/ActivityManager( 1255): cleanUpApplicationRecord -- 5747
I/ActivityManager( 1255): cleanUpApplicationRecordLocked, reset pid: 5747, euid: 0
I/ActivityManager( 1255): new Process app=ProcessRecord{6b7bd34 0:com.android.musicfx/u0a19}, name: com.android.musicfx, euid: 0
I/ActivityManager( 1255): Start proc 7961:com.android.musicfx/u0a19 for broadcast com.android.musicfx/.Compatibility$Receiver
I/ActivityManager( 1255): new Process app=ProcessRecord{a5ff0ff 0:com.huawei.android.ds/1001}, name: com.huawei.android.ds, euid: 0
I/ActivityManager( 1255): Start proc 7974:com.huawei.android.ds/1001 for content provider com.huawei.android.ds/com.huawei.android.hicloud.common.provider.HicloudLoginProvider
V/ActivityManager_MU( 1255): Waiting to start provider ContentProviderRecord{a817ecc u0 euid:0 com.huawei.android.ds/com.huawei.android.hicloud.common.provider.HicloudLoginProvider} launchingApp=ProcessRecord{a5ff0ff 7974:com.huawei.android.ds/1001} caller pid= 7935
D/ActivityThread( 7961): ActivityThread,attachApplication
D/ActivityManager( 1255): ActivityManagerService,attachApplication,callingPid = 7961
V/ActivityManager( 1255): New app record ProcessRecord{6b7bd34 7961:com.android.musicfx/u0a19} thread=android.os.BinderProxy@b8d5515 pid=7961
I/ActivityManager( 1255): retrieveServiceLocked, callerApp: ProcessRecord{6b7bd34 7961:com.android.musicfx/u0a19}, flags: 400
I/ActivityManager( 1255): bindServiceLocked, r: ServiceRecord{e57d02a u0 euid: 0 com.android.musicfx/.Compatibility$Service}, euid: 0
D/ActivityThread( 7974): ActivityThread,attachApplication
D/ActivityManager( 1255): ActivityManagerService,attachApplication,callingPid = 7974
V/ActivityManager( 1255): New app record ProcessRecord{a5ff0ff 7974:com.huawei.android.ds/1001} thread=android.os.BinderProxy@74c9e1b pid=7974
I/ActivityManager( 1255): Killing 5716:com.android.providers.calendar/u0a34 (adj 15): empty #16
I/ActivityManager( 1255): new Process app=ProcessRecord{7adbbb8 0:com.android.gallery3d/u0a21}, name: com.android.gallery3d, euid: 0
V/AlarmManager( 1255): sending alarm Alarm{c7b2d91 type 3 when 60875153 android},repeatInterval = 0
I/ActivityManager( 1255): Start proc 7989:com.android.gallery3d/u0a21 for broadcast com.android.gallery3d/com.huawei.gallery.photoshare.receiver.DisableShareToCloudFunctionReceiver
I/ActivityManager( 1255): collectReceiverComponents for intent: Intent { act=android.content.jobscheduler.JOB_DELAY_EXPIRED flg=0x14 (has extras) }, receivers: null
I/ActivityManager( 1255): Killing 5695:com.android.calendar/u0a7 (adj 15): empty #16
D/ActivityThread( 7989): ActivityThread,attachApplication
D/ActivityManager( 1255): ActivityManagerService,attachApplication,callingPid = 7989
V/ActivityManager( 1255): New app record ProcessRecord{7adbbb8 7989:com.android.gallery3d/u0a21} thread=android.os.BinderProxy@77ac4f6 pid=7989
V/ActivityManager( 1255): Successfully start provider ContentProviderRecord{a817ecc u0 euid:0 com.huawei.android.ds/com.huawei.android.hicloud.common.provider.HicloudLoginProvider} launchingApp=ProcessRecord{a5ff0ff 7974:com.huawei.android.ds/1001} caller pid= 7935
D/ActivityManager( 1255): cleanUpApplicationRecord -- 5716
I/ActivityManager( 1255): cleanUpApplicationRecordLocked, reset pid: 5716, euid: 0
D/ActivityManager( 1255): cleanUpApplicationRecord -- 5695
I/ActivityManager( 1255): cleanUpApplicationRecordLocked, reset pid: 5695, euid: 0
I/ActivityManager( 1255): retrieveServiceLocked, callerApp: ProcessRecord{a5ff0ff 7974:com.huawei.android.ds/1001}, flags: 400
