I/ActivityManager( 1255): bindServiceLocked, r: ServiceRecord{59411cd u0 euid: 0 com.huawei.android.ds/com.huawei.android.cg.CloudGallaryService}, euid: 0
I/HwActivityManagerService( 1255): PackageName for pid 7989 is com.android.gallery3d
W/InputMethodManagerService( 1255): Window already focused, ignoring focus gain of: com.android.internal.view.IInputMethodClient$Stub$Proxy@adcfdc9 attribute=null, token = android.os.BinderProxy@2997154
W/BroadcastQueue( 1255): Permission Denial: broadcasting Intent { act=android.net.conn.CONNECTIVITY_CHANGE flg=0x4000010 (has extras) } from null (pid=-1, uid=-1) requires com.huawei.cg.permission.SERVICE due to registered receiver BroadcastFilter{10d440b u0 ReceiverList{a1c97da 7974 com.huawei.android.ds/1001/u0 remote:1aead85}}
W/BroadcastQueue( 1255): Permission Denial: broadcasting Intent { act=android.intent.action.BATTERY_CHANGED flg=0x60000010 (has extras) } from null (pid=-1, uid=-1) requires com.huawei.cg.permission.SERVICE due to registered receiver BroadcastFilter{10d440b u0 ReceiverList{a1c97da 7974 com.huawei.android.ds/1001/u0 remote:1aead85}}
I/HwMtmBroadcastResourceManager( 1255): removeReceiver mtm Broadcast
I/HwMtmBroadcastResourceManager( 1255): removeReceiver mtm Broadcast
I/HwMtmBroadcastResourceManager( 1255): removeReceiver mtm Broadcast
I/ActivityManager( 1255): retrieveServiceLocked, callerApp: ProcessRecord{7adbbb8 7989:com.android.gallery3d/u0a21}, flags: 400
I/ActivityManager( 1255): bindServiceLocked, r: ServiceRecord{623eb39 u0 euid: 0 com.huawei.android.ds/com.huawei.android.cg.CloudGallaryService}, euid: 0
I/ActivityManager( 1255): retrieveServiceLocked, callerApp: ProcessRecord{7adbbb8 7989:com.android.gallery3d/u0a21}, flags: 400
I/ActivityManager( 1255): bindServiceLocked, r: ServiceRecord{9fc532c u0 euid: 0 com.android.gallery3d/com.huawei.gallery.photoshare.receiver.DisableShareToCloudFunctionReceiver$AsyncService}, euid: 0
I/ActivityManager( 1255): retrieveServiceLocked, callerApp: ProcessRecord{d470ad5 2057:com.huawei.systemmanager:service/1000}, flags: 400
I/ActivityManager( 1255): bindServiceLocked, r: ServiceRecord{1cf01f5 u0 euid: 0 com.huawei.systemmanager/.util.content.HsmIntentService_bg}, euid: 0
I/ActivityManager( 1255): retrieveServiceLocked, callerApp: ProcessRecord{3e7643e 6047:com.huawei.systemmanager/1000}, flags: 400
I/ActivityManager( 1255): bindServiceLocked, r: ServiceRecord{3aab8a u0 euid: 0 com.huawei.systemmanager/.util.content.HsmIntentService_ui}, euid: 0
I/HwActivityManagerService( 1255): PackageName for pid 7935 is com.android.contacts
I/HwActivityManagerService( 1255): PackageName for pid 7935 is com.android.contacts
I/HwActivityManagerService( 1255): PackageName for pid 7935 is com.android.contacts
W/BroadcastQueue( 1255): Permission Denial: broadcasting Intent { act=android.net.conn.CONNECTIVITY_CHANGE flg=0x4000010 (has extras) } from null (pid=-1, uid=-1) requires com.huawei.cg.permission.SERVICE due to registered receiver BroadcastFilter{413dbc4 u0 ReceiverList{bae46d7 7974 com.huawei.android.ds/1001/u0 remote:69ff656}}
W/BroadcastQueue( 1255): Permission Denial: broadcasting Intent { act=android.intent.action.BATTERY_CHANGED flg=0x60000010 (has extras) } from null (pid=-1, uid=-1) requires com.huawei.cg.permission.SERVICE due to registered receiver BroadcastFilter{413dbc4 u0 ReceiverList{bae46d7 7974 com.huawei.android.ds/1001/u0 remote:69ff656}}
V/HwNotificationManagerService( 1255): Notification db cfg changed
V/HwNotificationManagerService( 1255): HwCfgLoadingRunnable: Starts 
I/ActivityManager( 1255): collectReceiverComponents for intent: Intent { act=huawei.intent.action.HW_STOPPED_PACKAGE_ACTION flg=0x10 (has extras) }, receivers: null
I/ActivityManager( 1255): Force stopping com.hundsun.winner.pazq appid=10115 user=-1: uninstall pkg
D/HwBroadcastQueue( 1255): cleanupDisabledPackageReceiversLocked for userId -1
D/HwBroadcastQueue( 1255): cleanupDisabledPackageReceiversLocked for userId -1
D/HwBroadcastQueue( 1255): cleanupDisabledPackageReceiversLocked for userId -1
D/HwBroadcastQueue( 1255): cleanupDisabledPackageReceiversLocked for userId -1
W/WindowManager( 1255): Attempted to add window with non-application token WindowToken{450df5c null}.  Aborting.
V/HwNotificationManagerService( 1255): HwCfgLoadingRunnable: get cfg size:40
W/WindowManager( 1255): Attempted to add window with non-application token WindowToken{450df5c null}.  Aborting.
V/HwNotificationManagerService( 1255): HwCfgLoadingRunnable: Ends. 
D/NetdConnector( 1255): SND -> {641 bandwidth firewall allow mobile 10114 1}
I/ActivityManager( 1255): new Process app=ProcessRecord{f9d0b3a 0:com.huawei.hwmwlauncher/u0a45}, name: com.huawei.hwmwlauncher, euid: 0
W/ContextImpl( 6047): Calling a method in the system process without a qualified user: android.app.ContextImpl.startService:1378 android.content.ContextWrapper.startService:581 com.huawei.systemmanager.spacecleanner.receiver.SpaceCleanReceiver.checkRarelyUsedApp:132 com.huawei.systemmanager.spacecleanner.receiver.SpaceCleanReceiver.doInBackground:60 java.lang.reflect.Method.invoke:-2 
I/PackageManager( 1255): Removing old permission: com.hundsun.winner.pazq.permission.MIPUSH_RECEIVE from package com.hundsun.winner.pazq
I/ActivityManager( 1255): Start proc 8047:com.huawei.hwmwlauncher/u0a45 for broadcast com.huawei.hwmwlauncher/.HwMwBroadcastReceiver
D/PackageManager( 1255): clear pref activity com.hundsun.winner.pazq from uid 1000
D/ActivityThread( 8047): ActivityThread,attachApplication
D/NetdConnector( 1255): RCV <- {500 641 Usage: bandwidth firewall allow <interface>  <appUid>}
D/NetdConnector( 1255): RCV <- {500 641 Usage: bandwidth firewall allow <interface>  <appUid>}
E/NetdConnector( 1255): NDC client error throw NativeDaemonArgumentException
D/ActivityManager( 1255): ActivityManagerService,attachApplication,callingPid = 8047
V/ActivityManager( 1255): New app record ProcessRecord{f9d0b3a 8047:com.huawei.hwmwlauncher/u0a45} thread=android.os.BinderProxy@825a3eb pid=8047
D/NetdConnector( 1255): SND -> {642 bandwidth firewall allow wifi 10114 2}
D/NetdConnector( 1255): RCV <- {500 642 Usage: bandwidth firewall allow <interface>  <appUid>}
D/NetdConnector( 1255): RCV <- {500 642 Usage: bandwidth firewall allow <interface>  <appUid>}
E/NetdConnector( 1255): NDC client error throw NativeDaemonArgumentException
I/ActivityManager( 1255): retrieveServiceLocked, callerApp: ProcessRecord{f9d0b3a 8047:com.huawei.hwmwlauncher/u0a45}, flags: 400
I/ActivityManager( 1255): bindServiceLocked, r: ServiceRecord{2ba9548 u0 euid: 0 com.huawei.hwmwlauncher/.HwMwLauncherService}, euid: 0
I/ActivityManager( 1255): new Process app=ProcessRecord{9dafe1 0:com.huawei.android.pushagent/u0a50}, name: com.huawei.android.pushagent, euid: 0
I/ActivityManager( 1255): Start proc 8075:com.huawei.android.pushagent/u0a50 for broadcast com.huawei.android.pushagent/.PushEventReceiver
D/WifiService( 1255): getWifiServiceMessenger, pid:6047, uid:1000
D/WifiService( 1255): New client listening to asynchronous messages
D/ActivityThread( 8075): ActivityThread,attachApplication
D/ActivityManager( 1255): ActivityManagerService,attachApplication,callingPid = 8075
V/ActivityManager( 1255): New app record ProcessRecord{9dafe1 8075:com.huawei.android.pushagent/u0a50} thread=android.os.BinderProxy@864691d pid=8075
I/ActivityManager( 1255): retrieveServiceLocked, callerApp: ProcessRecord{64e42fd 0:system/1000}, flags: 400
I/ActivityManager( 1255): bindServiceLocked, r: ServiceRecord{435c792 u0 euid: 0 com.android.defcontainer/.DefaultContainerService}, euid: 0
I/ActivityManager( 1255): Force stopping com.hundsun.winner.pazq appid=10115 user=0: pkg removed
D/HwBroadcastQueue( 1255): cleanupDisabledPackageReceiversLocked for userId 0
D/HwBroadcastQueue( 1255): cleanupDisabledPackageReceiversLocked for userId 0
D/HwBroadcastQueue( 1255): cleanupDisabledPackageReceiversLocked for userId 0
D/HwBroadcastQueue( 1255): cleanupDisabledPackageReceiversLocked for userId 0
I/ActivityManager( 1255): collectReceiverComponents for intent: Intent { act=android.intent.action.PACKAGE_REMOVED dat=package:com.hundsun.winner.pazq flg=0x4000010 (has extras) }, receivers: [ResolveInfo{aa0a563 com.huawei.appmarket/.service.installresult.control.InstallerReceiver p=2147483647 m=0x208000 euid=0}, ResolveInfo{65cc560 com.android.contacts/.compatibility.ContactsProviderReceiver p=1000 m=0x208000 euid=0}, ResolveInfo{1e37a19 com.android.providers.contacts/.PackageIntentReceiver m=0x208000 euid=0}, ResolveInfo{564cade com.huawei.motionservice/.motionexception.MotionBootReceiver m=0x208000 euid=0}, ResolveInfo{76e34bf com.android.musicfx/.Compatibility$Receiver m=0x208000 euid=0}, ResolveInfo{8b8d78c com.android.gallery3d/com.huawei.gallery.photoshare.receiver.DisableShareToCloudFunctionReceiver m=0x208000 euid=0}, ResolveInfo{aa89ed5 com.huawei.systemmanager/com.huawei.notificationmanager.receiver.Receiver m=0x208000 euid=0}, ResolveInfo{7eeb6ea com.huawei.systemmanager/com.huawei.permissionmanager.ui.AppInstallationReceiver m=0x208000 euid=0}, ResolveInfo{f5b5ddb com.huawei.systemmanager/.optimize.OptimizeReceiver m=0x208000 euid=0}, ResolveInfo{2e1e078 com.huawei.systemmanager/com.huawei.permissionmanager.ui.ComBroadcastReceiver m=0x208000 euid=0}, ResolveInfo{1615351 com.huawei.systemmanager/.power.receiver.BootBroadcastReceiver m=0x208000 euid=0}, ResolveInfo{f7957b6 com.huawei.systemmanager/.netassistant.netapp.receiver.AppChangeReceiver m=0x208000 euid=0}, ResolveInfo{c27fcb7 com.huawei.systemmanager/.antivirus.AntiVirusReceiver m=0x208000 euid=0}, ResolveInfo{8908c24 com.huawei.systemmanager/.addviewmonitor.AppChangeReceiver m=0x208000 euid=0}, ResolveInfo{816d38d com.huawei.systemmanager/.spacecleanner.receiver.SpaceCleanReceiver m=0x208000 euid=0}, ResolveInfo{23b3942 com.huawei.hwmwlauncher/.HwMwBroadcastReceiver m=0x208000 euid=0}, ResolveInfo{9b5ad53 com.huawei.android.pushagent/.PushEventReceiver m=0x208000 euid=0}, ResolveInfo{e5c4690 com.huawei.securitymgr/.AppUninstallReceiver m=0x208000 euid=0}, ResolveInfo{e2a1b89 com.huawei.android.remotecontrol/com.huawei.android.pushagent.PushEventReceiver m=0x208000 euid=0}, ResolveInfo{147a78e com.huawei.bd/.collector.BDReceiver m=0x208000 euid=0}, ResolveInfo{663cbaf com.android.keychain/.KeyChainBroadcastReceiver m=0x208000 euid=0}, ResolveInfo{8e73bbc com.huawei.cloudwifi/com.huawei.android.pushagent.PushEventReceiver m=0x208000 euid=0}, ResolveInfo{e0fe745 com.huawei.android.ds/com.huawei.android.hicloud.common.receiver.BackupCommonRecevier m=0x208000 euid=0}, ResolveInfo{99aae9a com.huawei.android.ds/com.huawei.android.pushagent.PushEventReceiver m=0x208000 euid=0}, ResolveInfo{d2b73cb com.huawei.android.ds/com.huawei.android.remotecontrol.receiver.UpdateAPKReceiver m=0x208000 euid=0}, ResolveInfo{2ca57a8 com.sankuai.meituan/com.huawei.android.pushagent.PushEventReceiver m=0x208000 euid=0}]
I/ActivityManager( 1255): collectReceiverComponents for intent: Intent { act=android.intent.action.PACKAGE_FULLY_REMOVED dat=package:com.hundsun.winner.pazq flg=0x4000010 (has extras) }, receivers: [ResolveInfo{accb2c1 com.android.server.telecom/.components.PhoneAccountBroadcastReceiver m=0x208000 euid=0}, ResolveInfo{9e51a66 com.android.documentsui/.PackageReceiver m=0x208000 euid=0}]
W/InputMethodManagerService( 1255): buildInputMethodListLocked: Skipping IME com.huawei.secime
I/ActivityManager( 1255): collectReceiverComponents for intent: Intent { act=android.intent.action.UID_REMOVED flg=0x4000010 (has extras) }, receivers: [ResolveInfo{930b9fd com.android.providers.downloads/.DownloadReceiver m=0x108000 euid=0}]
V/NetworkPolicy( 1255): ACTION_UID_REMOVED for uid=10115
V/NetworkPolicy( 1255): writePolicyLocked()
D/NetdConnector( 1255): SND -> {643 bandwidth gettetherstats}
D/NetdConnector( 1255): RCV <- {200 643 Tethering stats list completed}
I/ActivityManager( 1255): collectReceiverComponents for intent: Intent { act=com.huawei.appmarket.service.downloadservice.Receiver flg=0x10 }, receivers: null
D/NetdConnector( 1255): RCV <- {200 643 Tethering stats list completed}
I/HwInputMethodManagerService( 1255): isSecureIMEExist = true
V/NetworkPolicy( 1255): updateNetworkEnabledLocked()
V/NetworkPolicy( 1255): updateNotificationsLocked()
W/InputMethodManagerService( 1255): buildInputMethodListLocked: Skipping IME com.baidu.input_huawei
W/InputMethodManagerService( 1255): buildInputMethodListLocked: Skipping IME com.android.inputmethod.latin
W/InputMethodManagerService( 1255): Default IME is uninstalled. Choose new default IME.
I/ActivityManager( 1255): collectReceiverComponents for intent: Intent { act=com.huawei.multiwindow.launcher.action.REFRESH_MW_LAUNCHER flg=0x10 }, receivers: null
I/SmartHeartBeat( 1255): listenAppUpdate, package: com.hundsun.winner.pazq has been Updated
D/JobSchedulerService( 1255): Receieved: android.intent.action.PACKAGE_REMOVED
D/NetdConnector( 1255): SND -> {644 network permission user clear 10115}
D/NetdConnector( 1255): RCV <- {200 644 success}
D/NetdConnector( 1255): RCV <- {200 644 success}
I/ActivityManager( 1255): Killing 5836:com.android.mms/u0a30 (adj 15): empty #16
I/ActivityManager( 1255): Killing 5862:com.huawei.android.AutoRegSms/1001 (adj 15): empty #16
I/ActivityManager( 1255): collectReceiverComponents for intent: Intent { act=android.search.action.SEARCHABLES_CHANGED flg=0x24000010 }, receivers: null
I/ActivityManager( 1255): new Process app=ProcessRecord{62a5daa 0:com.huawei.android.remotecontrol:pushservice/u0a55}, name: com.huawei.android.remotecontrol:pushservice, euid: 0
I/ActivityManager( 1255): Start proc 8112:com.huawei.android.remotecontrol:pushservice/u0a55 for broadcast com.huawei.android.remotecontrol/com.huawei.android.pushagent.PushEventReceiver
D/ActivityManager( 1255): cleanUpApplicationRecord -- 5862
I/ActivityManager( 1255): cleanUpApplicationRecordLocked, reset pid: 5862, euid: 0
D/CountryDetector( 1255): No listener is left
D/ActivityThread( 8112): ActivityThread,attachApplication
D/ActivityManager( 1255): cleanUpApplicationRecord -- 5836
I/ActivityManager( 1255): cleanUpApplicationRecordLocked, reset pid: 5836, euid: 0
D/ActivityManager( 1255): ActivityManagerService,attachApplication,callingPid = 8112
V/ActivityManager( 1255): New app record ProcessRecord{62a5daa 8112:com.huawei.android.remotecontrol:pushservice/u0a55} thread=android.os.BinderProxy@40fdd9b pid=8112
I/ActivityManager( 1255): collectReceiverComponents for intent: Intent { act=PACKAGE_ADDED_OR_REMOVED flg=0x10 pkg=com.huawei.systemmanager (has extras) }, receivers: null
W/PackageManager( 1255): Couldn't remove dex file for package:  at location /data/app/com.hundsun.winner.pazq-1/base.apk, retcode=-1
I/ActivityManager( 1255): Killing 6032:com.android.packageinstaller/u0a71 (adj 15): empty #16
I/ActivityManager( 1255): new Process app=ProcessRecord{1a8aa76 0:com.android.keychain/1000}, name: com.android.keychain, euid: 0
I/ActivityManager( 1255): Start proc 8131:com.android.keychain/1000 for broadcast com.android.keychain/.KeyChainBroadcastReceiver
D/ActivityThread( 8131): ActivityThread,attachApplication
D/ActivityManager( 1255): ActivityManagerService,attachApplication,callingPid = 8131
V/ActivityManager( 1255): New app record ProcessRecord{1a8aa76 8131:com.android.keychain/1000} thread=android.os.BinderProxy@604b877 pid=8131
W/ContextImpl( 8131): Calling a method in the system process without a qualified user: android.app.ContextImpl.startService:1378 android.content.ContextWrapper.startService:581 android.content.ContextWrapper.startService:581 com.android.keychain.KeyChainBroadcastReceiver.onReceive:12 android.app.ActivityThread.handleReceiver:2760 
I/ActivityManager( 1255): retrieveServiceLocked, callerApp: ProcessRecord{1a8aa76 8131:com.android.keychain/1000}, flags: 400
I/ActivityManager( 1255): bindServiceLocked, r: ServiceRecord{340fce4 u0 euid: 0 com.android.keychain/.KeyChainService}, euid: 0
I/ActivityManager( 1255): new Process app=ProcessRecord{c11554d 0:com.huawei.cloudwifi:pushservice/u0a79}, name: com.huawei.cloudwifi:pushservice, euid: 0
I/ActivityManager( 1255): Start proc 8155:com.huawei.cloudwifi:pushservice/u0a79 for broadcast com.huawei.cloudwifi/com.huawei.android.pushagent.PushEventReceiver
I/ActivityManager( 1255): Killing 5664:com.huawei.intelligent/u0a14 (adj 15): empty #16
D/ActivityManager( 1255): cleanUpApplicationRecord -- 6032
I/ActivityManager( 1255): cleanUpApplicationRecordLocked, reset pid: 6032, euid: 0
I/ActivityManager( 1255): Killing 7808:com.huawei.android.hwouc/u0a48 (adj 15): empty #16
D/ActivityThread( 8155): ActivityThread,attachApplication
D/ActivityManager( 1255): ActivityManagerService,attachApplication,callingPid = 8155
V/ActivityManager( 1255): New app record ProcessRecord{c11554d 8155:com.huawei.cloudwifi:pushservice/u0a79} thread=android.os.BinderProxy@1ecf802 pid=8155
D/ActivityManager( 1255): cleanUpApplicationRecord -- 5664
I/ActivityManager( 1255): cleanUpApplicationRecordLocked, reset pid: 5664, euid: 0
D/ActivityManager( 1255): cleanUpApplicationRecord -- 7808
I/ActivityManager( 1255): cleanUpApplicationRecordLocked, reset pid: 7808, euid: 0
I/ActivityManager( 1255): retrieveServiceLocked, callerApp: ProcessRecord{6d3660f 7935:com.android.contacts/u0a3}, flags: 400
I/ActivityManager( 1255): bindServiceLocked, r: ServiceRecord{9026513 u0 euid: 0 com.android.providers.contacts/.hap.birthday.BirthdayService}, euid: 0
I/ActivityManager( 1255): new Process app=ProcessRecord{830350 0:com.android.providers.calendar/u0a34}, name: com.android.providers.calendar, euid: 0
I/ActivityManager( 1255): Start proc 8188:com.android.providers.calendar/u0a34 for content provider com.android.providers.calendar/.CalendarProvider2
V/ActivityManager_MU( 1255): Waiting to start provider ContentProviderRecord{2aaf949 u0 euid:0 com.android.providers.calendar/.CalendarProvider2} launchingApp=ProcessRecord{830350 8188:com.android.providers.calendar/u0a34} caller pid= 2319
D/ActivityThread( 8188): ActivityThread,attachApplication
D/ActivityManager( 1255): ActivityManagerService,attachApplication,callingPid = 8188
V/ActivityManager( 1255): New app record ProcessRecord{830350 8188:com.android.providers.calendar/u0a34} thread=android.os.BinderProxy@236924e pid=8188
V/ActivityManager( 1255): Successfully start provider ContentProviderRecord{2aaf949 u0 euid:0 com.android.providers.calendar/.CalendarProvider2} launchingApp=ProcessRecord{830350 8188:com.android.providers.calendar/u0a34} caller pid= 2319
I/ActivityManager( 1255): Killing 7824:com.huawei.phoneservice/u0a16 (adj 15): empty #16
I/ActivityManager( 1255): retrieveServiceLocked, callerApp: ProcessRecord{830350 8188:com.android.providers.calendar/u0a34}, flags: 400
I/ActivityManager( 1255): bindServiceLocked, r: ServiceRecord{bf51575 u0 euid: 0 com.android.providers.calendar/.EmptyService}, euid: 0
D/ActivityManager( 1255): cleanUpApplicationRecord -- 7824
I/ActivityManager( 1255): cleanUpApplicationRecordLocked, reset pid: 7824, euid: 0
I/ActivityManager( 1255): new Process app=ProcessRecord{161f90a 0:com.huawei.android.ds:pushservice/1001}, name: com.huawei.android.ds:pushservice, euid: 0
I/ActivityManager( 1255): Start proc 8211:com.huawei.android.ds:pushservice/1001 for broadcast com.huawei.android.ds/com.huawei.android.pushagent.PushEventReceiver
D/ActivityThread( 8211): ActivityThread,attachApplication
D/ActivityManager( 1255): ActivityManagerService,attachApplication,callingPid = 8211
V/ActivityManager( 1255): New app record ProcessRecord{161f90a 8211:com.huawei.android.ds:pushservice/1001} thread=android.os.BinderProxy@854457b pid=8211
I/ActivityManager( 1255): new Process app=ProcessRecord{aae9bd6 0:com.sankuai.meituan:pushservice/u0a107}, name: com.sankuai.meituan:pushservice, euid: 0
I/ActivityManager( 1255): Start proc 8246:com.sankuai.meituan:pushservice/u0a107 for broadcast com.sankuai.meituan/com.huawei.android.pushagent.PushEventReceiver
I/ActivityManager( 1255): Killing 7846:com.huawei.phoneservice:autologuploadservice/u0a16 (adj 15): empty #16
D/ActivityThread( 8246): ActivityThread,attachApplication
D/ActivityManager( 1255): ActivityManagerService,attachApplication,callingPid = 8246
V/ActivityManager( 1255): New app record ProcessRecord{aae9bd6 8246:com.sankuai.meituan:pushservice/u0a107} thread=android.os.BinderProxy@d57be57 pid=8246
W/ActivityManager( 1255): getRunningAppProcesses: caller 10099 does not hold REAL_GET_TASKS; limiting output
D/ActivityManager( 1255): cleanUpApplicationRecord -- 7846
I/ActivityManager( 1255): cleanUpApplicationRecordLocked, reset pid: 7846, euid: 0
W/ActivityManager( 1255): getRunningAppProcesses: caller 10107 does not hold REAL_GET_TASKS; limiting output
W/ActivityManager( 1255): getRunningAppProcesses: caller 10107 does not hold REAL_GET_TASKS; limiting output
W/ActivityManager( 1255): getRunningAppProcesses: caller 10107 does not hold REAL_GET_TASKS; limiting output
W/ActivityManager( 1255): getRunningAppProcesses: caller 10107 does not hold REAL_GET_TASKS; limiting output
I/ActivityManager( 1255): collectReceiverComponents for intent: Intent { act=android.intent.action.PROVIDER_CHANGED dat=content://com.android.calendar flg=0x10 }, receivers: [ResolveInfo{8a4bd44 com.android.calendar/.alerts.AlertReceiver m=0x308000 euid=0}, ResolveInfo{6677e2d com.android.calendar/.widget.CalendarAppWidgetService$CalendarFactory m=0x308000 euid=0}, ResolveInfo{6509f62 com.android.calendar/.simpleui.CalendarSimpleUiPRovider m=0x308000 euid=0}, ResolveInfo{8afe8f3 com.android.calendar/.mycalendar.CalendarAppWidgetProvider m=0x308000 euid=0}]
I/ActivityManager( 1255): Killing 7741:com.huawei.appmarket/u0a15 (adj 15): empty #16
D/ActivityManager( 1255): cleanUpApplicationRecord -- 7741
I/ActivityManager( 1255): cleanUpApplicationRecordLocked, reset pid: 7741, euid: 0
I/ActivityManager( 1255): Killing 7935:com.android.contacts/u0a3 (adj 15): empty #16
I/ActivityManager( 1255): new Process app=ProcessRecord{ad269b0 0:com.android.documentsui/u0a42}, name: com.android.documentsui, euid: 0
I/ActivityManager( 1255): Start proc 8374:com.android.documentsui/u0a42 for broadcast com.android.documentsui/.PackageReceiver
D/ActivityThread( 8374): ActivityThread,attachApplication
D/ActivityManager( 1255): cleanUpApplicationRecord -- 7935
I/ActivityManager( 1255): cleanUpApplicationRecordLocked, reset pid: 7935, euid: 0
D/ActivityManager( 1255): ActivityManagerService,attachApplication,callingPid = 8374
V/ActivityManager( 1255): New app record ProcessRecord{ad269b0 8374:com.android.documentsui/u0a42} thread=android.os.BinderProxy@5ead029 pid=8374
I/ActivityManager( 1255): Killing 5552:com.huawei.motionservice/u0a11 (adj 15): empty #16
I/ActivityManager( 1255): new Process app=ProcessRecord{df2b8ba 0:com.android.externalstorage/u0a5}, name: com.android.externalstorage, euid: 0
I/ActivityManager( 1255): Start proc 8389:com.android.externalstorage/u0a5 for content provider com.android.externalstorage/.ExternalStorageProvider
V/ActivityManager_MU( 1255): Waiting to start provider ContentProviderRecord{e7d836b u0 euid:0 com.android.externalstorage/.ExternalStorageProvider} launchingApp=ProcessRecord{df2b8ba 8389:com.android.externalstorage/u0a5} caller pid= 8374
I/ActivityManager( 1255): new Process app=ProcessRecord{93dbec8 0:com.huawei.appmarket/u0a15}, name: com.huawei.appmarket, euid: 0
I/ActivityManager( 1255): Start proc 8401:com.huawei.appmarket/u0a15 for broadcast com.huawei.appmarket/.service.installresult.control.InstallerReceiver
D/ActivityThread( 8389): ActivityThread,attachApplication
D/ActivityManager( 1255): ActivityManagerService,attachApplication,callingPid = 8389
V/ActivityManager( 1255): New app record ProcessRecord{df2b8ba 8389:com.android.externalstorage/u0a5} thread=android.os.BinderProxy@61b5b61 pid=8389
I/ActivityManager( 1255): Killing 7961:com.android.musicfx/u0a19 (adj 15): empty #16
D/ActivityManager( 1255): cleanUpApplicationRecord -- 5552
I/ActivityManager( 1255): cleanUpApplicationRecordLocked, reset pid: 5552, euid: 0
D/ActivityThread( 8401): ActivityThread,attachApplication
D/ActivityManager( 1255): ActivityManagerService,attachApplication,callingPid = 8401
V/ActivityManager( 1255): New app record ProcessRecord{93dbec8 8401:com.huawei.appmarket/u0a15} thread=android.os.BinderProxy@d83a686 pid=8401
V/ActivityManager( 1255): Successfully start provider ContentProviderRecord{e7d836b u0 euid:0 com.android.externalstorage/.ExternalStorageProvider} launchingApp=ProcessRecord{df2b8ba 8389:com.android.externalstorage/u0a5} caller pid= 8374
D/ActivityManager( 1255): cleanUpApplicationRecord -- 7961
I/ActivityManager( 1255): cleanUpApplicationRecordLocked, reset pid: 7961, euid: 0
I/ActivityManager( 1255): new Process app=ProcessRecord{f6eeb47 0:com.android.shell/2000}, name: com.android.shell, euid: 0
I/ActivityManager( 1255): Start proc 8431:com.android.shell/2000 for content provider com.android.shell/.BugreportStorageProvider
V/ActivityManager_MU( 1255): Waiting to start provider ContentProviderRecord{dd3ff74 u0 euid:0 com.android.shell/.BugreportStorageProvider} launchingApp=ProcessRecord{f6eeb47 8431:com.android.shell/2000} caller pid= 8374
D/ActivityThread( 8431): ActivityThread,attachApplication
D/ActivityManager( 1255): ActivityManagerService,attachApplication,callingPid = 8431
V/ActivityManager( 1255): New app record ProcessRecord{f6eeb47 8431:com.android.shell/2000} thread=android.os.BinderProxy@2d14c9d pid=8431
I/ActivityManager( 1255): Killing 5154:com.huawei.android.totemweather/u0a26 (adj 15): empty #16
V/ActivityManager( 1255): Successfully start provider ContentProviderRecord{dd3ff74 u0 euid:0 com.android.shell/.BugreportStorageProvider} launchingApp=ProcessRecord{f6eeb47 8431:com.android.shell/2000} caller pid= 8374
D/ActivityManager( 1255): cleanUpApplicationRecord -- 5154
I/ActivityManager( 1255): cleanUpApplicationRecordLocked, reset pid: 5154, euid: 0
I/ActivityManager( 1255): new Process app=ProcessRecord{41bc90c 0:com.android.contacts/u0a3}, name: com.android.contacts, euid: 0
I/ActivityManager( 1255): Start proc 8469:com.android.contacts/u0a3 for broadcast com.android.contacts/.compatibility.ContactsProviderReceiver
I/ActivityManager( 1255): Killing 7989:com.android.gallery3d/u0a21 (adj 15): empty #16
I/ActivityManager( 1255): collectReceiverComponents for intent: Intent { act=com.huawei.appmarket.service.downloadservice.Receiver flg=0x10 }, receivers: null
I/ActivityManager( 1255): collectReceiverComponents for intent: Intent { act=com.huawei.appmarket.service.downloadservice.Receiver flg=0x10 }, receivers: null
I/ActivityManager( 1255): collectReceiverComponents for intent: Intent { act=com.huawei.appmarket.service.downloadservice.Receiver flg=0x10 }, receivers: null
D/ActivityThread( 8469): ActivityThread,attachApplication
D/ActivityManager( 1255): ActivityManagerService,attachApplication,callingPid = 8469
V/ActivityManager( 1255): New app record ProcessRecord{41bc90c 8469:com.android.contacts/u0a3} thread=android.os.BinderProxy@25e7255 pid=8469
D/ActivityManager( 1255): cleanUpApplicationRecord -- 7989
I/ActivityManager( 1255): cleanUpApplicationRecordLocked, reset pid: 7989, euid: 0
I/HwMtmBroadcastResourceManager( 1255): removeReceiver mtm Broadcast
I/HwMtmBroadcastResourceManager( 1255): removeReceiver mtm Broadcast
I/HwMtmBroadcastResourceManager( 1255): removeReceiver mtm Broadcast
I/ActivityManager( 1255): Killing 6047:com.huawei.systemmanager/1000 (adj 15): empty #16
I/ActivityManager( 1255): retrieveServiceLocked, callerApp: ProcessRecord{c8d0079 2319:android.process.acore/u0a3}, flags: 400
I/ActivityManager( 1255): bindServiceLocked, r: ServiceRecord{d60ded1 u0 euid: 0 com.android.providers.contacts/.VoicemailCleanupService}, euid: 0
I/ActivityManager( 1255): new Process app=ProcessRecord{cc8bd36 0:com.huawei.motionservice/u0a11}, name: com.huawei.motionservice, euid: 0
I/ActivityManager( 1255): Start proc 8497:com.huawei.motionservice/u0a11 for broadcast com.huawei.motionservice/.motionexception.MotionBootReceiver
D/ActivityThread( 8497): ActivityThread,attachApplication
D/ActivityManager( 1255): ActivityManagerService,attachApplication,callingPid = 8497
V/ActivityManager( 1255): New app record ProcessRecord{cc8bd36 8497:com.huawei.motionservice/u0a11} thread=android.os.BinderProxy@16e3d0e pid=8497
I/ActivityManager( 1255): new Process app=ProcessRecord{95e732f 0:com.android.musicfx/u0a19}, name: com.android.musicfx, euid: 0
D/WifiService( 1255): Client connection lost with reason: 4
I/ActivityManager( 1255): Start proc 8515:com.android.musicfx/u0a19 for broadcast com.android.musicfx/.Compatibility$Receiver
I/ActivityManager( 1255): Killing 8047:com.huawei.hwmwlauncher/u0a45 (adj 15): empty #16
D/ActivityManager( 1255): cleanUpApplicationRecord -- 6047
I/ActivityManager( 1255): cleanUpApplicationRecordLocked, reset pid: 6047, euid: 0
D/ActivityThread( 8515): ActivityThread,attachApplication
D/ActivityManager( 1255): ActivityManagerService,attachApplication,callingPid = 8515
V/ActivityManager( 1255): New app record ProcessRecord{95e732f 8515:com.android.musicfx/u0a19} thread=android.os.BinderProxy@9a98d3c pid=8515
D/ActivityManager( 1255): cleanUpApplicationRecord -- 8047
I/ActivityManager( 1255): cleanUpApplicationRecordLocked, reset pid: 8047, euid: 0
I/ActivityManager( 1255): retrieveServiceLocked, callerApp: ProcessRecord{95e732f 8515:com.android.musicfx/u0a19}, flags: 400
I/ActivityManager( 1255): bindServiceLocked, r: ServiceRecord{ea19ac5 u0 euid: 0 com.android.musicfx/.Compatibility$Service}, euid: 0
I/ActivityManager( 1255): new Process app=ProcessRecord{1551c1a 0:com.android.gallery3d/u0a21}, name: com.android.gallery3d, euid: 0
I/ActivityManager( 1255): Start proc 8533:com.android.gallery3d/u0a21 for broadcast com.android.gallery3d/com.huawei.gallery.photoshare.receiver.DisableShareToCloudFunctionReceiver
I/ActivityManager( 1255): Killing 8075:com.huawei.android.pushagent/u0a50 (adj 15): empty #16
D/ActivityThread( 8533): ActivityThread,attachApplication
D/ActivityManager( 1255): ActivityManagerService,attachApplication,callingPid = 8533
V/ActivityManager( 1255): New app record ProcessRecord{1551c1a 8533:com.android.gallery3d/u0a21} thread=android.os.BinderProxy@5e9134b pid=8533
I/HwActivityManagerService( 1255): PackageName for pid 8533 is com.android.gallery3d
D/ActivityManager( 1255): cleanUpApplicationRecord -- 8075
I/ActivityManager( 1255): cleanUpApplicationRecordLocked, reset pid: 8075, euid: 0
I/ActivityManager( 1255): retrieveServiceLocked, callerApp: ProcessRecord{1551c1a 8533:com.android.gallery3d/u0a21}, flags: 400
I/ActivityManager( 1255): bindServiceLocked, r: ServiceRecord{df5479 u0 euid: 0 com.huawei.android.ds/com.huawei.android.cg.CloudGallaryService}, euid: 0
I/ActivityManager( 1255): retrieveServiceLocked, callerApp: ProcessRecord{1551c1a 8533:com.android.gallery3d/u0a21}, flags: 400
I/ActivityManager( 1255): bindServiceLocked, r: ServiceRecord{608bd6c u0 euid: 0 com.android.gallery3d/com.huawei.gallery.photoshare.receiver.DisableShareToCloudFunctionReceiver$AsyncService}, euid: 0
I/ActivityManager( 1255): retrieveServiceLocked, callerApp: ProcessRecord{d470ad5 2057:com.huawei.systemmanager:service/1000}, flags: 400
I/ActivityManager( 1255): bindServiceLocked, r: ServiceRecord{8f7bf35 u0 euid: 0 com.huawei.systemmanager/.util.content.HsmIntentService_bg}, euid: 0
I/ActivityManager( 1255): new Process app=ProcessRecord{5bcbfca 0:com.huawei.systemmanager/1000}, name: com.huawei.systemmanager, euid: 0
I/ActivityManager( 1255): Start proc 8561:com.huawei.systemmanager/1000 for broadcast com.huawei.systemmanager/com.huawei.permissionmanager.ui.AppInstallationReceiver
D/ActivityThread( 8561): ActivityThread,attachApplication
D/ActivityManager( 1255): ActivityManagerService,attachApplication,callingPid = 8561
V/ActivityManager( 1255): New app record ProcessRecord{5bcbfca 8561:com.huawei.systemmanager/1000} thread=android.os.BinderProxy@409653b pid=8561
V/HwNotificationManagerService( 1255): Notification db cfg changed
V/HwNotificationManagerService( 1255): HwCfgLoadingRunnable: Starts 
V/HwNotificationManagerService( 1255): HwCfgLoadingRunnable: get cfg size:39
V/HwNotificationManagerService( 1255): HwCfgLoadingRunnable: Ends. 
W/BroadcastQueue( 1255): Permission Denial: broadcasting Intent { act=android.net.conn.CONNECTIVITY_CHANGE flg=0x4000010 (has extras) } from null (pid=-1, uid=-1) requires com.huawei.cg.permission.SERVICE due to registered receiver BroadcastFilter{5d9fed u0 ReceiverList{b7b4e04 7974 com.huawei.android.ds/1001/u0 remote:d9f1a17}}
W/BroadcastQueue( 1255): Permission Denial: broadcasting Intent { act=android.intent.action.BATTERY_CHANGED flg=0x60000010 (has extras) } from null (pid=-1, uid=-1) requires com.huawei.cg.permission.SERVICE due to registered receiver BroadcastFilter{5d9fed u0 ReceiverList{b7b4e04 7974 com.huawei.android.ds/1001/u0 remote:d9f1a17}}
I/ActivityManager( 1255): Killing 7915:com.android.defcontainer/u0a2 (adj 15): empty #16
W/ContextImpl( 8561): Calling a method in the system process without a qualified user: android.app.ContextImpl.startService:1378 android.content.ContextWrapper.startService:581 com.huawei.systemmanager.SystemManagerApplication.startMainService:210 com.huawei.systemmanager.SystemManagerApplication.startServices:104 com.huawei.systemmanager.SystemManagerApplication.onCreate:87 
W/ContextImpl( 8561): Calling a method in the system process without a qualified user: android.app.ContextImpl.startService:1378 android.content.ContextWrapper.startService:581 com.huawei.systemmanager.SystemManagerApplication.startPreventModeService:152 com.huawei.systemmanager.SystemManagerApplication.startServices:105 com.huawei.systemmanager.SystemManagerApplication.onCreate:87 
W/ContextImpl( 8561): Calling a method in the system process without a qualified user: android.app.ContextImpl.startService:1378 android.content.ContextWrapper.startService:581 com.huawei.systemmanager.SystemManagerApplication.startPermissionService:157 com.huawei.systemmanager.SystemManagerApplication.startServices:106 com.huawei.systemmanager.SystemManagerApplication.onCreate:87 
I/ActivityManager( 1255): resolve info: ResolveInfo{66c599c com.gtr.sdkdemo/com.gtr.test.MainActivity m=0x0 euid=0}, euid: 0
I/ActivityManager( 1255): START u0 {act=android.intent.action.MAIN cat=[android.intent.category.LAUNCHER] flg=0x10200000 cmp=com.gtr.sdkdemo/com.gtr.test.MainActivity bnds=[804,1222][1068,1505]} from uid 10054 on display 0
I/HwUserBehaviourRecord( 1255): appEnterRecord---com.gtr.sdkdemo
I/ActivityManager( 1255): ActivityRecord info: ActivityInfo{a17dfa5 com.gtr.test.MainActivity}, euid=0
W/ContextImpl( 8561): Calling a method in the system process without a qualified user: android.app.ContextImpl.startService:1378 android.content.ContextWrapper.startService:581 com.huawei.systemmanager.SystemManagerApplication.startBgStaticsService:168 com.huawei.systemmanager.SystemManagerApplication.startServices:108 com.huawei.systemmanager.SystemManagerApplication.onCreate:87 
I/ActivityManager( 1255): create new task record, multiLaunchId: 0, intent = Intent { act=android.intent.action.MAIN cat=[android.intent.category.LAUNCHER] flg=0x10200000 cmp=com.gtr.sdkdemo/com.gtr.test.MainActivity }
V/HwWindowManagerService( 1255): moveTaskToTop mTaskChanged:true
V/HwWindowManagerService( 1255): moveTaskToTop mTaskChanged:true
V/HwWindowManagerService( 1255): setFocusedApp update app ops, mTaskChanged set to:false
W/ContextImpl( 8561): Calling a method in the system process without a qualified user: android.app.ContextImpl.startService:1378 android.content.ContextWrapper.startService:581 com.huawei.systemmanager.SystemManagerApplication.startNetControllService:175 com.huawei.systemmanager.SystemManagerApplication.startServices:109 com.huawei.systemmanager.SystemManagerApplication.onCreate:87 
I/ActivityManager( 1255): mService.startProcessLocked for activity: ActivityRecord{ecaf7a u0 com.gtr.sdkdemo/com.gtr.test.MainActivity t100}, appinfo euid: 0
I/ActivityManager( 1255): new Process app=ProcessRecord{80c8359 0:com.gtr.sdkdemo/u0a117}, name: com.gtr.sdkdemo, euid: 0
I/ActivityManager( 1255): Start proc 8621:com.gtr.sdkdemo/u0a117 for activity com.gtr.sdkdemo/com.gtr.test.MainActivity
W/ContextImpl( 8561): Calling a method in the system process without a qualified user: android.app.ContextImpl.startService:1378 android.content.ContextWrapper.startService:581 com.huawei.systemmanager.SystemManagerApplication.startSpaceCleanService:189 com.huawei.systemmanager.SystemManagerApplication.startServices:114 com.huawei.systemmanager.SystemManagerApplication.onCreate:87 
W/ContextImpl( 8561): Calling a method in the system process without a qualified user: android.app.ContextImpl.startService:1378 android.content.ContextWrapper.startService:581 com.huawei.systemmanager.SystemManagerApplication.startStarupService:194 com.huawei.systemmanager.SystemManagerApplication.startServices:115 com.huawei.systemmanager.SystemManagerApplication.onCreate:87 
W/ContextImpl( 8561): Calling a method in the system process without a qualified user: android.app.ContextImpl.startService:1378 android.content.ContextWrapper.startService:581 com.huawei.systemmanager.SystemManagerApplication.startAntivirusService:199 com.huawei.systemmanager.SystemManagerApplication.startServices:116 com.huawei.systemmanager.SystemManagerApplication.onCreate:87 
D/ActivityManager( 1255): cleanUpApplicationRecord -- 7915
I/ActivityManager( 1255): cleanUpApplicationRecordLocked, reset pid: 7915, euid: 0
D/ActivityThread( 8621): ActivityThread,attachApplication
D/ActivityManager( 1255): ActivityManagerService,attachApplication,callingPid = 8621
V/ActivityManager( 1255): New app record ProcessRecord{80c8359 8621:com.gtr.sdkdemo/u0a117} thread=android.os.BinderProxy@f6d98cd pid=8621
I/UsageStatsService( 1255): reportEvent Informing listeners of out-of-idle com.gtr.sdkdemo,previouslyIdle:true
I/ActivityManager( 1255): launch r: ActivityRecord{ecaf7a u0 com.gtr.sdkdemo/com.gtr.test.MainActivity t100}, uid = 10117, r.info.applicationInfo.euid  = 0
D/NetdConnector( 1255): SND -> {645 firewall set_uid_rule standby 10117 allow}
V/AppWindowAnimator( 1255): Can't get Looper return 0
D/NetdConnector( 1255): RCV <- {200 645 Firewall command succeeded}
D/NetdConnector( 1255): RCV <- {200 645 Firewall command succeeded}
W/ContextImpl( 8561): Calling a method in the system process without a qualified user: android.app.ContextImpl.startService:1378 android.content.ContextWrapper.startService:581 tmsdk.common.TMSDKContext.start:-1 tmsdk.common.TMSDKContext.init:-1 com.huawei.systemmanager.sdk.tmsdk.TMSdkEngine.init:44 
I/HwActivityManagerService( 1255): PackageName for pid 8469 is com.android.contacts
I/HwActivityManagerService( 1255): PackageName for pid 8469 is com.android.contacts
I/HwActivityManagerService( 1255): PackageName for pid 8469 is com.android.contacts
I/ActivityManager( 1255): retrieveServiceLocked, callerApp: ProcessRecord{5bcbfca 8561:com.huawei.systemmanager/1000}, flags: 400
I/ActivityManager( 1255): bindServiceLocked, r: ServiceRecord{ba3e2a6 u0 euid: 0 com.huawei.systemmanager/.util.content.HsmIntentService_ui}, euid: 0
W/WindowManager( 1255): Attempted to add window with non-application token WindowToken{450df5c null}.  Aborting.
W/WindowManager( 1255): Attempted to add window with non-application token WindowToken{450df5c null}.  Aborting.
D/NetdConnector( 1255): SND -> {646 bandwidth firewall allow mobile 10115 1}
D/NetdConnector( 1255): RCV <- {500 646 Usage: bandwidth firewall allow <interface>  <appUid>}
D/NetdConnector( 1255): RCV <- {500 646 Usage: bandwidth firewall allow <interface>  <appUid>}
E/NetdConnector( 1255): NDC client error throw NativeDaemonArgumentException
I/ActivityManager( 1255): collectReceiverComponents for intent: Intent { act=huawei.intent.action.HW_STOPPED_PACKAGE_ACTION flg=0x10 (has extras) }, receivers: null
I/ActivityManager( 1255): new Process app=ProcessRecord{cefb62c 0:com.huawei.hwmwlauncher/u0a45}, name: com.huawei.hwmwlauncher, euid: 0
W/ContextImpl( 8561): Calling a method in the system process without a qualified user: android.app.ContextImpl.startService:1378 android.content.ContextWrapper.startService:581 com.huawei.systemmanager.spacecleanner.receiver.SpaceCleanReceiver.checkRarelyUsedApp:132 com.huawei.systemmanager.spacecleanner.receiver.SpaceCleanReceiver.doInBackground:60 java.lang.reflect.Method.invoke:-2 
I/ActivityManager( 1255): Start proc 8699:com.huawei.hwmwlauncher/u0a45 for broadcast com.huawei.hwmwlauncher/.HwMwBroadcastReceiver
D/NetdConnector( 1255): SND -> {647 bandwidth firewall allow wifi 10115 2}
D/ActivityThread( 8699): ActivityThread,attachApplication
D/ActivityManager( 1255): ActivityManagerService,attachApplication,callingPid = 8699
V/ActivityManager( 1255): New app record ProcessRecord{cefb62c 8699:com.huawei.hwmwlauncher/u0a45} thread=android.os.BinderProxy@d9a28f5 pid=8699
D/NetdConnector( 1255): RCV <- {500 647 Usage: bandwidth firewall allow <interface>  <appUid>}
D/NetdConnector( 1255): RCV <- {500 647 Usage: bandwidth firewall allow <interface>  <appUid>}
E/NetdConnector( 1255): NDC client error throw NativeDaemonArgumentException
D/WifiService( 1255): getWifiServiceMessenger, pid:8561, uid:1000
D/WifiService( 1255): New client listening to asynchronous messages
I/ActivityManager( 1255): retrieveServiceLocked, callerApp: ProcessRecord{cefb62c 8699:com.huawei.hwmwlauncher/u0a45}, flags: 400
I/ActivityManager( 1255): bindServiceLocked, r: ServiceRecord{59c468a u0 euid: 0 com.huawei.hwmwlauncher/.HwMwLauncherService}, euid: 0
I/ActivityManager( 1255): new Process app=ProcessRecord{9c444fb 0:com.huawei.android.pushagent/u0a50}, name: com.huawei.android.pushagent, euid: 0
I/ActivityManager( 1255): Start proc 8747:com.huawei.android.pushagent/u0a50 for broadcast com.huawei.android.pushagent/.PushEventReceiver
I/ActivityManager( 1255): collectReceiverComponents for intent: Intent { act=com.huawei.multiwindow.launcher.action.REFRESH_MW_LAUNCHER flg=0x10 }, receivers: null
I/ActivityManager( 1255): Killing 8112:com.huawei.android.remotecontrol:pushservice/u0a55 (adj 15): empty #16
D/ActivityThread( 8747): ActivityThread,attachApplication
D/ActivityManager( 1255): ActivityManagerService,attachApplication,callingPid = 8747
V/ActivityManager( 1255): New app record ProcessRecord{9c444fb 8747:com.huawei.android.pushagent/u0a50} thread=android.os.BinderProxy@ab80918 pid=8747
I/ActivityManager( 1255): Killing 8131:com.android.keychain/1000 (adj 15): empty #16
W/BroadcastQueue( 1255): Exception when sending broadcast to ComponentInfo{com.huawei.android.remotecontrol/com.huawei.android.pushagent.PushEventReceiver}
W/BroadcastQueue( 1255): android.os.DeadObjectException: Transaction failed on small parcel; remote process probably died
W/BroadcastQueue( 1255): 	at android.os.BinderProxy.transactNative(Native Method)
W/BroadcastQueue( 1255): 	at android.os.BinderProxy.transact(Binder.java:505)
W/BroadcastQueue( 1255): 	at android.app.ApplicationThreadProxy.scheduleReceiver(ApplicationThreadNative.java:891)
W/BroadcastQueue( 1255): 	at com.android.server.am.BroadcastQueue.processCurBroadcastLocked(BroadcastQueue.java:351)
W/BroadcastQueue( 1255): 	at com.android.server.am.BroadcastQueue.processNextBroadcast(BroadcastQueue.java:1174)
W/BroadcastQueue( 1255): 	at com.android.server.am.ActivityManagerService.finishReceiver(ActivityManagerService.java:18158)
W/BroadcastQueue( 1255): 	at android.app.ActivityManagerNative.onTransact(ActivityManagerNative.java:496)
W/BroadcastQueue( 1255): 	at com.android.server.am.ActivityManagerService.onTransact(ActivityManagerService.java:2707)
W/BroadcastQueue( 1255): 	at com.android.server.am.HwActivityManagerService.onTransact(HwActivityManagerService.java:393)
W/BroadcastQueue( 1255): 	at android.os.Binder.execTransact(Binder.java:453)
D/ActivityManager( 1255): cleanUpApplicationRecord -- 8112
I/ActivityManager( 1255): Start proc 8783:com.huawei.android.remotecontrol:pushservice/u0a55 for broadcast com.huawei.android.remotecontrol/com.huawei.android.pushagent.PushEventReceiver
D/ActivityThread( 8783): ActivityThread,attachApplication
D/ActivityManager( 1255): ActivityManagerService,attachApplication,callingPid = 8783
V/ActivityManager( 1255): New app record ProcessRecord{62a5daa 8783:com.huawei.android.remotecontrol:pushservice/u0a55} thread=android.os.BinderProxy@3b15f71 pid=8783
I/ActivityManager( 1255): Killing 8155:com.huawei.cloudwifi:pushservice/u0a79 (adj 15): empty #16
W/BroadcastQueue( 1255): Exception when sending broadcast to ComponentInfo{com.android.keychain/com.android.keychain.KeyChainBroadcastReceiver}
W/BroadcastQueue( 1255): android.os.DeadObjectException: Transaction failed on small parcel; remote process probably died
W/BroadcastQueue( 1255): 	at android.os.BinderProxy.transactNative(Native Method)
W/BroadcastQueue( 1255): 	at android.os.BinderProxy.transact(Binder.java:505)
W/BroadcastQueue( 1255): 	at android.app.ApplicationThreadProxy.scheduleReceiver(ApplicationThreadNative.java:891)
W/BroadcastQueue( 1255): 	at com.android.server.am.BroadcastQueue.processCurBroadcastLocked(BroadcastQueue.java:351)
W/BroadcastQueue( 1255): 	at com.android.server.am.BroadcastQueue.processNextBroadcast(BroadcastQueue.java:1174)
W/BroadcastQueue( 1255): 	at com.android.server.am.ActivityManagerService.finishReceiver(ActivityManagerService.java:18158)
W/BroadcastQueue( 1255): 	at android.app.ActivityManagerNative.onTransact(ActivityManagerNative.java:496)
W/BroadcastQueue( 1255): 	at com.android.server.am.ActivityManagerService.onTransact(ActivityManagerService.java:2707)
W/BroadcastQueue( 1255): 	at com.android.server.am.HwActivityManagerService.onTransact(HwActivityManagerService.java:393)
W/BroadcastQueue( 1255): 	at android.os.Binder.execTransact(Binder.java:453)
D/ActivityManager( 1255): cleanUpApplicationRecord -- 8131
I/ActivityManager( 1255): Start proc 8811:com.android.keychain/1000 for broadcast com.android.keychain/.KeyChainBroadcastReceiver
W/libprocessgroup( 1255): failed to open /acct/uid_10055/pid_8112/cgroup.procs: No such file or directory
D/ActivityThread( 8811): ActivityThread,attachApplication
D/ActivityManager( 1255): ActivityManagerService,attachApplication,callingPid = 8811
V/ActivityManager( 1255): New app record ProcessRecord{1a8aa76 8811:com.android.keychain/1000} thread=android.os.BinderProxy@4156 pid=8811
W/ContextImpl( 8811): Calling a method in the system process without a qualified user: android.app.ContextImpl.startService:1378 android.content.ContextWrapper.startService:581 android.content.ContextWrapper.startService:581 com.android.keychain.KeyChainBroadcastReceiver.onReceive:12 android.app.ActivityThread.handleReceiver:2760 
I/ActivityManager( 1255): retrieveServiceLocked, callerApp: ProcessRecord{1a8aa76 8811:com.android.keychain/1000}, flags: 400
I/ActivityManager( 1255): bindServiceLocked, r: ServiceRecord{28835d7 u0 euid: 0 com.android.keychain/.KeyChainService}, euid: 0
W/BroadcastQueue( 1255): Exception when sending broadcast to ComponentInfo{com.huawei.cloudwifi/com.huawei.android.pushagent.PushEventReceiver}
W/BroadcastQueue( 1255): android.os.DeadObjectException: Transaction failed on small parcel; remote process probably died
W/BroadcastQueue( 1255): 	at android.os.BinderProxy.transactNative(Native Method)
W/BroadcastQueue( 1255): 	at android.os.BinderProxy.transact(Binder.java:505)
W/BroadcastQueue( 1255): 	at android.app.ApplicationThreadProxy.scheduleReceiver(ApplicationThreadNative.java:891)
W/BroadcastQueue( 1255): 	at com.android.server.am.BroadcastQueue.processCurBroadcastLocked(BroadcastQueue.java:351)
W/BroadcastQueue( 1255): 	at com.android.server.am.BroadcastQueue.processNextBroadcast(BroadcastQueue.java:1174)
W/BroadcastQueue( 1255): 	at com.android.server.am.ActivityManagerService.finishReceiver(ActivityManagerService.java:18158)
W/BroadcastQueue( 1255): 	at android.app.ActivityManagerNative.onTransact(ActivityManagerNative.java:496)
W/BroadcastQueue( 1255): 	at com.android.server.am.ActivityManagerService.onTransact(ActivityManagerService.java:2707)
W/BroadcastQueue( 1255): 	at com.android.server.am.HwActivityManagerService.onTransact(HwActivityManagerService.java:393)
W/BroadcastQueue( 1255): 	at android.os.Binder.execTransact(Binder.java:453)
D/ActivityManager( 1255): cleanUpApplicationRecord -- 8155
W/libprocessgroup( 1255): failed to open /acct/uid_1000/pid_8131/cgroup.procs: No such file or directory
W/libprocessgroup( 1255): failed to open /acct/uid_10079/pid_8155/cgroup.procs: No such file or directory
I/ActivityManager( 1255): Start proc 8833:com.huawei.cloudwifi:pushservice/u0a79 for broadcast com.huawei.cloudwifi/com.huawei.android.pushagent.PushEventReceiver
I/ActivityManager( 1255): Killing 8188:com.android.providers.calendar/u0a34 (adj 15): empty #16
D/ActivityThread( 8833): ActivityThread,attachApplication
D/ActivityManager( 1255): ActivityManagerService,attachApplication,callingPid = 8833
V/ActivityManager( 1255): New app record ProcessRecord{c11554d 8833:com.huawei.cloudwifi:pushservice/u0a79} thread=android.os.BinderProxy@fb09ec4 pid=8833
D/ActivityManager( 1255): cleanUpApplicationRecord -- 8188
I/ActivityManager( 1255): cleanUpApplicationRecordLocked, reset pid: 8188, euid: 0
W/ActivityManager( 1255): getRunningAppProcesses: caller 10117 does not hold REAL_GET_TASKS; limiting output
W/ActivityManager( 1255): getRunningAppProcesses: caller 10117 does not hold REAL_GET_TASKS; limiting output
I/ActivityManager( 1255): collectReceiverComponents for intent: Intent { act=PACKAGE_ADDED_OR_REMOVED flg=0x10 pkg=com.huawei.systemmanager (has extras) }, receivers: null
I/ActivityManager( 1255): Killing 8211:com.huawei.android.ds:pushservice/1001 (adj 15): empty #16
I/ActivityManager( 1255): retrieveServiceLocked, callerApp: ProcessRecord{80c8359 8621:com.gtr.sdkdemo/u0a117}, flags: 400
