I/NetworkSpeedView( 2167): /update(), speed=0K/s
W/View    ( 2167): requestLayout() improperly called by com.android.systemui.statusbar.phone.IconMerger{4f553c V.E...... ......I. 0,0-54,72 #7f1000c3 app:id/notificationIcons} during layout: running second layout pass
D/VM_BMS  (  460): wake_lock acquired
D/VM_BMS  (  460): New BMS data - Size=56
D/VM_BMS  (  460): Start process_bms_data
D/VM_BMS  (  460): For batt_temp=288 fcc_mah=3054
D/VM_BMS  (  460): For ocv=4225457 batt_temp=288 soc=93
D/VM_BMS  (  460): fifo_count=5 acc_count=0
D/VM_BMS  (  460): INIT: ocv=4225457 last_ocv=4225457 batt_temp=288 soc=93
D/VM_BMS  (  460): For soc=93 batt_temp=288 slope=11000
D/VM_BMS  (  460): For soc=93 batt_temp=288 rbatt_sf=98
D/VM_BMS  (  460): rbatt_mohm_default=139, rbatt_mohm=136, sf=98 batt_temp=288
D/VM_BMS  (  460): For ocv=4225500 batt_temp=288 soc=93
D/VM_BMS  (  460): FIFO=0 fifo_avg=4.232034 rbatt=0.136000 slope=1.100000 ibatt=-0.048202 ocv=4.225501 soc=93 fcc_ah=3.054000 sample_count=128 sample_interval=70 seq_num=1437
D/VM_BMS  (  460): For soc=93 batt_temp=288 slope=11000
D/VM_BMS  (  460): For soc=93 batt_temp=288 rbatt_sf=98
D/VM_BMS  (  460): rbatt_mohm_default=139, rbatt_mohm=136, sf=98 batt_temp=288
D/VM_BMS  (  460): For ocv=4225521 batt_temp=288 soc=93
D/VM_BMS  (  460): FIFO=1 fifo_avg=4.228785 rbatt=0.136000 slope=1.100000 ibatt=-0.024075 ocv=4.225522 soc=93 fcc_ah=3.054000 sample_count=128 sample_interval=70 seq_num=1437
D/VM_BMS  (  460): For soc=93 batt_temp=288 slope=11000
D/VM_BMS  (  460): For soc=93 batt_temp=288 rbatt_sf=98
D/VM_BMS  (  460): rbatt_mohm_default=139, rbatt_mohm=136, sf=98 batt_temp=288
D/VM_BMS  (  460): For ocv=4225527 batt_temp=288 soc=93
D/VM_BMS  (  460): FIFO=2 fifo_avg=4.226424 rbatt=0.136000 slope=1.100000 ibatt=-0.006619 ocv=4.225527 soc=93 fcc_ah=3.054000 sample_count=128 sample_interval=70 seq_num=1437
D/VM_BMS  (  460): For soc=93 batt_temp=288 slope=11000
D/VM_BMS  (  460): For soc=93 batt_temp=288 rbatt_sf=98
D/VM_BMS  (  460): rbatt_mohm_default=139, rbatt_mohm=136, sf=98 batt_temp=288
D/VM_BMS  (  460): For ocv=4225490 batt_temp=288 soc=93
D/VM_BMS  (  460): FIFO=3 fifo_avg=4.219932 rbatt=0.136000 slope=1.100000 ibatt=0.041003 ocv=4.225490 soc=93 fcc_ah=3.054000 sample_count=128 sample_interval=70 seq_num=1437
D/VM_BMS  (  460): For soc=93 batt_temp=288 slope=11000
D/VM_BMS  (  460): For soc=93 batt_temp=288 rbatt_sf=98
D/VM_BMS  (  460): rbatt_mohm_default=139, rbatt_mohm=136, sf=98 batt_temp=288
D/VM_BMS  (  460): For ocv=4225516 batt_temp=288 soc=93
D/VM_BMS  (  460): FIFO=4 fifo_avg=4.229376 rbatt=0.136000 slope=1.100000 ibatt=-0.028478 ocv=4.225516 soc=93 fcc_ah=3.054000 sample_count=128 sample_interval=70 seq_num=1437
I/VM_BMS  (  460): power_supply_update: ocv_uv=4225516 ibatt=-28477 soc=93 seq_num=1437
D/VM_BMS  (  460): End process_bms_data
D/VM_BMS  (  460): wake_lock released
I/TrafficMonitor( 1255): update:rxPkts:2,txPkts:0,rxBytes:310,txBytes:0
I/TrafficMonitor( 1255): start expired. level:-1
I/TrafficMonitor( 1255): gettimer:interval=2000
I/MSM-irqbalance(  517): Decided to move IRQ215 from CPU5 to CPU4
W/View    ( 2167): requestLayout() improperly called by com.android.systemui.statusbar.phone.IconMerger{4f553c V.E...... ........ 0,0-54,72 #7f1000c3 app:id/notificationIcons} during second layout pass: posting in next frame
D/WifiHW  ( 1255): wifi_send_command: cmd:'IFNAME=wlan0 SIGNAL_POLL'
D/wpa_supplicant( 2050): wlan0: Control interface command 'SIGNAL_POLL'
E/wpa_supplicant( 2050): RSSI=-47;LINKSPEED=72;NOISE=9999;FREQUENCY=2462;
D/wpa_supplicant( 2050): CTRL-DEBUG: global_ctrl_sock-sendto: sock=16 sndbuf=212992 outq=0 send_len=48
E/WifiConfigStore( 1255): updateConfiguration freq=2462 BSSID=c8:3a:35:12:cf:e8 RSSI=-47 "ccc"WPA_PSK
I/TrafficMonitor( 1255): update:rxPkts:0,txPkts:0,rxBytes:0,txBytes:0
I/TrafficMonitor( 1255): start expired. level:-1
I/TrafficMonitor( 1255): gettimer:interval=5000
I/NetworkSpeedManagerEx( 2167): mIsStop = false
D/NetworkSpeedManagerEx( 2167): doInBackground
D/NetworkSpeedManagerEx( 2167): onPostExecute
I/NetworkSpeedManagerEx( 2167):  value = 103.333336
I/NetworkSpeedManagerEx( 2167): speed = 103B/s
I/NetworkSpeedView( 2167): /update(), speed=103B/s
W/View    ( 2167): requestLayout() improperly called by com.android.systemui.statusbar.phone.IconMerger{4f553c V.E...... ......I. 0,0-54,72 #7f1000c3 app:id/notificationIcons} during layout: running second layout pass
D/HwArpVerifier( 1255): performPollAndLog:
D/hw_netstat( 1255): total/0/0
D/WifiHW  ( 1255): wifi_send_command: cmd:'IFNAME=wlan0 SIGNAL_POLL'
D/wpa_supplicant( 2050): wlan0: Control interface command 'SIGNAL_POLL'
E/wpa_supplicant( 2050): RSSI=-48;LINKSPEED=72;NOISE=9999;FREQUENCY=2462;
D/wpa_supplicant( 2050): CTRL-DEBUG: global_ctrl_sock-sendto: sock=16 sndbuf=212992 outq=0 send_len=48
E/WifiConfigStore( 1255): updateConfiguration freq=2462 BSSID=c8:3a:35:12:cf:e8 RSSI=-47 "ccc"WPA_PSK
I/TrafficMonitor( 1255): expired arrive. level:-1
I/TrafficMonitor( 1255): during_ms:2002,period_ms:2000
I/TrafficMonitor( 1255): count:278,rx_sum:0,tx_sum:0,rxBytes:0,during_ms:2002,rx_speed:0.0,tx_speed:0.0,rto:0.0
D/HuaweiWifiWatchdogStateMachine( 1255): speed: rxpkt:0, rxSpd:0B/s, txpkt:0, txSpd:0
I/MSM-irqbalance(  517): Decided to move IRQ130 from CPU5 to CPU4
I/NetworkSpeedManagerEx( 2167): mIsStop = false
D/NetworkSpeedManagerEx( 2167): doInBackground
D/NetworkSpeedManagerEx( 2167): onPostExecute
I/NetworkSpeedManagerEx( 2167):  value = 0.0
I/NetworkSpeedManagerEx( 2167): speed = 0K/s
I/NetworkSpeedView( 2167): /update(), speed=0K/s
W/View    ( 2167): requestLayout() improperly called by com.android.systemui.statusbar.phone.IconMerger{4f553c V.E...... ......I. 0,0-54,72 #7f1000c3 app:id/notificationIcons} during layout: running second layout pass
W/View    ( 2167): requestLayout() improperly called by com.android.systemui.statusbar.phone.IconMerger{4f553c V.E...... ........ 0,0-54,72 #7f1000c3 app:id/notificationIcons} during second layout pass: posting in next frame
W/View    ( 2167): requestLayout() improperly called by com.android.systemui.statusbar.phone.IconMerger{4f553c V.E...... ......I. 0,0-54,72 #7f1000c3 app:id/notificationIcons} during second layout pass: posting in next frame
D/WifiHW  ( 1255): wifi_send_command: cmd:'IFNAME=wlan0 SIGNAL_POLL'
D/wpa_supplicant( 2050): wlan0: Control interface command 'SIGNAL_POLL'
E/wpa_supplicant( 2050): RSSI=-47;LINKSPEED=72;NOISE=9999;FREQUENCY=2462;
D/wpa_supplicant( 2050): CTRL-DEBUG: global_ctrl_sock-sendto: sock=16 sndbuf=212992 outq=0 send_len=48
E/WifiConfigStore( 1255): updateConfiguration freq=2462 BSSID=c8:3a:35:12:cf:e8 RSSI=-47 "ccc"WPA_PSK
D/WifiHW  ( 1255): wifi_send_command: cmd:'IFNAME=wlan0 PKTCNT_POLL'
D/wpa_supplicant( 2050): wlan0: Control interface command 'PKTCNT_POLL'
D/wpa_supplicant( 2050): CTRL-DEBUG: global_ctrl_sock-sendto: sock=16 sndbuf=212992 outq=0 send_len=29
D/HuaweiWifiWatchdogStateMachine( 1255): LM mrssi=-47
I/HuaweiWifiWatchdogStateMachine( 1255): spd good count:0, add sc:0.0, rate:1.0
I/HuaweiWifiWatchdogStateMachine( 1255): current mHighDataFlowRate = 1.0
I/HuaweiWifiWatchdogStateMachine( 1255): not any pkt, ignore this period chk result.
E/HwPowerMonitor.Utils( 3567): ERROR reading null
E/HwPowerMonitor.Utils( 3567): ERROR reading null
E/HwPowerMonitor.Utils( 3567): ERROR reading null
I/TrafficMonitor( 1255): update:rxPkts:0,txPkts:0,rxBytes:0,txBytes:0
I/TrafficMonitor( 1255): start expired. level:-1
I/TrafficMonitor( 1255): gettimer:interval=5000
D/HwArpVerifier( 1255): performPollAndLog:
D/hw_netstat( 1255): total/0/0
D/WifiHW  ( 1255): wifi_send_command: cmd:'IFNAME=wlan0 SIGNAL_POLL'
D/wpa_supplicant( 2050): wlan0: Control interface command 'SIGNAL_POLL'
E/wpa_supplicant( 2050): RSSI=-47;LINKSPEED=72;NOISE=9999;FREQUENCY=2462;
D/wpa_supplicant( 2050): CTRL-DEBUG: global_ctrl_sock-sendto: sock=16 sndbuf=212992 outq=0 send_len=48
E/WifiConfigStore( 1255): updateConfiguration freq=2462 BSSID=c8:3a:35:12:cf:e8 RSSI=-47 "ccc"WPA_PSK
D/HwBatteryService( 1255): onUEvent fcp_values = 0
D/HwGpsPowerTracker( 1255): ACTION_BATTERY_CHANGED pluggedType: 2
D/WifiService( 1255): onReceive, action:android.intent.action.BATTERY_CHANGED
D/WifiService( 1255): ACTION_BATTERY_CHANGED pluggedType: 2
D/PowerUI ( 2167): level:93-->93 status:2-->2 plugType:2-->2 invalidCharger:0-->0 bucket:1-->1 plugged:true-->true
D/HwPowerMonitor.Utils( 3567): ScrOff setChargingState mIsCharging = true
I/HwPowerMonitor.PowerExceptionObservable( 3567): unhandled onEvent actionID: 3002
W/HwPowerMonitor.DayActObserver( 3567): mModemLogStatsTimes = 0, ModemLogState = 0
W/HwPowerMonitor.DayActObserver( 3567): BAT_CHANGED, mIsScrnOffBatStatsEnabled = true, mIsCharging = true, mIsScrnOfBatDropMonitorStart = false
I/NetworkSpeedManagerEx( 2167): mIsStop = false
D/NetworkSpeedManagerEx( 2167): doInBackground
D/NetworkSpeedManagerEx( 2167): onPostExecute
I/NetworkSpeedManagerEx( 2167):  value = 0.0
I/NetworkSpeedManagerEx( 2167): speed = 0K/s
I/NetworkSpeedView( 2167): /update(), speed=0K/s
I/SendBroadcastPermission( 1255): action:android.intent.action.SIG_STR, mPermissionType:0
I/MQoS    ( 1255): onSignal: mSubId=1,currDataSubID=0
I/MQoS    ( 1255): received cell-signal:1
I/ActivityManager( 1255): collectReceiverComponents for intent: Intent { act=android.intent.action.SIG_STR flg=0x20000010 (has extras) }, receivers: null
W/ActivityManager( 1255): getRunningAppProcesses: caller 10099 does not hold REAL_GET_TASKS; limiting output
D/WifiHW  ( 1255): wifi_send_command: cmd:'IFNAME=wlan0 SIGNAL_POLL'
D/wpa_supplicant( 2050): wlan0: Control interface command 'SIGNAL_POLL'
E/wpa_supplicant( 2050): RSSI=-47;LINKSPEED=72;NOISE=9999;FREQUENCY=2462;
D/wpa_supplicant( 2050): CTRL-DEBUG: global_ctrl_sock-sendto: sock=16 sndbuf=212992 outq=0 send_len=48
E/WifiConfigStore( 1255): updateConfiguration freq=2462 BSSID=c8:3a:35:12:cf:e8 RSSI=-47 "ccc"WPA_PSK
D/WifiHW  ( 1255): wifi_send_command: cmd:'IFNAME=wlan0 SCAN TYPE=ONLY'
D/wpa_supplicant( 2050): wlan0: Control interface command 'SCAN TYPE=ONLY'
D/wpa_supplicant( 2050): wlan0: Setting scan request: 0.000000 sec
D/wpa_supplicant( 2050): CTRL-DEBUG: global_ctrl_sock-sendto: sock=16 sndbuf=212992 outq=0 send_len=3
D/wpa_supplicant( 2050): wlan0: Starting AP scan for wildcard SSID
D/wpa_supplicant( 2050): wlan0: Add radio work 'scan'@0x557e40ab50
D/wpa_supplicant( 2050): wlan0: First radio work item in the queue - schedule start immediately
D/wpa_supplicant( 2050): wlan0: Starting radio work 'scan'@0x557e40ab50 after 0.000065 second wait
D/wpa_supplicant( 2050): wlan0: nl80211: scan request
D/wpa_supplicant( 2050): Scan requested (ret=0) - scan timeout 30 seconds
D/wpa_supplicant( 2050): nl80211: Drv Event 33 (NL80211_CMD_TRIGGER_SCAN) received for wlan0
D/wpa_supplicant( 2050): wlan0: nl80211: Scan trigger
D/wpa_supplicant( 2050): wlan0: Event SCAN_STARTED (47) received
D/wpa_supplicant( 2050): wlan0: Own scan request started a scan in 0.000167 seconds
D/wpa_supplicant( 2050): CTRL-DEBUG: ctrl_sock-sendmsg: sock=16 sndbuf=212992 outq=0 send_len=24
D/WifiService( 1255): startScan, pid:7378, uid:10107
W/ActivityManager( 1255): getRunningAppProcesses: caller 10099 does not hold REAL_GET_TASKS; limiting output
I/NetworkSpeedManagerEx( 2167): mIsStop = false
D/NetworkSpeedManagerEx( 2167): doInBackground
D/NetworkSpeedManagerEx( 2167): onPostExecute
I/NetworkSpeedManagerEx( 2167):  value = 0.0
I/NetworkSpeedManagerEx( 2167): speed = 0K/s
I/NetworkSpeedView( 2167): /update(), speed=0K/s
D/wpa_supplicant( 2050): nl80211: Drv Event 34 (NL80211_CMD_NEW_SCAN_RESULTS) received for wlan0
D/wpa_supplicant( 2050): wlan0: nl80211: New scan results available
D/wpa_supplicant( 2050): nl80211: Scan included frequencies: 2412 2417 2422 2427 2432 2437 2442 2447 2452 2457 2462 2467 2472
D/wpa_supplicant( 2050): wlan0: Event SCAN_RESULTS (3) received
D/wpa_supplicant( 2050): wlan0: Scan completed in 0.595548 seconds
D/wpa_supplicant( 2050): nl80211: Associated on 2462 MHz
D/wpa_supplicant( 2050): nl80211: Associated with c8:3a:35:12:cf:e8
D/wpa_supplicant( 2050): nl80211: Received scan results (24 BSSes)
D/wpa_supplicant( 2050): nl80211: Scan results indicate BSS status with c8:3a:35:12:cf:e8 as associated
D/wpa_supplicant( 2050): wlan0: BSS: Start scan result update 721
D/wpa_supplicant( 2050): wlan0: BSS: Add new id 1911 BSSID e8:bd:d1:c5:f2:dc SSID 'CU_t35U'
D/wpa_supplicant( 2050): CTRL-DEBUG: ctrl_sock-sendmsg: sock=16 sndbuf=212992 outq=0 send_len=43
D/wpa_supplicant( 2050): wlan0: BSS: Add new id 1912 BSSID 88:25:93:58:87:2c SSID 'xiao2'
D/wpa_supplicant( 2050): CTRL-DEBUG: ctrl_sock-sendmsg: sock=16 sndbuf=212992 outq=0 send_len=43
D/wpa_supplicant( 2050): BSS: last_scan_res_used=24/32
D/wpa_supplicant( 2050): wlan0: Scan-only results received
D/wpa_supplicant( 2050): CTRL-DEBUG: ctrl_sock-sendmsg: sock=16 sndbuf=212992 outq=0 send_len=24
D/wpa_supplicant( 2050): wlan0: Radio work 'scan'@0x557e40ab50 done in 0.604680 seconds
D/wpa_supplicant( 2050): CTRL-DEBUG: global_ctrl_sock-sendto: sock=16 sndbuf=212992 outq=0 send_len=3953
D/wpa_supplicant( 2050): CTRL-DEBUG: global_ctrl_sock-sendto: sock=16 sndbuf=212992 outq=0 send_len=3788
D/wpa_supplicant( 2050): CTRL-DEBUG: global_ctrl_sock-sendto: sock=16 sndbuf=212992 outq=0 send_len=3792
D/wpa_supplicant( 2050): CTRL-DEBUG: global_ctrl_sock-sendto: sock=16 sndbuf=212992 outq=0 send_len=3574
I/SendBroadcastPermission( 1255): action:android.net.wifi.SCAN_RESULTS, mPermissionType:0
I/ActivityManager( 1255): collectReceiverComponents for intent: Intent { act=android.net.wifi.SCAN_RESULTS flg=0x4000010 (has extras) }, receivers: [ResolveInfo{d3961c4 com.android.settings/.wifi.cmcc.ConnectSwitchReceiver m=0x108000 euid=0}]
W/WiFi_PRO_WifiHandover( 1255): notifyGoodApFound, nextId = 2, nextRssi = -59, nextSsid = zhang504, currentSsid = "ccc"
W/ActivityManager( 1255): getRunningAppProcesses: caller 10107 does not hold REAL_GET_TASKS; limiting output
I/TrafficMonitor( 1255): expired arrive. level:-1
I/TrafficMonitor( 1255): update:rxPkts:0,txPkts:0,rxBytes:0,txBytes:0
I/TrafficMonitor( 1255): start expired. level:-1
I/TrafficMonitor( 1255): gettimer:interval=5000
I/TrafficMonitor( 1255): during_ms:5002,period_ms:2000
I/TrafficMonitor( 1255): count:280,rx_sum:0,tx_sum:0,rxBytes:0,during_ms:5002,rx_speed:0.0,tx_speed:0.0,rto:0.0
D/HuaweiWifiWatchdogStateMachine( 1255): speed: rxpkt:0, rxSpd:0B/s, txpkt:0, txSpd:0
D/HwArpVerifier( 1255): performPollAndLog:
D/hw_netstat( 1255): total/0/0
D/WifiHW  ( 1255): wifi_send_command: cmd:'IFNAME=wlan0 SIGNAL_POLL'
D/wpa_supplicant( 2050): wlan0: Control interface command 'SIGNAL_POLL'
E/wpa_supplicant( 2050): RSSI=-47;LINKSPEED=72;NOISE=9999;FREQUENCY=2462;
D/wpa_supplicant( 2050): CTRL-DEBUG: global_ctrl_sock-sendto: sock=16 sndbuf=212992 outq=0 send_len=48
E/WifiConfigStore( 1255): updateConfiguration freq=2462 BSSID=c8:3a:35:12:cf:e8 RSSI=-47 "ccc"WPA_PSK
D/WifiHW  ( 1255): wifi_send_command: cmd:'IFNAME=wlan0 PKTCNT_POLL'
D/wpa_supplicant( 2050): wlan0: Control interface command 'PKTCNT_POLL'
D/wpa_supplicant( 2050): CTRL-DEBUG: global_ctrl_sock-sendto: sock=16 sndbuf=212992 outq=0 send_len=29
D/HuaweiWifiWatchdogStateMachine( 1255): LM mrssi=-47
I/HuaweiWifiWatchdogStateMachine( 1255): spd good count:0, add sc:0.0, rate:1.0
D/HuaweiWifiWatchdogStateMachine( 1255): high data flow: protection_counter = 0,  not_detect_counter = 20
D/HuaweiWifiWatchdogStateMachine( 1255): high data flow scenario: 0 --> 0 rx bytes =2KB
I/HuaweiWifiWatchdogStateMachine( 1255): current mHighDataFlowRate = 1.0
I/HuaweiWifiWatchdogStateMachine( 1255): not any pkt, ignore this period chk result.
D/WifiHW  ( 1255): wifi_send_command: cmd:'IFNAME=wlan0 SIGNAL_POLL'
D/wpa_supplicant( 2050): wlan0: Control interface command 'SIGNAL_POLL'
E/wpa_supplicant( 2050): RSSI=-48;LINKSPEED=72;NOISE=9999;FREQUENCY=2462;
D/wpa_supplicant( 2050): CTRL-DEBUG: global_ctrl_sock-sendto: sock=16 sndbuf=212992 outq=0 send_len=48
E/WifiConfigStore( 1255): updateConfiguration freq=2462 BSSID=c8:3a:35:12:cf:e8 RSSI=-47 "ccc"WPA_PSK
I/NetworkSpeedManagerEx( 2167): mIsStop = false
D/NetworkSpeedManagerEx( 2167): doInBackground
D/NetworkSpeedManagerEx( 2167): onPostExecute
I/NetworkSpeedManagerEx( 2167):  value = 0.0
I/NetworkSpeedManagerEx( 2167): speed = 0K/s
I/NetworkSpeedView( 2167): /update(), speed=0K/s
I/SocketReaderNew( 2695): SocketReader(390) continue
D/MSF.C.NetConnTag( 2695): MsfCoreSocketReaderNew closeConn readError
D/MSF.C.NetConnTag( 2695): conn is already closed on readError
W/System.err( 2695): java.net.SocketException: Socket is closed
W/System.err( 2695): 	at java.net.Socket.checkOpenAndCreate(Socket.java:718)
W/System.err( 2695): 	at java.net.Socket.getSoTimeout(Socket.java:507)
W/System.err( 2695): 	at com.tencent.qphone.base.util.MsfSocketInputBuffer.isDataAvailable(MsfSocketInputBuffer.java:71)
W/System.err( 2695): 	at com.tencent.mobileqq.msf.core.net.l$b.run(SocketEngine.java:494)
I/SocketReaderNew( 2695): SocketReader(390) wait
I/SendBroadcastPermission( 1255): action:android.net.conn.DATA_ACTIVITY_CHANGE, mPermissionType:0
E/NetlinkEvent(  396): NetlinkEvent::FindParam(): Parameter 'UID' not found
W/SocketListener(  396): sending broadcast to Pid = 1255, Uid = 1000 
D/NetdConnector( 1255): RCV <- {613 IfaceClass idle 1 61152503299925}
D/NetdConnector( 1255): RCV <- {613 IfaceClass idle 1 61152503299925}
D/NetdConnector( 1255): RCV unsolicited event from native daemon, event = 613 IfaceClass idle 1 61152503299925
D/NetworkManagement( 1255): notifyInterfaceClassActivity: client is com.android.server.net.NetworkStatsService$7@1a816f6
D/NetworkManagement( 1255): notifyInterfaceClassActivity: client is com.android.server.ethernet.EthernetNetworkFactory$InterfaceObserver@85e82e9
D/NetworkManagement( 1255): notifyInterfaceClassActivity: client is com.android.server.net.NetworkPolicyManagerService$14@9262107
D/NetworkManagement( 1255): notifyInterfaceClassActivity: client is com.android.server.connectivity.Tethering@9baa873
D/NetworkManagement( 1255): notifyInterfaceClassActivity: client is com.android.server.net.NetlinkTracker@c7648ba
D/NetworkManagement( 1255): notifyInterfaceClassActivity: client is android.net.INetworkManagementEventObserver$Stub$Proxy@87e9ea6
D/NetworkManagement( 1255): notifyInterfaceClassActivity: client is com.android.server.connectivity.Vpn$3@d8d6788
D/NetworkManagement( 1255): notifyInterfaceClassActivity: client is com.android.server.ConnectivityService$2@fbef330
I/ActivityManager( 1255): collectReceiverComponents for intent: Intent { act=android.net.conn.DATA_ACTIVITY_CHANGE flg=0x10 (has extras) }, receivers: null
I/MSM-irqbalance(  517): Decided to move IRQ65 from CPU4 to CPU5
I/SendBroadcastPermission( 1255): action:android.net.conn.DATA_ACTIVITY_CHANGE, mPermissionType:0
E/NetlinkEvent(  396): NetlinkEvent::FindParam(): Parameter 'UID' not found
W/SocketListener(  396): sending broadcast to Pid = 1255, Uid = 1000 
D/NetdConnector( 1255): RCV <- {613 IfaceClass active 1 61154058429247}
D/NetdConnector( 1255): RCV <- {613 IfaceClass active 1 61154058429247}
D/NetdConnector( 1255): RCV unsolicited event from native daemon, event = 613 IfaceClass active 1 61154058429247
D/NetworkManagement( 1255): notifyInterfaceClassActivity: client is com.android.server.net.NetworkStatsService$7@1a816f6
D/NetworkManagement( 1255): notifyInterfaceClassActivity: client is com.android.server.ethernet.EthernetNetworkFactory$InterfaceObserver@85e82e9
D/NetworkManagement( 1255): notifyInterfaceClassActivity: client is com.android.server.net.NetworkPolicyManagerService$14@9262107
D/NetworkManagement( 1255): notifyInterfaceClassActivity: client is com.android.server.connectivity.Tethering@9baa873
D/NetworkManagement( 1255): notifyInterfaceClassActivity: client is com.android.server.net.NetlinkTracker@c7648ba
D/NetworkManagement( 1255): notifyInterfaceClassActivity: client is android.net.INetworkManagementEventObserver$Stub$Proxy@87e9ea6
D/NetworkManagement( 1255): notifyInterfaceClassActivity: client is com.android.server.connectivity.Vpn$3@d8d6788
D/NetworkManagement( 1255): notifyInterfaceClassActivity: client is com.android.server.ConnectivityService$2@fbef330
I/ActivityManager( 1255): collectReceiverComponents for intent: Intent { act=android.net.conn.DATA_ACTIVITY_CHANGE flg=0x10 (has extras) }, receivers: null
E/HwPowerMonitor.Utils( 3567): ERROR reading null
E/HwPowerMonitor.Utils( 3567): ERROR reading null
E/HwPowerMonitor.Utils( 3567): ERROR reading null
D/WifiHW  ( 1255): wifi_send_command: cmd:'IFNAME=wlan0 SIGNAL_POLL'
D/wpa_supplicant( 2050): wlan0: Control interface command 'SIGNAL_POLL'
E/wpa_supplicant( 2050): RSSI=-48;LINKSPEED=72;NOISE=9999;FREQUENCY=2462;
D/wpa_supplicant( 2050): CTRL-DEBUG: global_ctrl_sock-sendto: sock=16 sndbuf=212992 outq=0 send_len=48
E/WifiConfigStore( 1255): updateConfiguration freq=2462 BSSID=c8:3a:35:12:cf:e8 RSSI=-47 "ccc"WPA_PSK
I/TrafficMonitor( 1255): expired arrive. level:-1
I/TrafficMonitor( 1255): update:rxPkts:4,txPkts:0,rxBytes:1401,txBytes:0
I/TrafficMonitor( 1255): start expired. level:-1
I/TrafficMonitor( 1255): gettimer:interval=5000
I/TrafficMonitor( 1255): during_ms:5002,period_ms:2000
I/TrafficMonitor( 1255): count:281,rx_sum:4,tx_sum:0,rxBytes:1401,during_ms:5002,rx_speed:280.0879648140744,tx_speed:0.0,rto:0.0
D/HuaweiWifiWatchdogStateMachine( 1255): speed: rxpkt:4, rxSpd:280B/s, txpkt:0, txSpd:0
I/NetworkSpeedManagerEx( 2167): mIsStop = false
D/NetworkSpeedManagerEx( 2167): doInBackground
D/NetworkSpeedManagerEx( 2167): onPostExecute
I/NetworkSpeedManagerEx( 2167):  value = 467.0
I/NetworkSpeedManagerEx( 2167): speed = 467B/s
I/NetworkSpeedView( 2167): /update(), speed=467B/s
W/View    ( 2167): requestLayout() improperly called by com.android.systemui.statusbar.phone.IconMerger{4f553c V.E...... ......I. 0,0-54,72 #7f1000c3 app:id/notificationIcons} during layout: running second layout pass
D/HwArpVerifier( 1255): performPollAndLog:
D/hw_netstat( 1255): total/0/0
W/View    ( 2167): requestLayout() improperly called by com.android.systemui.statusbar.phone.IconMerger{4f553c V.E...... ........ 0,0-54,72 #7f1000c3 app:id/notificationIcons} during second layout pass: posting in next frame
D/WifiHW  ( 1255): wifi_send_command: cmd:'IFNAME=wlan0 SIGNAL_POLL'
D/wpa_supplicant( 2050): wlan0: Control interface command 'SIGNAL_POLL'
E/wpa_supplicant( 2050): RSSI=-48;LINKSPEED=72;NOISE=9999;FREQUENCY=2462;
D/wpa_supplicant( 2050): CTRL-DEBUG: global_ctrl_sock-sendto: sock=16 sndbuf=212992 outq=0 send_len=48
E/WifiConfigStore( 1255): updateConfiguration freq=2462 BSSID=c8:3a:35:12:cf:e8 RSSI=-47 "ccc"WPA_PSK
I/MSM-irqbalance(  517): Decided to move IRQ131 from CPU4 to CPU5
I/NetworkSpeedManagerEx( 2167): mIsStop = false
D/NetworkSpeedManagerEx( 2167): doInBackground
D/NetworkSpeedManagerEx( 2167): onPostExecute
I/NetworkSpeedManagerEx( 2167):  value = 0.0
I/NetworkSpeedManagerEx( 2167): speed = 0K/s
I/NetworkSpeedView( 2167): /update(), speed=0K/s
W/View    ( 2167): requestLayout() improperly called by com.android.systemui.statusbar.phone.IconMerger{4f553c V.E...... ......I. 0,0-54,72 #7f1000c3 app:id/notificationIcons} during layout: running second layout pass
D/WifiHW  ( 1255): wifi_send_command: cmd:'IFNAME=wlan0 SIGNAL_POLL'
D/wpa_supplicant( 2050): wlan0: Control interface command 'SIGNAL_POLL'
E/wpa_supplicant( 2050): RSSI=-49;LINKSPEED=72;NOISE=9999;FREQUENCY=2462;
D/wpa_supplicant( 2050): CTRL-DEBUG: global_ctrl_sock-sendto: sock=16 sndbuf=212992 outq=0 send_len=48
E/WifiConfigStore( 1255): updateConfiguration freq=2462 BSSID=c8:3a:35:12:cf:e8 RSSI=-48 "ccc"WPA_PSK
D/WifiHW  ( 1255): wifi_send_command: cmd:'IFNAME=wlan0 PKTCNT_POLL'
D/wpa_supplicant( 2050): wlan0: Control interface command 'PKTCNT_POLL'
D/wpa_supplicant( 2050): CTRL-DEBUG: global_ctrl_sock-sendto: sock=16 sndbuf=212992 outq=0 send_len=29
D/HuaweiWifiWatchdogStateMachine( 1255): LM mrssi=-49
I/HuaweiWifiWatchdogStateMachine( 1255): spd good count:0, add sc:0.0, rate:1.0
I/HuaweiWifiWatchdogStateMachine( 1255): current mHighDataFlowRate = 1.0
I/HuaweiWifiWatchdogStateMachine( 1255): not any pkt, ignore this period chk result.
I/TrafficMonitor( 1255): expired arrive. level:-1
I/TrafficMonitor( 1255): update:rxPkts:0,txPkts:0,rxBytes:0,txBytes:0
I/TrafficMonitor( 1255): start expired. level:-1
I/TrafficMonitor( 1255): gettimer:interval=5000
I/TrafficMonitor( 1255): during_ms:5002,period_ms:2000
I/TrafficMonitor( 1255): count:282,rx_sum:0,tx_sum:0,rxBytes:0,during_ms:5002,rx_speed:0.0,tx_speed:0.0,rto:0.0
D/HuaweiWifiWatchdogStateMachine( 1255): speed: rxpkt:0, rxSpd:0B/s, txpkt:0, txSpd:0
D/HwArpVerifier( 1255): performPollAndLog:
D/hw_netstat( 1255): total/0/0
D/WifiHW  ( 1255): wifi_send_command: cmd:'IFNAME=wlan0 SIGNAL_POLL'
D/wpa_supplicant( 2050): wlan0: Control interface command 'SIGNAL_POLL'
E/wpa_supplicant( 2050): RSSI=-49;LINKSPEED=72;NOISE=9999;FREQUENCY=2462;
D/wpa_supplicant( 2050): CTRL-DEBUG: global_ctrl_sock-sendto: sock=16 sndbuf=212992 outq=0 send_len=48
E/WifiConfigStore( 1255): updateConfiguration freq=2462 BSSID=c8:3a:35:12:cf:e8 RSSI=-48 "ccc"WPA_PSK
I/NetworkSpeedManagerEx( 2167): mIsStop = false
D/NetworkSpeedManagerEx( 2167): doInBackground
D/NetworkSpeedManagerEx( 2167): onPostExecute
I/NetworkSpeedManagerEx( 2167):  value = 0.0
I/NetworkSpeedManagerEx( 2167): speed = 0K/s
I/NetworkSpeedView( 2167): /update(), speed=0K/s
W/View    ( 2167): requestLayout() improperly called by com.android.systemui.statusbar.phone.IconMerger{4f553c V.E...... ........ 0,0-54,72 #7f1000c3 app:id/notificationIcons} during second layout pass: posting in next frame
I/MSM-irqbalance(  517): Decided to move IRQ215 from CPU4 to CPU5
D/WifiHW  ( 1255): wifi_send_command: cmd:'IFNAME=wlan0 SIGNAL_POLL'
D/wpa_supplicant( 2050): wlan0: Control interface command 'SIGNAL_POLL'
E/wpa_supplicant( 2050): RSSI=-48;LINKSPEED=72;NOISE=9999;FREQUENCY=2462;
D/wpa_supplicant( 2050): CTRL-DEBUG: global_ctrl_sock-sendto: sock=16 sndbuf=212992 outq=0 send_len=48
E/WifiConfigStore( 1255): updateConfiguration freq=2462 BSSID=c8:3a:35:12:cf:e8 RSSI=-48 "ccc"WPA_PSK
I/NetworkSpeedManagerEx( 2167): mIsStop = false
D/NetworkSpeedManagerEx( 2167): doInBackground
D/NetworkSpeedManagerEx( 2167): onPostExecute
I/NetworkSpeedManagerEx( 2167):  value = 0.0
I/NetworkSpeedManagerEx( 2167): speed = 0K/s
I/NetworkSpeedView( 2167): /update(), speed=0K/s
E/HwPowerMonitor.Utils( 3567): ERROR reading null
E/HwPowerMonitor.Utils( 3567): ERROR reading null
E/HwPowerMonitor.Utils( 3567): ERROR reading null
I/TrafficMonitor( 1255): expired arrive. level:-1
I/TrafficMonitor( 1255): update:rxPkts:0,txPkts:0,rxBytes:0,txBytes:0
I/TrafficMonitor( 1255): start expired. level:-1
I/TrafficMonitor( 1255): gettimer:interval=5000
I/TrafficMonitor( 1255): during_ms:5002,period_ms:2000
I/TrafficMonitor( 1255): count:283,rx_sum:0,tx_sum:0,rxBytes:0,during_ms:5002,rx_speed:0.0,tx_speed:0.0,rto:0.0
D/HuaweiWifiWatchdogStateMachine( 1255): speed: rxpkt:0, rxSpd:0B/s, txpkt:0, txSpd:0
D/HwArpVerifier( 1255): check_wifi_state_mode = 0 mCheckStateToken=13 token13
D/HwArpVerifier( 1255): 192.168.2.1      0x1         0x6         c8:3a:35:12:cf:e8     *        wlan0
D/wifiserviceimpl( 1255): netmask =16777215
D/HwArpVerifier( 1255): ARP wlan0,addr: /192.168.2.106
D/HWMultiGW( 1255): setGateWay 192.168.2.1
D/HwArpVerifier( 1255): There are 1 mac address for gateway 
D/HwArpVerifier( 1255): mac is static ARP: c8:3a:35:12:cf:e8
D/HwArpVerifier( 1255): from HEART_CHECK transmit to state:HEART_CHECK
D/HwArpVerifier( 1255): msg what=124 arg1(token)=13 arg2(mode)=0 delay=30000
D/HwArpVerifier( 1255): performPollAndLog:
D/hw_netstat( 1255): total/0/0
D/WifiHW  ( 1255): wifi_send_command: cmd:'IFNAME=wlan0 SIGNAL_POLL'
D/wpa_supplicant( 2050): wlan0: Control interface command 'SIGNAL_POLL'
E/wpa_supplicant( 2050): RSSI=-47;LINKSPEED=72;NOISE=9999;FREQUENCY=2462;
D/wpa_supplicant( 2050): CTRL-DEBUG: global_ctrl_sock-sendto: sock=16 sndbuf=212992 outq=0 send_len=48
E/WifiConfigStore( 1255): updateConfiguration freq=2462 BSSID=c8:3a:35:12:cf:e8 RSSI=-47 "ccc"WPA_PSK
I/NetworkSpeedManagerEx( 2167): mIsStop = false
D/NetworkSpeedManagerEx( 2167): doInBackground
D/NetworkSpeedManagerEx( 2167): onPostExecute
I/NetworkSpeedManagerEx( 2167):  value = 0.0
I/NetworkSpeedManagerEx( 2167): speed = 0K/s
I/NetworkSpeedView( 2167): /update(), speed=0K/s
I/SendBroadcastPermission( 1255): action:android.intent.action.SIG_STR, mPermissionType:0
I/MQoS    ( 1255): onSignal: mSubId=1,currDataSubID=0
I/MQoS    ( 1255): received cell-signal:1
I/ActivityManager( 1255): collectReceiverComponents for intent: Intent { act=android.intent.action.SIG_STR flg=0x20000010 (has extras) }, receivers: null
W/ActivityManager( 1255): getRunningAppProcesses: caller 10099 does not hold REAL_GET_TASKS; limiting output
D/WifiHW  ( 1255): wifi_send_command: cmd:'IFNAME=wlan0 SIGNAL_POLL'
D/wpa_supplicant( 2050): wlan0: Control interface command 'SIGNAL_POLL'
E/wpa_supplicant( 2050): RSSI=-47;LINKSPEED=72;NOISE=9999;FREQUENCY=2462;
D/wpa_supplicant( 2050): CTRL-DEBUG: global_ctrl_sock-sendto: sock=16 sndbuf=212992 outq=0 send_len=48
E/WifiConfigStore( 1255): updateConfiguration freq=2462 BSSID=c8:3a:35:12:cf:e8 RSSI=-47 "ccc"WPA_PSK
D/WifiHW  ( 1255): wifi_send_command: cmd:'IFNAME=wlan0 PKTCNT_POLL'
D/wpa_supplicant( 2050): wlan0: Control interface command 'PKTCNT_POLL'
D/wpa_supplicant( 2050): CTRL-DEBUG: global_ctrl_sock-sendto: sock=16 sndbuf=212992 outq=0 send_len=29
D/HuaweiWifiWatchdogStateMachine( 1255): LM mrssi=-47
I/HuaweiWifiWatchdogStateMachine( 1255): spd good count:0, add sc:0.0, rate:1.0
I/HuaweiWifiWatchdogStateMachine( 1255): current mHighDataFlowRate = 1.0
I/HuaweiWifiWatchdogStateMachine( 1255): POta txb txg rxg:0, 1, 0. Lr =0% Totpkt=1
I/WifiProJNI( 1255): ######### CMD_QUERY_PKTS ########
D/WifiProJNI( 1255): send_cmd_kernel: cmd=1
D/WifiProJNI( 1255): Received kernel message payload: event 0
I/QosMonitor( 1255): postEventFromNative: msg=100,arg1=0,arg2=9
W/WifiProJNI( 1255): poll before: g_monitor_fd =137
I/MQoS    ( 1255): rtt=560,tcp_tx_pkts=155542,tcp_rx_pkts=344579
I/MQoS    ( 1255): QOS_level:0(0),DataDisable;use level-0
D/HuaweiWifiWatchdogStateMachine( 1255): dumpTcpResult: len=9,rtt=560,rttPkt=2,rttWn=165,cgt=0,cgtWn=0
I/HuaweiWifiWatchdogStateMachine( 1255): PTcp RTT:0, rtt pkt=0, tcp_rx=0, tcp_tx=0, tcp_reTran=0, rtRate=0
D/HuaweiWifiWatchdogStateMachine( 1255): mRssiBadCount =0, RSSI not bad.
D/HuaweiWifiWatchdogStateMachine( 1255): detectNetworkAvailable:hw.wifipro.dns_fail_count = 130
I/WifiProHistoryRecordManager( 1255): HomeApSwitchRate totalConnectHours:910, restTimeRate=0.862636
I/WifiProHistoryRecordManager( 1255): HomeApSwitchRate bssid:c8:3a:35:12:cf:e8, rate=0.3
I/HuaweiWifiWatchdogStateMachine( 1255): rs ota tcp lr rttvb bad: false, false, false, false, false; rsth:-75
D/HuaweiWifiWatchdogStateMachine( 1255): GSC:0, GSR:1.0, RSR:1.0, RTH:-75
D/HuaweiWifiWatchdogStateMachine( 1255): bqeLevel = 0 rtt=0,rtt_pkts=0 speed=0
I/HuaweiWifiWatchdogStateMachine( 1255):  pkt chk not bad, reset sc to 0.
D/HuaweiWifiWatchdogStateMachine( 1255): ### mPktChkBadCnt=0
I/MSM-irqbalance(  517): Decided to move IRQ155 from CPU4 to CPU5
D/HwGpsPowerTracker( 1255): ACTION_BATTERY_CHANGED pluggedType: 2
D/WifiService( 1255): onReceive, action:android.intent.action.BATTERY_CHANGED
D/WifiService( 1255): ACTION_BATTERY_CHANGED pluggedType: 2
D/PowerUI ( 2167): level:93-->93 status:2-->2 plugType:2-->2 invalidCharger:0-->0 bucket:1-->1 plugged:true-->true
D/HwPowerMonitor.Utils( 3567): ScrOff setChargingState mIsCharging = true
I/HwPowerMonitor.PowerExceptionObservable( 3567): unhandled onEvent actionID: 3002
W/HwPowerMonitor.DayActObserver( 3567): mModemLogStatsTimes = 0, ModemLogState = 0
W/HwPowerMonitor.DayActObserver( 3567): BAT_CHANGED, mIsScrnOffBatStatsEnabled = true, mIsCharging = true, mIsScrnOfBatDropMonitorStart = false
E/LocSvc_libulp( 1255): I/int ulp_msg_process_system_update(UlpSystemEvent): systemEvent:5 
E/LocSvc_libulp( 1255): I/int ulp_msg_process_start_req(), at ulp state = 1
E/LocSvc_api_v02( 1255): I/---> locClientSendReq line 2020 QMI_LOC_GET_BEST_AVAILABLE_POSITION_REQ_V02
E/LocSvc_ApiV02( 1255): I/<--- void globalRespCb(locClientHandleType, uint32_t, locClientRespIndUnionType, void*) line 115 QMI_LOC_GET_BEST_AVAILABLE_POSITION_REQ_V02
E/LocSvc_libulp( 1255): I/int ulp_brain_process_zpp_position_report(loc_sess_status, LocPosTechMask, UlpLocation*), report ZPP position to providers,report_position = 1
I/SendBroadcastPermission( 1255): action:android.net.conn.DATA_ACTIVITY_CHANGE, mPermissionType:0
E/NetlinkEvent(  396): NetlinkEvent::FindParam(): Parameter 'UID' not found
W/SocketListener(  396): sending broadcast to Pid = 1255, Uid = 1000 
D/NetdConnector( 1255): RCV <- {613 IfaceClass idle 1 61169103796429}
D/NetdConnector( 1255): RCV <- {613 IfaceClass idle 1 61169103796429}
D/NetdConnector( 1255): RCV unsolicited event from native daemon, event = 613 IfaceClass idle 1 61169103796429
D/NetworkManagement( 1255): notifyInterfaceClassActivity: client is com.android.server.net.NetworkStatsService$7@1a816f6
D/NetworkManagement( 1255): notifyInterfaceClassActivity: client is com.android.server.ethernet.EthernetNetworkFactory$InterfaceObserver@85e82e9
D/NetworkManagement( 1255): notifyInterfaceClassActivity: client is com.android.server.net.NetworkPolicyManagerService$14@9262107
D/NetworkManagement( 1255): notifyInterfaceClassActivity: client is com.android.server.connectivity.Tethering@9baa873
D/NetworkManagement( 1255): notifyInterfaceClassActivity: client is com.android.server.net.NetlinkTracker@c7648ba
D/NetworkManagement( 1255): notifyInterfaceClassActivity: client is android.net.INetworkManagementEventObserver$Stub$Proxy@87e9ea6
D/NetworkManagement( 1255): notifyInterfaceClassActivity: client is com.android.server.connectivity.Vpn$3@d8d6788
D/NetworkManagement( 1255): notifyInterfaceClassActivity: client is com.android.server.ConnectivityService$2@fbef330
I/ActivityManager( 1255): collectReceiverComponents for intent: Intent { act=android.net.conn.DATA_ACTIVITY_CHANGE flg=0x10 (has extras) }, receivers: null
D/WifiHW  ( 1255): wifi_send_command: cmd:'IFNAME=wlan0 SIGNAL_POLL'
D/wpa_supplicant( 2050): wlan0: Control interface command 'SIGNAL_POLL'
E/wpa_supplicant( 2050): RSSI=-48;LINKSPEED=72;NOISE=9999;FREQUENCY=2462;
D/wpa_supplicant( 2050): CTRL-DEBUG: global_ctrl_sock-sendto: sock=16 sndbuf=212992 outq=0 send_len=48
E/WifiConfigStore( 1255): updateConfiguration freq=2462 BSSID=c8:3a:35:12:cf:e8 RSSI=-47 "ccc"WPA_PSK
I/TrafficMonitor( 1255): expired arrive. level:-1
I/TrafficMonitor( 1255): update:rxPkts:0,txPkts:0,rxBytes:0,txBytes:0
I/TrafficMonitor( 1255): start expired. level:-1
I/TrafficMonitor( 1255): gettimer:interval=5000
I/TrafficMonitor( 1255): during_ms:5002,period_ms:2000
I/TrafficMonitor( 1255): count:284,rx_sum:0,tx_sum:0,rxBytes:0,during_ms:5002,rx_speed:0.0,tx_speed:0.0,rto:0.0
D/HuaweiWifiWatchdogStateMachine( 1255): speed: rxpkt:0, rxSpd:0B/s, txpkt:0, txSpd:0
I/NetworkSpeedManagerEx( 2167): mIsStop = false
D/NetworkSpeedManagerEx( 2167): doInBackground
D/NetworkSpeedManagerEx( 2167): onPostExecute
I/NetworkSpeedManagerEx( 2167):  value = 0.0
I/NetworkSpeedManagerEx( 2167): speed = 0K/s
I/NetworkSpeedView( 2167): /update(), speed=0K/s
D/HwArpVerifier( 1255): performPollAndLog:
D/hw_netstat( 1255): total/0/0
D/WifiHW  ( 1255): wifi_send_command: cmd:'IFNAME=wlan0 SIGNAL_POLL'
D/wpa_supplicant( 2050): wlan0: Control interface command 'SIGNAL_POLL'
E/wpa_supplicant( 2050): RSSI=-47;LINKSPEED=72;NOISE=9999;FREQUENCY=2462;
D/wpa_supplicant( 2050): CTRL-DEBUG: global_ctrl_sock-sendto: sock=16 sndbuf=212992 outq=0 send_len=48
E/WifiConfigStore( 1255): updateConfiguration freq=2462 BSSID=c8:3a:35:12:cf:e8 RSSI=-47 "ccc"WPA_PSK
I/MSM-irqbalance(  517): Decided to move IRQ130 from CPU4 to CPU5
I/NetworkSpeedManagerEx( 2167): mIsStop = false
D/NetworkSpeedManagerEx( 2167): doInBackground
D/NetworkSpeedManagerEx( 2167): onPostExecute
I/NetworkSpeedManagerEx( 2167):  value = 0.0
I/NetworkSpeedManagerEx( 2167): speed = 0K/s
I/NetworkSpeedView( 2167): /update(), speed=0K/s
I/System.out( 7378): Crash report failure: empty
E/HwPowerMonitor.Utils( 3567): ERROR reading null
E/HwPowerMonitor.Utils( 3567): ERROR reading null
E/HwPowerMonitor.Utils( 3567): ERROR reading null
I/TrafficMonitor( 1255): expired arrive. level:-1
I/TrafficMonitor( 1255): update:rxPkts:0,txPkts:0,rxBytes:0,txBytes:0
I/TrafficMonitor( 1255): start expired. level:-1
I/TrafficMonitor( 1255): gettimer:interval=5000
I/TrafficMonitor( 1255): during_ms:5003,period_ms:2000
I/TrafficMonitor( 1255): count:285,rx_sum:0,tx_sum:0,rxBytes:0,during_ms:5003,rx_speed:0.0,tx_speed:0.0,rto:0.0
D/HuaweiWifiWatchdogStateMachine( 1255): speed: rxpkt:0, rxSpd:0B/s, txpkt:0, txSpd:0
D/WifiHW  ( 1255): wifi_send_command: cmd:'IFNAME=wlan0 SIGNAL_POLL'
D/wpa_supplicant( 2050): wlan0: Control interface command 'SIGNAL_POLL'
E/wpa_supplicant( 2050): RSSI=-46;LINKSPEED=72;NOISE=9999;FREQUENCY=2462;
D/wpa_supplicant( 2050): CTRL-DEBUG: global_ctrl_sock-sendto: sock=16 sndbuf=212992 outq=0 send_len=48
E/WifiConfigStore( 1255): updateConfiguration freq=2462 BSSID=c8:3a:35:12:cf:e8 RSSI=-46 "ccc"WPA_PSK
D/WifiHW  ( 1255): wifi_send_command: cmd:'IFNAME=wlan0 PKTCNT_POLL'
D/wpa_supplicant( 2050): wlan0: Control interface command 'PKTCNT_POLL'
D/wpa_supplicant( 2050): CTRL-DEBUG: global_ctrl_sock-sendto: sock=16 sndbuf=212992 outq=0 send_len=29
D/HuaweiWifiWatchdogStateMachine( 1255): LM mrssi=-46
I/HuaweiWifiWatchdogStateMachine( 1255): spd good count:0, add sc:0.0, rate:1.0
I/HuaweiWifiWatchdogStateMachine( 1255): current mHighDataFlowRate = 1.0
I/HuaweiWifiWatchdogStateMachine( 1255): not any pkt, ignore this period chk result.
D/WifiHW  ( 1255): wifi_send_command: cmd:'IFNAME=wlan0 SIGNAL_POLL'
D/wpa_supplicant( 2050): wlan0: Control interface command 'SIGNAL_POLL'
E/wpa_supplicant( 2050): RSSI=-47;LINKSPEED=72;NOISE=9999;FREQUENCY=2462;
D/wpa_supplicant( 2050): CTRL-DEBUG: global_ctrl_sock-sendto: sock=16 sndbuf=212992 outq=0 send_len=48
E/WifiConfigStore( 1255): updateConfiguration freq=2462 BSSID=c8:3a:35:12:cf:e8 RSSI=-46 "ccc"WPA_PSK
I/NetworkSpeedManagerEx( 2167): mIsStop = false
D/NetworkSpeedManagerEx( 2167): doInBackground
D/NetworkSpeedManagerEx( 2167): onPostExecute
I/NetworkSpeedManagerEx( 2167):  value = 0.0
I/NetworkSpeedManagerEx( 2167): speed = 0K/s
I/NetworkSpeedView( 2167): /update(), speed=0K/s
D/HwArpVerifier( 1255): performPollAndLog:
D/hw_netstat( 1255): total/0/0
D/HwBatteryService( 1255): onUEvent fcp_values = 0
D/PowerUI ( 2167): level:93-->93 status:2-->2 plugType:2-->2 invalidCharger:0-->0 bucket:1-->1 plugged:true-->true
D/HwGpsPowerTracker( 1255): ACTION_BATTERY_CHANGED pluggedType: 2
D/HwPowerMonitor.Utils( 3567): ScrOff setChargingState mIsCharging = true
I/HwPowerMonitor.PowerExceptionObservable( 3567): unhandled onEvent actionID: 3002
W/HwPowerMonitor.DayActObserver( 3567): mModemLogStatsTimes = 0, ModemLogState = 0
W/HwPowerMonitor.DayActObserver( 3567): BAT_CHANGED, mIsScrnOffBatStatsEnabled = true, mIsCharging = true, mIsScrnOfBatDropMonitorStart = false
D/WifiService( 1255): onReceive, action:android.intent.action.BATTERY_CHANGED
D/WifiService( 1255): ACTION_BATTERY_CHANGED pluggedType: 2
E/TempMonitor.TempLogCollector( 9858): getTempInfo error: null, 0
E/TempMonitor.TempLogCollector( 9858): getTempInfo error: null, 0
E/TempMonitor.TempLogCollector( 9858): getTempInfo error: null, 0
E/TempMonitor.TempLogCollector( 9858): getTempInfo error: null, 0
E/TempMonitor.TempLogCollector( 9858): getTempInfo error: null, 0
E/TempMonitor.TempLogCollector( 9858): getTempInfo error: null, 0
E/TempMonitor.TempLogCollector( 9858): getTempInfo error: null, 0
E/TempMonitor.TempLogCollector( 9858): getTempInfo error: null, 0
E/TempMonitor.TempLogCollector( 9858): getTempInfo error: null, 0
E/TempMonitor.TempLogCollector( 9858): getTempInfo error: null, 0
I/SendBroadcastPermission( 1255): action:android.net.conn.DATA_ACTIVITY_CHANGE, mPermissionType:0
E/NetlinkEvent(  396): NetlinkEvent::FindParam(): Parameter 'UID' not found
W/SocketListener(  396): sending broadcast to Pid = 1255, Uid = 1000 
D/NetdConnector( 1255): RCV <- {613 IfaceClass active 1 61177325174291}
D/NetdConnector( 1255): RCV <- {613 IfaceClass active 1 61177325174291}
D/NetdConnector( 1255): RCV unsolicited event from native daemon, event = 613 IfaceClass active 1 61177325174291
D/NetworkManagement( 1255): notifyInterfaceClassActivity: client is com.android.server.net.NetworkStatsService$7@1a816f6
D/NetworkManagement( 1255): notifyInterfaceClassActivity: client is com.android.server.ethernet.EthernetNetworkFactory$InterfaceObserver@85e82e9
D/NetworkManagement( 1255): notifyInterfaceClassActivity: client is com.android.server.net.NetworkPolicyManagerService$14@9262107
D/NetworkManagement( 1255): notifyInterfaceClassActivity: client is com.android.server.connectivity.Tethering@9baa873
D/NetworkManagement( 1255): notifyInterfaceClassActivity: client is com.android.server.net.NetlinkTracker@c7648ba
D/NetworkManagement( 1255): notifyInterfaceClassActivity: client is android.net.INetworkManagementEventObserver$Stub$Proxy@87e9ea6
D/NetworkManagement( 1255): notifyInterfaceClassActivity: client is com.android.server.connectivity.Vpn$3@d8d6788
D/NetworkManagement( 1255): notifyInterfaceClassActivity: client is com.android.server.ConnectivityService$2@fbef330
I/ActivityManager( 1255): collectReceiverComponents for intent: Intent { act=android.net.conn.DATA_ACTIVITY_CHANGE flg=0x10 (has extras) }, receivers: null
W/ActivityManager( 1255): getRunningAppProcesses: caller 10099 does not hold REAL_GET_TASKS; limiting output
D/WifiHW  ( 1255): wifi_send_command: cmd:'IFNAME=wlan0 SIGNAL_POLL'
D/wpa_supplicant( 2050): wlan0: Control interface command 'SIGNAL_POLL'
E/wpa_supplicant( 2050): RSSI=-47;LINKSPEED=72;NOISE=9999;FREQUENCY=2462;
D/wpa_supplicant( 2050): CTRL-DEBUG: global_ctrl_sock-sendto: sock=16 sndbuf=212992 outq=0 send_len=48
E/WifiConfigStore( 1255): updateConfiguration freq=2462 BSSID=c8:3a:35:12:cf:e8 RSSI=-46 "ccc"WPA_PSK
I/NetworkSpeedManagerEx( 2167): mIsStop = false
D/NetworkSpeedManagerEx( 2167): doInBackground
D/NetworkSpeedManagerEx( 2167): onPostExecute
I/NetworkSpeedManagerEx( 2167):  value = 40.0
I/NetworkSpeedManagerEx( 2167): speed = 40B/s
I/NetworkSpeedView( 2167): /update(), speed=40B/s
W/View    ( 2167): requestLayout() improperly called by com.android.systemui.statusbar.phone.IconMerger{4f553c V.E...... ......I. 0,0-54,72 #7f1000c3 app:id/notificationIcons} during layout: running second layout pass
I/TrafficMonitor( 1255): expired arrive. level:-1
I/TrafficMonitor( 1255): update:rxPkts:0,txPkts:4,rxBytes:0,txBytes:160
I/TrafficMonitor( 1255): start expired. level:-1
I/TrafficMonitor( 1255): gettimer:interval=2000
I/TrafficMonitor( 1255): during_ms:5002,period_ms:2000
I/TrafficMonitor( 1255): count:286,rx_sum:0,tx_sum:4,rxBytes:0,during_ms:5002,rx_speed:0.0,tx_speed:31.98720511795282,rto:0.0
D/HuaweiWifiWatchdogStateMachine( 1255): speed: rxpkt:0, rxSpd:0B/s, txpkt:4, txSpd:31
W/View    ( 2167): requestLayout() improperly called by com.android.systemui.statusbar.phone.IconMerger{4f553c V.E...... ........ 0,0-54,72 #7f1000c3 app:id/notificationIcons} during second layout pass: posting in next frame
D/HwArpVerifier( 1255): performPollAndLog:
D/hw_netstat( 1255): total/0/160,unknown:0/0/120,com.baidu.map.location/0/40
D/WifiHW  ( 1255): wifi_send_command: cmd:'IFNAME=wlan0 SIGNAL_POLL'
D/wpa_supplicant( 2050): wlan0: Control interface command 'SIGNAL_POLL'
E/wpa_supplicant( 2050): RSSI=-48;LINKSPEED=72;NOISE=9999;FREQUENCY=2462;
D/wpa_supplicant( 2050): CTRL-DEBUG: global_ctrl_sock-sendto: sock=16 sndbuf=212992 outq=0 send_len=48
E/WifiConfigStore( 1255): updateConfiguration freq=2462 BSSID=c8:3a:35:12:cf:e8 RSSI=-47 "ccc"WPA_PSK
I/TrafficMonitor( 1255): update:rxPkts:0,txPkts:0,rxBytes:0,txBytes:0
I/TrafficMonitor( 1255): start expired. level:-1
I/TrafficMonitor( 1255): gettimer:interval=2000
I/SocketReaderNew( 2695): SocketReader(390) continue
D/MSF.C.NetConnTag( 2695): MsfCoreSocketReaderNew closeConn readError
D/MSF.C.NetConnTag( 2695): conn is already closed on readError
W/System.err( 2695): java.net.SocketException: Socket is closed
W/System.err( 2695): 	at java.net.Socket.checkOpenAndCreate(Socket.java:718)
W/System.err( 2695): 	at java.net.Socket.getSoTimeout(Socket.java:507)
W/System.err( 2695): 	at com.tencent.qphone.base.util.MsfSocketInputBuffer.isDataAvailable(MsfSocketInputBuffer.java:71)
W/System.err( 2695): 	at com.tencent.mobileqq.msf.core.net.l$b.run(SocketEngine.java:494)
I/SocketReaderNew( 2695): SocketReader(390) wait
I/NetworkSpeedManagerEx( 2167): mIsStop = false
D/NetworkSpeedManagerEx( 2167): doInBackground
D/NetworkSpeedManagerEx( 2167): onPostExecute
I/NetworkSpeedManagerEx( 2167):  value = 13.333333
I/NetworkSpeedManagerEx( 2167): speed = 13B/s
I/NetworkSpeedView( 2167): /update(), speed=13B/s
D/WifiHW  ( 1255): wifi_send_command: cmd:'IFNAME=wlan0 SIGNAL_POLL'
D/wpa_supplicant( 2050): wlan0: Control interface command 'SIGNAL_POLL'
E/wpa_supplicant( 2050): RSSI=-47;LINKSPEED=72;NOISE=9999;FREQUENCY=2462;
D/wpa_supplicant( 2050): CTRL-DEBUG: global_ctrl_sock-sendto: sock=16 sndbuf=212992 outq=0 send_len=48
E/WifiConfigStore( 1255): updateConfiguration freq=2462 BSSID=c8:3a:35:12:cf:e8 RSSI=-47 "ccc"WPA_PSK
D/WifiHW  ( 1255): wifi_send_command: cmd:'IFNAME=wlan0 PKTCNT_POLL'
D/wpa_supplicant( 2050): wlan0: Control interface command 'PKTCNT_POLL'
D/wpa_supplicant( 2050): CTRL-DEBUG: global_ctrl_sock-sendto: sock=16 sndbuf=212992 outq=0 send_len=29
D/HuaweiWifiWatchdogStateMachine( 1255): LM mrssi=-47
I/HuaweiWifiWatchdogStateMachine( 1255): spd good count:0, add sc:0.0, rate:1.0
D/HuaweiWifiWatchdogStateMachine( 1255): high data flow: protection_counter = 0,  not_detect_counter = 21
D/HuaweiWifiWatchdogStateMachine( 1255): high data flow scenario: 0 --> 0 rx bytes =1KB
I/HuaweiWifiWatchdogStateMachine( 1255): current mHighDataFlowRate = 1.0
I/HuaweiWifiWatchdogStateMachine( 1255): POta txb txg rxg:0, 4, 0. Lr =0% Totpkt=4
I/WifiProJNI( 1255): ######### CMD_QUERY_PKTS ########
D/WifiProJNI( 1255): send_cmd_kernel: cmd=1
D/WifiProJNI( 1255): Received kernel message payload: event 0
I/QosMonitor( 1255): postEventFromNative: msg=100,arg1=0,arg2=9
W/WifiProJNI( 1255): poll before: g_monitor_fd =137
I/MQoS    ( 1255): rtt=560,tcp_tx_pkts=155546,tcp_rx_pkts=344579
I/MQoS    ( 1255): QOS_level:0(0),DataDisable;use level-0
D/HuaweiWifiWatchdogStateMachine( 1255): dumpTcpResult: len=9,rtt=560,rttPkt=2,rttWn=181,cgt=16,cgtWn=2380858
I/HuaweiWifiWatchdogStateMachine( 1255): PTcp RTT:0, rtt pkt=0, tcp_rx=0, tcp_tx=4, tcp_reTran=3, rtRate=0.75
D/HuaweiWifiWatchdogStateMachine( 1255): mRssiBadCount =0, RSSI not bad.
D/HuaweiWifiWatchdogStateMachine( 1255): detectNetworkAvailable:hw.wifipro.dns_fail_count = 130
D/HuaweiWifiWatchdogStateMachine( 1255): detectNetworkAvailable: tcpTxPkts > 2
I/WifiProHistoryRecordManager( 1255): HomeApSwitchRate totalConnectHours:910, restTimeRate=0.862636
I/WifiProHistoryRecordManager( 1255): HomeApSwitchRate bssid:c8:3a:35:12:cf:e8, rate=0.3
I/HuaweiWifiWatchdogStateMachine( 1255): rs ota tcp lr rttvb bad: false, false, false, false, false; rsth:-75
D/HuaweiWifiWatchdogStateMachine( 1255): GSC:0, GSR:1.0, RSR:1.0, RTH:-75
I/HuaweiWifiWatchdogStateMachine( 1255): after backoff rssi th: -75, next TH:-75
D/HuaweiWifiWatchdogStateMachine( 1255): bqeLevel = 0 rtt=0,rtt_pkts=0 speed=0
I/HuaweiWifiWatchdogStateMachine( 1255):  pkt chk not bad, reset sc to 0.
D/HuaweiWifiWatchdogStateMachine( 1255): ### mPktChkBadCnt=0
I/TrafficMonitor( 1255): update:rxPkts:0,txPkts:0,rxBytes:0,txBytes:0
I/TrafficMonitor( 1255): start expired. level:-1
I/TrafficMonitor( 1255): gettimer:interval=2000
I/System.out( 8926): Crash report failure: empty
E/HwPowerMonitor.Utils( 3567): ERROR reading null
E/HwPowerMonitor.Utils( 3567): ERROR reading null
E/HwPowerMonitor.Utils( 3567): ERROR reading null
D/WifiHW  ( 1255): wifi_send_command: cmd:'IFNAME=wlan0 SIGNAL_POLL'
D/wpa_supplicant( 2050): wlan0: Control interface command 'SIGNAL_POLL'
E/wpa_supplicant( 2050): RSSI=-47;LINKSPEED=72;NOISE=9999;FREQUENCY=2462;
D/wpa_supplicant( 2050): CTRL-DEBUG: global_ctrl_sock-sendto: sock=16 sndbuf=212992 outq=0 send_len=48
E/WifiConfigStore( 1255): updateConfiguration freq=2462 BSSID=c8:3a:35:12:cf:e8 RSSI=-47 "ccc"WPA_PSK
I/TrafficMonitor( 1255): expired arrive. level:-1
I/TrafficMonitor( 1255): during_ms:2002,period_ms:2000
I/TrafficMonitor( 1255): count:288,rx_sum:0,tx_sum:0,rxBytes:0,during_ms:2002,rx_speed:0.0,tx_speed:0.0,rto:0.0
D/HuaweiWifiWatchdogStateMachine( 1255): speed: rxpkt:0, rxSpd:0B/s, txpkt:0, txSpd:0
I/NetworkSpeedManagerEx( 2167): mIsStop = false
D/NetworkSpeedManagerEx( 2167): doInBackground
D/NetworkSpeedManagerEx( 2167): onPostExecute
I/NetworkSpeedManagerEx( 2167):  value = 150.66667
I/NetworkSpeedManagerEx( 2167): speed = 151B/s
I/NetworkSpeedView( 2167): /update(), speed=151B/s
W/View    ( 2167): requestLayout() improperly called by com.android.systemui.statusbar.phone.IconMerger{4f553c V.E...... ......I. 0,0-54,72 #7f1000c3 app:id/notificationIcons} during layout: running second layout pass
D/VM_BMS  (  460): wake_lock acquired
D/VM_BMS  (  460): New BMS data - Size=56
D/VM_BMS  (  460): Start process_bms_data
D/VM_BMS  (  460): For batt_temp=289 fcc_mah=3054
D/VM_BMS  (  460): For ocv=4225516 batt_temp=289 soc=93
D/VM_BMS  (  460): fifo_count=5 acc_count=0
D/VM_BMS  (  460): INIT: ocv=4225516 last_ocv=4225516 batt_temp=289 soc=93
D/VM_BMS  (  460): For soc=93 batt_temp=289 slope=11000
D/VM_BMS  (  460): For soc=93 batt_temp=289 rbatt_sf=98
D/VM_BMS  (  460): rbatt_mohm_default=139, rbatt_mohm=136, sf=98 batt_temp=289
D/VM_BMS  (  460): For ocv=4225526 batt_temp=289 soc=93
